Archive member included to satisfy reference by file (symbol)

d:/programs/tools/arm gnu toolchain arm-none-eabi/11.3 rel1/bin/../lib/gcc/arm-none-eabi/11.3.1/thumb/v7-m/nofp\libc_nano.a(libc_a-exit.o)
                              d:/programs/tools/arm gnu toolchain arm-none-eabi/11.3 rel1/bin/../lib/gcc/arm-none-eabi/11.3.1/thumb/v7-m/nofp/crt0.o (exit)
d:/programs/tools/arm gnu toolchain arm-none-eabi/11.3 rel1/bin/../lib/gcc/arm-none-eabi/11.3.1/thumb/v7-m/nofp\libc_nano.a(libc_a-findfp.o)
                              d:/programs/tools/arm gnu toolchain arm-none-eabi/11.3 rel1/bin/../lib/gcc/arm-none-eabi/11.3.1/thumb/v7-m/nofp\libc_nano.a(libc_a-exit.o) (__stdio_exit_handler)
d:/programs/tools/arm gnu toolchain arm-none-eabi/11.3 rel1/bin/../lib/gcc/arm-none-eabi/11.3.1/thumb/v7-m/nofp\libc_nano.a(libc_a-fwalk.o)
                              d:/programs/tools/arm gnu toolchain arm-none-eabi/11.3 rel1/bin/../lib/gcc/arm-none-eabi/11.3.1/thumb/v7-m/nofp\libc_nano.a(libc_a-findfp.o) (_fwalk_sglue)
d:/programs/tools/arm gnu toolchain arm-none-eabi/11.3 rel1/bin/../lib/gcc/arm-none-eabi/11.3.1/thumb/v7-m/nofp\libc_nano.a(libc_a-stdio.o)
                              d:/programs/tools/arm gnu toolchain arm-none-eabi/11.3 rel1/bin/../lib/gcc/arm-none-eabi/11.3.1/thumb/v7-m/nofp\libc_nano.a(libc_a-findfp.o) (__sread)
d:/programs/tools/arm gnu toolchain arm-none-eabi/11.3 rel1/bin/../lib/gcc/arm-none-eabi/11.3.1/thumb/v7-m/nofp\libc_nano.a(libc_a-memset.o)
                              d:/programs/tools/arm gnu toolchain arm-none-eabi/11.3 rel1/bin/../lib/gcc/arm-none-eabi/11.3.1/thumb/v7-m/nofp/crt0.o (memset)
d:/programs/tools/arm gnu toolchain arm-none-eabi/11.3 rel1/bin/../lib/gcc/arm-none-eabi/11.3.1/thumb/v7-m/nofp\libc_nano.a(libc_a-closer.o)
                              d:/programs/tools/arm gnu toolchain arm-none-eabi/11.3 rel1/bin/../lib/gcc/arm-none-eabi/11.3.1/thumb/v7-m/nofp\libc_nano.a(libc_a-stdio.o) (_close_r)
d:/programs/tools/arm gnu toolchain arm-none-eabi/11.3 rel1/bin/../lib/gcc/arm-none-eabi/11.3.1/thumb/v7-m/nofp\libc_nano.a(libc_a-reent.o)
                              d:/programs/tools/arm gnu toolchain arm-none-eabi/11.3 rel1/bin/../lib/gcc/arm-none-eabi/11.3.1/thumb/v7-m/nofp\libc_nano.a(libc_a-closer.o) (errno)
d:/programs/tools/arm gnu toolchain arm-none-eabi/11.3 rel1/bin/../lib/gcc/arm-none-eabi/11.3.1/thumb/v7-m/nofp\libc_nano.a(libc_a-impure.o)
                              d:/programs/tools/arm gnu toolchain arm-none-eabi/11.3 rel1/bin/../lib/gcc/arm-none-eabi/11.3.1/thumb/v7-m/nofp\libc_nano.a(libc_a-reent.o) (_impure_ptr)
d:/programs/tools/arm gnu toolchain arm-none-eabi/11.3 rel1/bin/../lib/gcc/arm-none-eabi/11.3.1/thumb/v7-m/nofp\libc_nano.a(libc_a-lseekr.o)
                              d:/programs/tools/arm gnu toolchain arm-none-eabi/11.3 rel1/bin/../lib/gcc/arm-none-eabi/11.3.1/thumb/v7-m/nofp\libc_nano.a(libc_a-stdio.o) (_lseek_r)
d:/programs/tools/arm gnu toolchain arm-none-eabi/11.3 rel1/bin/../lib/gcc/arm-none-eabi/11.3.1/thumb/v7-m/nofp\libc_nano.a(libc_a-readr.o)
                              d:/programs/tools/arm gnu toolchain arm-none-eabi/11.3 rel1/bin/../lib/gcc/arm-none-eabi/11.3.1/thumb/v7-m/nofp\libc_nano.a(libc_a-stdio.o) (_read_r)
d:/programs/tools/arm gnu toolchain arm-none-eabi/11.3 rel1/bin/../lib/gcc/arm-none-eabi/11.3.1/thumb/v7-m/nofp\libc_nano.a(libc_a-writer.o)
                              d:/programs/tools/arm gnu toolchain arm-none-eabi/11.3 rel1/bin/../lib/gcc/arm-none-eabi/11.3.1/thumb/v7-m/nofp\libc_nano.a(libc_a-stdio.o) (_write_r)
d:/programs/tools/arm gnu toolchain arm-none-eabi/11.3 rel1/bin/../lib/gcc/arm-none-eabi/11.3.1/thumb/v7-m/nofp\libc_nano.a(libc_a-errno.o)
                              build/sysmem.o (__errno)
d:/programs/tools/arm gnu toolchain arm-none-eabi/11.3 rel1/bin/../lib/gcc/arm-none-eabi/11.3.1/thumb/v7-m/nofp\libc_nano.a(libc_a-init.o)
                              d:/programs/tools/arm gnu toolchain arm-none-eabi/11.3 rel1/bin/../lib/gcc/arm-none-eabi/11.3.1/thumb/v7-m/nofp/crt0.o (__libc_init_array)
d:/programs/tools/arm gnu toolchain arm-none-eabi/11.3 rel1/bin/../lib/gcc/arm-none-eabi/11.3.1/thumb/v7-m/nofp\libc_nano.a(libc_a-lock.o)
                              d:/programs/tools/arm gnu toolchain arm-none-eabi/11.3 rel1/bin/../lib/gcc/arm-none-eabi/11.3.1/thumb/v7-m/nofp\libc_nano.a(libc_a-findfp.o) (__retarget_lock_init_recursive)
d:/programs/tools/arm gnu toolchain arm-none-eabi/11.3 rel1/bin/../lib/gcc/arm-none-eabi/11.3.1/thumb/v7-m/nofp\libc_nano.a(libc_a-freer.o)
                              d:/programs/tools/arm gnu toolchain arm-none-eabi/11.3 rel1/bin/../lib/gcc/arm-none-eabi/11.3.1/thumb/v7-m/nofp\libc_nano.a(libc_a-reent.o) (_free_r)
d:/programs/tools/arm gnu toolchain arm-none-eabi/11.3 rel1/bin/../lib/gcc/arm-none-eabi/11.3.1/thumb/v7-m/nofp\libc_nano.a(libc_a-mallocr.o)
[...]
Memory Configuration

Name             Origin             Length             Attributes
RAM              0x20000000         0x00005000         xrw
FLASH            0x08000000         0x00010000         xr
*default*        0x00000000         0xffffffff

Linker script and memory map

LOAD d:/programs/tools/arm gnu toolchain arm-none-eabi/11.3 rel1/bin/../lib/gcc/arm-none-eabi/11.3.1/thumb/v7-m/nofp/crti.o
LOAD d:/programs/tools/arm gnu toolchain arm-none-eabi/11.3 rel1/bin/../lib/gcc/arm-none-eabi/11.3.1/thumb/v7-m/nofp/crtbegin.o
LOAD d:/programs/tools/arm gnu toolchain arm-none-eabi/11.3 rel1/bin/../lib/gcc/arm-none-eabi/11.3.1/thumb/v7-m/nofp/crt0.o
LOAD build/main.o
LOAD build/gpio.o
LOAD build/spi.o
LOAD build/stm32f1xx_it.o
LOAD build/stm32f1xx_hal_msp.o
LOAD build/stm32f1xx_hal_gpio_ex.o
LOAD build/stm32f1xx_hal_spi.o
LOAD build/stm32f1xx_hal.o
LOAD build/stm32f1xx_hal_rcc.o
LOAD build/stm32f1xx_hal_rcc_ex.o
LOAD build/stm32f1xx_hal_gpio.o
LOAD build/stm32f1xx_hal_dma.o
LOAD build/stm32f1xx_hal_cortex.o
LOAD build/stm32f1xx_hal_pwr.o
LOAD build/stm32f1xx_hal_flash.o
LOAD build/stm32f1xx_hal_flash_ex.o
LOAD build/stm32f1xx_hal_exti.o
LOAD build/stm32f1xx_hal_tim.o
LOAD build/stm32f1xx_hal_tim_ex.o
LOAD build/system_stm32f1xx.o
LOAD build/sysmem.o
LOAD build/syscalls.o
LOAD build/adf4351.o
LOAD build/nrf24l01p.o
LOAD build/tim.o
LOAD build/startup_stm32f103xb.o
LOAD d:/programs/tools/arm gnu toolchain arm-none-eabi/11.3 rel1/bin/../lib/gcc/arm-none-eabi/11.3.1/thumb/v7-m/nofp\libc_nano.a
LOAD d:/programs/tools/arm gnu toolchain arm-none-eabi/11.3 rel1/bin/../lib/gcc/arm-none-eabi/11.3.1/thumb/v7-m/nofp\libm.a
LOAD d:/programs/tools/arm gnu toolchain arm-none-eabi/11.3 rel1/bin/../lib/gcc/arm-none-eabi/11.3.1/thumb/v7-m/nofp\libnosys.a
START GROUP
LOAD d:/programs/tools/arm gnu toolchain arm-none-eabi/11.3 rel1/bin/../lib/gcc/arm-none-eabi/11.3.1/thumb/v7-m/nofp\libgcc.a
LOAD d:/programs/tools/arm gnu toolchain arm-none-eabi/11.3 rel1/bin/../lib/gcc/arm-none-eabi/11.3.1/thumb/v7-m/nofp\libc_nano.a
END GROUP
START GROUP
LOAD d:/programs/tools/arm gnu toolchain arm-none-eabi/11.3 rel1/bin/../lib/gcc/arm-none-eabi/11.3.1/thumb/v7-m/nofp\libgcc.a
LOAD d:/programs/tools/arm gnu toolchain arm-none-eabi/11.3 rel1/bin/../lib/gcc/arm-none-eabi/11.3.1/thumb/v7-m/nofp\libc_nano.a
END GROUP
LOAD d:/programs/tools/arm gnu toolchain arm-none-eabi/11.3 rel1/bin/../lib/gcc/arm-none-eabi/11.3.1/thumb/v7-m/nofp/crtend.o
LOAD d:/programs/tools/arm gnu toolchain arm-none-eabi/11.3 rel1/bin/../lib/gcc/arm-none-eabi/11.3.1/thumb/v7-m/nofp/crtn.o
                0x20005000                _estack = (ORIGIN (RAM) + LENGTH (RAM))
                0x00000200                _Min_Heap_Size = 0x200
                0x00000400                _Min_Stack_Size = 0x400

.isr_vector     0x08000000      0x10c
                0x08000000                . = ALIGN (0x4)
 *(.isr_vector)
 .isr_vector    0x08000000      0x10c build/startup_stm32f103xb.o
                0x08000000                g_pfnVectors
                0x0800010c                . = ALIGN (0x4)

.text           0x0800010c     0x207c
                0x0800010c                . = ALIGN (0x4)
 *(.text)
 .text          0x0800010c       0x30 d:/programs/tools/arm gnu toolchain arm-none-eabi/11.3 rel1/bin/../lib/gcc/arm-none-eabi/11.3.1/thumb/v7-m/nofp\libgcc.a(_aeabi_uldivmod.o)
                0x0800010c                __aeabi_uldivmod
 .text          0x0800013c        0x4 d:/programs/tools/arm gnu toolchain arm-none-eabi/11.3 rel1/bin/../lib/gcc/arm-none-eabi/11.3.1/thumb/v7-m/nofp\libgcc.a(_dvmd_tls.o)
                0x0800013c                __aeabi_idiv0
                0x0800013c                __aeabi_ldiv0
 *(.text*)
 .text.deregister_tm_clones
                0x08000140       0x1c d:/programs/tools/arm gnu toolchain arm-none-eabi/11.3 rel1/bin/../lib/gcc/arm-none-eabi/11.3.1/thumb/v7-m/nofp/crtbegin.o
 .text.register_tm_clones
                0x0800015c       0x24 d:/programs/tools/arm gnu toolchain arm-none-eabi/11.3 rel1/bin/../lib/gcc/arm-none-eabi/11.3.1/thumb/v7-m/nofp/crtbegin.o
 .text.__do_global_dtors_aux
                0x08000180       0x28 d:/programs/tools/arm gnu toolchain arm-none-eabi/11.3 rel1/bin/../lib/gcc/arm-none-eabi/11.3.1/thumb/v7-m/nofp/crtbegin.o
 .text.frame_dummy
                0x080001a8       0x24 d:/programs/tools/arm gnu toolchain arm-none-eabi/11.3 rel1/bin/../lib/gcc/arm-none-eabi/11.3.1/thumb/v7-m/nofp/crtbegin.o
 .text.HAL_TIM_PeriodElapsedCallback
                0x080001cc       0x38 build/main.o
                0x080001cc                HAL_TIM_PeriodElapsedCallback
 .text.cmd_sm_init
                0x08000204       0x90 build/main.o
                0x08000204                cmd_sm_init
 .text.Error_Handler
                0x08000294        0x4 build/main.o
                0x08000294                Error_Handler
 .text.SystemClock_Config
                0x08000298       0x6a build/main.o
                0x08000298                SystemClock_Config
 *fill*         0x08000302        0x2 
 .text.main     0x08000304       0x54 build/main.o
                0x08000304                main
 .text.MX_GPIO_Init
                0x08000358       0xa4 build/gpio.o
                0x08000358                MX_GPIO_Init
 .text.MX_SPI1_Init
                0x080003fc       0x44 build/spi.o
                0x080003fc                MX_SPI1_Init
 .text.MX_SPI2_Init
                0x08000440       0x40 build/spi.o
                0x08000440                MX_SPI2_Init
 .text.HAL_SPI_MspInit
                0x08000480       0xc4 build/spi.o
                0x08000480                HAL_SPI_MspInit
 .text.NMI_Handler
                0x08000544        0x2 build/stm32f1xx_it.o
                0x08000544                NMI_Handler
 .text.HardFault_Handler
                0x08000546        0x2 build/stm32f1xx_it.o
                0x08000546                HardFault_Handler
 .text.MemManage_Handler
                0x08000548        0x2 build/stm32f1xx_it.o
                0x08000548                MemManage_Handler
 .text.BusFault_Handler
                0x0800054a        0x2 build/stm32f1xx_it.o
                0x0800054a                BusFault_Handler
 .text.UsageFault_Handler
                0x0800054c        0x2 build/stm32f1xx_it.o
                0x0800054c                UsageFault_Handler
 .text.SVC_Handler
                0x0800054e        0x2 build/stm32f1xx_it.o
                0x0800054e                SVC_Handler
 .text.DebugMon_Handler
                0x08000550        0x2 build/stm32f1xx_it.o
                0x08000550                DebugMon_Handler
 .text.PendSV_Handler
                0x08000552        0x2 build/stm32f1xx_it.o
                0x08000552                PendSV_Handler
 .text.SysTick_Handler
                0x08000554        0x8 build/stm32f1xx_it.o
                0x08000554                SysTick_Handler
 .text.TIM2_IRQHandler
                0x0800055c       0x10 build/stm32f1xx_it.o
                0x0800055c                TIM2_IRQHandler
 .text.HAL_MspInit
                0x0800056c       0x44 build/stm32f1xx_hal_msp.o
                0x0800056c                HAL_MspInit
 .text.SPI_WaitFlagStateUntilTimeout
                0x080005b0       0xd0 build/stm32f1xx_hal_spi.o
 .text.SPI_EndRxTxTransaction
                0x08000680       0x24 build/stm32f1xx_hal_spi.o
 .text.HAL_SPI_Init
                0x080006a4       0xb6 build/stm32f1xx_hal_spi.o
                0x080006a4                HAL_SPI_Init
 .text.HAL_SPI_Transmit
                0x0800075a      0x1b8 build/stm32f1xx_hal_spi.o
                0x0800075a                HAL_SPI_Transmit
 *fill*         0x08000912        0x2 
 .text.HAL_InitTick
                0x08000914       0x4c build/stm32f1xx_hal.o
                0x08000914                HAL_InitTick
 .text.HAL_Init
                0x08000960       0x24 build/stm32f1xx_hal.o
                0x08000960                HAL_Init
 .text.HAL_IncTick
                0x08000984       0x18 build/stm32f1xx_hal.o
                0x08000984                HAL_IncTick
 .text.HAL_GetTick
                0x0800099c        0xc build/stm32f1xx_hal.o
                0x0800099c                HAL_GetTick
 .text.HAL_Delay
                0x080009a8       0x28 build/stm32f1xx_hal.o
                0x080009a8                HAL_Delay
 .text.RCC_Delay
                0x080009d0       0x2c build/stm32f1xx_hal_rcc.o
 .text.HAL_RCC_OscConfig
                0x080009fc      0x410 build/stm32f1xx_hal_rcc.o
                0x080009fc                HAL_RCC_OscConfig
 .text.HAL_RCC_GetSysClockFreq
                0x08000e0c       0x60 build/stm32f1xx_hal_rcc.o
                0x08000e0c                HAL_RCC_GetSysClockFreq
 .text.HAL_RCC_ClockConfig
                0x08000e6c      0x16c build/stm32f1xx_hal_rcc.o
                0x08000e6c                HAL_RCC_ClockConfig
 .text.HAL_GPIO_Init
                0x08000fd8      0x224 build/stm32f1xx_hal_gpio.o
                0x08000fd8                HAL_GPIO_Init
 .text.HAL_GPIO_WritePin
                0x080011fc        0xc build/stm32f1xx_hal_gpio.o
                0x080011fc                HAL_GPIO_WritePin
 .text.HAL_NVIC_SetPriorityGrouping
                0x08001208       0x24 build/stm32f1xx_hal_cortex.o
                0x08001208                HAL_NVIC_SetPriorityGrouping
 .text.HAL_NVIC_SetPriority
                0x0800122c       0x70 build/stm32f1xx_hal_cortex.o
                0x0800122c                HAL_NVIC_SetPriority
 .text.HAL_NVIC_EnableIRQ
                0x0800129c       0x1c build/stm32f1xx_hal_cortex.o
                0x0800129c                HAL_NVIC_EnableIRQ
 .text.HAL_SYSTICK_Config
                0x080012b8       0x28 build/stm32f1xx_hal_cortex.o
                0x080012b8                HAL_SYSTICK_Config
 .text.TIM_TI1_ConfigInputStage
                0x080012e0       0x24 build/stm32f1xx_hal_tim.o
 .text.TIM_TI2_ConfigInputStage
                0x08001304       0x26 build/stm32f1xx_hal_tim.o
 .text.TIM_ITRx_SetConfig
                0x0800132a       0x10 build/stm32f1xx_hal_tim.o
 *fill*         0x0800133a        0x2 
 .text.HAL_TIM_Base_Start_IT
                0x0800133c       0x68 build/stm32f1xx_hal_tim.o
                0x0800133c                HAL_TIM_Base_Start_IT
 .text.HAL_TIM_OC_DelayElapsedCallback
                0x080013a4        0x2 build/stm32f1xx_hal_tim.o
                0x080013a4                HAL_TIM_OC_DelayElapsedCallback
 .text.HAL_TIM_IC_CaptureCallback
                0x080013a6        0x2 build/stm32f1xx_hal_tim.o
                0x080013a6                HAL_TIM_IC_CaptureCallback
 .text.HAL_TIM_PWM_PulseFinishedCallback
                0x080013a8        0x2 build/stm32f1xx_hal_tim.o
                0x080013a8                HAL_TIM_PWM_PulseFinishedCallback
 .text.HAL_TIM_TriggerCallback
                0x080013aa        0x2 build/stm32f1xx_hal_tim.o
                0x080013aa                HAL_TIM_TriggerCallback
 .text.HAL_TIM_IRQHandler
                0x080013ac      0x17a build/stm32f1xx_hal_tim.o
                0x080013ac                HAL_TIM_IRQHandler
 *fill*         0x08001526        0x2 
 .text.TIM_Base_SetConfig
                0x08001528       0x74 build/stm32f1xx_hal_tim.o
                0x08001528                TIM_Base_SetConfig
 .text.HAL_TIM_Base_Init
                0x0800159c       0x58 build/stm32f1xx_hal_tim.o
                0x0800159c                HAL_TIM_Base_Init
 .text.TIM_ETR_SetConfig
                0x080015f4       0x18 build/stm32f1xx_hal_tim.o
                0x080015f4                TIM_ETR_SetConfig
 .text.HAL_TIM_ConfigClockSource
                0x0800160c       0xfe build/stm32f1xx_hal_tim.o
                0x0800160c                HAL_TIM_ConfigClockSource
 *fill*         0x0800170a        0x2 
 .text.HAL_TIMEx_MasterConfigSynchronization
                0x0800170c       0x6c build/stm32f1xx_hal_tim_ex.o
                0x0800170c                HAL_TIMEx_MasterConfigSynchronization
 .text.HAL_TIMEx_CommutCallback
                0x08001778        0x2 build/stm32f1xx_hal_tim_ex.o
                0x08001778                HAL_TIMEx_CommutCallback
 .text.HAL_TIMEx_BreakCallback
                0x0800177a        0x2 build/stm32f1xx_hal_tim_ex.o
                0x0800177a                HAL_TIMEx_BreakCallback
 .text.SystemInit
                0x0800177c        0x2 build/system_stm32f1xx.o
                0x0800177c                SystemInit
 *fill*         0x0800177e        0x2 
 .text.SPI_assert_CS_LD
                0x08001780       0x20 build/adf4351.o
                0x08001780                SPI_assert_CS_LD
 .text.SPI_deassert_CS_LD
                0x080017a0       0x20 build/adf4351.o
                0x080017a0                SPI_deassert_CS_LD
 .text.SPI_Write
                0x080017c0       0x24 build/adf4351.o
                0x080017c0                SPI_Write
 .text.adf4350_write
                0x080017e4       0x46 build/adf4351.o
                0x080017e4                adf4350_write
 .text.adf4350_sync_config
                0x0800182a       0x60 build/adf4351.o
                0x0800182a                adf4350_sync_config
 *fill*         0x0800188a        0x2 
 .text.adf4350_tune_r_cnt
                0x0800188c       0x48 build/adf4351.o
                0x0800188c                adf4350_tune_r_cnt
 .text.gcd      0x080018d4       0x2a build/adf4351.o
                0x080018d4                gcd
 *fill*         0x080018fe        0x2 
 .text.adf4350_set_freq
                0x08001900      0x244 build/adf4351.o
                0x08001900                adf4350_set_freq
 .text.adf4350_out_altvoltage0_frequency
                0x08001b44       0x14 build/adf4351.o
                0x08001b44                adf4350_out_altvoltage0_frequency
 .text.adf4350_out_altvoltage0_frequency_resolution
                0x08001b58       0x18 build/adf4351.o
                0x08001b58                adf4350_out_altvoltage0_frequency_resolution
 .text.adf4350_out_altvoltage0_refin_frequency
                0x08001b70       0x1c build/adf4351.o
                0x08001b70                adf4350_out_altvoltage0_refin_frequency
 .text.adf4350_setup
                0x08001b8c      0x190 build/adf4351.o
                0x08001b8c                adf4350_setup
 .text.adf4350_out_altvoltage0_powerdown
                0x08001d1c       0x38 build/adf4351.o
                0x08001d1c                adf4350_out_altvoltage0_powerdown
 .text.MX_TIM2_Init
                0x08001d54       0x70 build/tim.o
                0x08001d54                MX_TIM2_Init
 .text.HAL_TIM_Base_MspInit
                0x08001dc4       0x3a build/tim.o
                0x08001dc4                HAL_TIM_Base_MspInit
 *fill*         0x08001dfe        0x2 
 .text.Reset_Handler
                0x08001e00       0x48 build/startup_stm32f103xb.o
                0x08001e00                Reset_Handler
 .text.Default_Handler
                0x08001e48        0x2 build/startup_stm32f103xb.o
                0x08001e48                RTC_Alarm_IRQHandler
                0x08001e48                EXTI2_IRQHandler
                0x08001e48                TIM1_CC_IRQHandler
                0x08001e48                PVD_IRQHandler
                0x08001e48                EXTI3_IRQHandler
                0x08001e48                EXTI0_IRQHandler
                0x08001e48                I2C2_EV_IRQHandler
                0x08001e48                ADC1_2_IRQHandler
                0x08001e48                SPI1_IRQHandler
                0x08001e48                TAMPER_IRQHandler
                0x08001e48                DMA1_Channel4_IRQHandler
                0x08001e48                USART3_IRQHandler
                0x08001e48                RTC_IRQHandler
                0x08001e48                DMA1_Channel7_IRQHandler
                0x08001e48                CAN1_RX1_IRQHandler
                0x08001e48                TIM4_IRQHandler
                0x08001e48                I2C1_EV_IRQHandler
                0x08001e48                DMA1_Channel6_IRQHandler
                0x08001e48                TIM3_IRQHandler
                0x08001e48                RCC_IRQHandler
                0x08001e48                TIM1_TRG_COM_IRQHandler
                0x08001e48                DMA1_Channel1_IRQHandler
                0x08001e48                Default_Handler
                0x08001e48                EXTI15_10_IRQHandler
                0x08001e48                EXTI9_5_IRQHandler
                0x08001e48                SPI2_IRQHandler
                0x08001e48                DMA1_Channel5_IRQHandler
                0x08001e48                EXTI4_IRQHandler
                0x08001e48                USB_LP_CAN1_RX0_IRQHandler
                0x08001e48                USB_HP_CAN1_TX_IRQHandler
                0x08001e48                DMA1_Channel3_IRQHandler
                0x08001e48                TIM1_UP_IRQHandler
                0x08001e48                WWDG_IRQHandler
                0x08001e48                TIM1_BRK_IRQHandler
                0x08001e48                EXTI1_IRQHandler
                0x08001e48                USART2_IRQHandler
                0x08001e48                I2C2_ER_IRQHandler
                0x08001e48                DMA1_Channel2_IRQHandler
                0x08001e48                CAN1_SCE_IRQHandler
                0x08001e48                FLASH_IRQHandler
                0x08001e48                USART1_IRQHandler
                0x08001e48                I2C1_ER_IRQHandler
                0x08001e48                USBWakeUp_IRQHandler
 .text.memset   0x08001e4a       0x10 d:/programs/tools/arm gnu toolchain arm-none-eabi/11.3 rel1/bin/../lib/gcc/arm-none-eabi/11.3.1/thumb/v7-m/nofp\libc_nano.a(libc_a-memset.o)
                0x08001e4a                memset
 *fill*         0x08001e5a        0x2 
 .text.__libc_init_array
                0x08001e5c       0x48 d:/programs/tools/arm gnu toolchain arm-none-eabi/11.3 rel1/bin/../lib/gcc/arm-none-eabi/11.3.1/thumb/v7-m/nofp\libc_nano.a(libc_a-init.o)
                0x08001e5c                __libc_init_array
 .text.__udivmoddi4
                0x08001ea4      0x2cc d:/programs/tools/arm gnu toolchain arm-none-eabi/11.3 rel1/bin/../lib/gcc/arm-none-eabi/11.3.1/thumb/v7-m/nofp\libgcc.a(_udivmoddi4.o)
                0x08001ea4                __udivmoddi4
 *(.glue_7)
 .glue_7        0x08002170        0x0 linker stubs
 *(.glue_7t)
 .glue_7t       0x08002170        0x0 linker stubs
 *(.eh_frame)
 .eh_frame      0x08002170        0x0 d:/programs/tools/arm gnu toolchain arm-none-eabi/11.3 rel1/bin/../lib/gcc/arm-none-eabi/11.3.1/thumb/v7-m/nofp/crtbegin.o
 *(.init)
 .init          0x08002170        0x4 d:/programs/tools/arm gnu toolchain arm-none-eabi/11.3 rel1/bin/../lib/gcc/arm-none-eabi/11.3.1/thumb/v7-m/nofp/crti.o
                0x08002170                _init
 .init          0x08002174        0x8 d:/programs/tools/arm gnu toolchain arm-none-eabi/11.3 rel1/bin/../lib/gcc/arm-none-eabi/11.3.1/thumb/v7-m/nofp/crtn.o
 *(.fini)
 .fini          0x0800217c        0x4 d:/programs/tools/arm gnu toolchain arm-none-eabi/11.3 rel1/bin/../lib/gcc/arm-none-eabi/11.3.1/thumb/v7-m/nofp/crti.o
                0x0800217c                _fini
 .fini          0x08002180        0x8 d:/programs/tools/arm gnu toolchain arm-none-eabi/11.3 rel1/bin/../lib/gcc/arm-none-eabi/11.3.1/thumb/v7-m/nofp/crtn.o
                0x08002188                . = ALIGN (0x4)
                0x08002188                _etext = .

.vfp11_veneer   0x08002188        0x0
 .vfp11_veneer  0x08002188        0x0 linker stubs

.v4_bx          0x08002188        0x0
 .v4_bx         0x08002188        0x0 linker stubs

.iplt           0x08002188        0x0
 .iplt          0x08002188        0x0 d:/programs/tools/arm gnu toolchain arm-none-eabi/11.3 rel1/bin/../lib/gcc/arm-none-eabi/11.3.1/thumb/v7-m/nofp/crtbegin.o

.rodata         0x08002188      0x344
                0x08002188                . = ALIGN (0x4)
 *(.rodata)
 *(.rodata*)
 .rodata.fhss_freqs
                0x08002188      0x320 build/main.o
                0x08002188                fhss_freqs
 .rodata.aPLLMULFactorTable.1
                0x080024a8       0x10 build/stm32f1xx_hal_rcc.o
 .rodata.aPredivFactorTable.0
                0x080024b8        0x2 build/stm32f1xx_hal_rcc.o
 *fill*         0x080024ba        0x2 
 .rodata.AHBPrescTable
                0x080024bc       0x10 build/system_stm32f1xx.o
                0x080024bc                AHBPrescTable
                0x080024cc                . = ALIGN (0x4)

.ARM.extab
 *(.ARM.extab* .gnu.linkonce.armextab.*)

.ARM            0x080024cc        0x8
                0x080024cc                __exidx_start = .
 *(.ARM.exidx*)
 .ARM.exidx.text.__udivmoddi4
                0x080024cc        0x8 d:/programs/tools/arm gnu toolchain arm-none-eabi/11.3 rel1/bin/../lib/gcc/arm-none-eabi/11.3.1/thumb/v7-m/nofp\libgcc.a(_udivmoddi4.o)
                0x080024d4                __exidx_end = .

.rel.dyn        0x080024d4        0x0
 .rel.iplt      0x080024d4        0x0 d:/programs/tools/arm gnu toolchain arm-none-eabi/11.3 rel1/bin/../lib/gcc/arm-none-eabi/11.3.1/thumb/v7-m/nofp/crtbegin.o

.preinit_array  0x080024d4        0x0
                0x080024d4                PROVIDE (__preinit_array_start = .)
 *(.preinit_array*)
                0x080024d4                PROVIDE (__preinit_array_end = .)

.init_array     0x080024d4        0x4
                0x080024d4                PROVIDE (__init_array_start = .)
 *(SORT_BY_NAME(.init_array.*))
 *(.init_array*)
 .init_array    0x080024d4        0x4 d:/programs/tools/arm gnu toolchain arm-none-eabi/11.3 rel1/bin/../lib/gcc/arm-none-eabi/11.3.1/thumb/v7-m/nofp/crtbegin.o
                0x080024d8                PROVIDE (__init_array_end = .)

.fini_array     0x080024d8        0x4
                [!provide]                PROVIDE (__fini_array_start = .)
 *(SORT_BY_NAME(.fini_array.*))
 *(.fini_array*)
 .fini_array    0x080024d8        0x4 d:/programs/tools/arm gnu toolchain arm-none-eabi/11.3 rel1/bin/../lib/gcc/arm-none-eabi/11.3.1/thumb/v7-m/nofp/crtbegin.o
                [!provide]                PROVIDE (__fini_array_end = .)
                0x080024dc                _sidata = LOADADDR (.data)

.data           0x20000000        0xc load address 0x080024dc
                0x20000000                . = ALIGN (0x4)
                0x20000000                _sdata = .
 *(.data)
 *(.data*)
 .data.uwTickFreq
                0x20000000        0x1 build/stm32f1xx_hal.o
                0x20000000                uwTickFreq
 *fill*         0x20000001        0x3 
 .data.uwTickPrio
                0x20000004        0x4 build/stm32f1xx_hal.o
                0x20000004                uwTickPrio
 .data.SystemCoreClock
                0x20000008        0x4 build/system_stm32f1xx.o
                0x20000008                SystemCoreClock
                0x2000000c                . = ALIGN (0x4)
                0x2000000c                _edata = .

.tm_clone_table
                0x2000000c        0x0 load address 0x080024e8
 .tm_clone_table
                0x2000000c        0x0 d:/programs/tools/arm gnu toolchain arm-none-eabi/11.3 rel1/bin/../lib/gcc/arm-none-eabi/11.3.1/thumb/v7-m/nofp/crtbegin.o
 .tm_clone_table
                0x2000000c        0x0 d:/programs/tools/arm gnu toolchain arm-none-eabi/11.3 rel1/bin/../lib/gcc/arm-none-eabi/11.3.1/thumb/v7-m/nofp/crtend.o

.igot.plt       0x2000000c        0x0 load address 0x080024e8
 .igot.plt      0x2000000c        0x0 d:/programs/tools/arm gnu toolchain arm-none-eabi/11.3 rel1/bin/../lib/gcc/arm-none-eabi/11.3.1/thumb/v7-m/nofp/crtbegin.o
                0x2000000c                . = ALIGN (0x4)

.bss            0x20000010      0x1d8 load address 0x080024e8
                0x20000010                _sbss = .
                0x20000010                __bss_start__ = _sbss
 *(.bss)
 *(.bss*)
 .bss.completed.1
                0x20000010        0x1 d:/programs/tools/arm gnu toolchain arm-none-eabi/11.3 rel1/bin/../lib/gcc/arm-none-eabi/11.3.1/thumb/v7-m/nofp/crtbegin.o
 *fill*         0x20000011        0x3 
 .bss.object.0  0x20000014       0x18 d:/programs/tools/arm gnu toolchain arm-none-eabi/11.3 rel1/bin/../lib/gcc/arm-none-eabi/11.3.1/thumb/v7-m/nofp/crtbegin.o
 .bss.i.0       0x2000002c        0x1 build/main.o
 *fill*         0x2000002d        0x3 
 .bss.pll_config
                0x20000030       0x3c build/main.o
                0x20000030                pll_config
 .bss.hspi1     0x2000006c       0x58 build/spi.o
                0x2000006c                hspi1
 .bss.hspi2     0x200000c4       0x58 build/spi.o
                0x200000c4                hspi2
 .bss.uwTick    0x2000011c        0x4 build/stm32f1xx_hal.o
                0x2000011c                uwTick
 .bss.adf4350_st
                0x20000120       0x58 build/adf4351.o
 .bss.platdata  0x20000178       0x28 build/adf4351.o
                0x20000178                platdata
 .bss.htim2     0x200001a0       0x48 build/tim.o
                0x200001a0                htim2
 *(COMMON)
                0x200001e8                . = ALIGN (0x4)
                0x200001e8                _ebss = .
                0x200001e8                __bss_end__ = _ebss

._user_heap_stack
                0x200001e8      0x600 load address 0x080024e8
                0x200001e8                . = ALIGN (0x8)
                [!provide]                PROVIDE (end = .)
                0x200001e8                PROVIDE (_end = .)
                0x200003e8                . = (. + _Min_Heap_Size)
 *fill*         0x200001e8      0x200 
                0x200007e8                . = (. + _Min_Stack_Size)
 *fill*         0x200003e8      0x400 
                0x200007e8                . = ALIGN (0x8)

/DISCARD/
 libc.a(*)
 libm.a(*)
 libgcc.a(*)

.ARM.attributes
                0x00000000       0x29
 *(.ARM.attributes)
 .ARM.attributes
                0x00000000       0x1d d:/programs/tools/arm gnu toolchain arm-none-eabi/11.3 rel1/bin/../lib/gcc/arm-none-eabi/11.3.1/thumb/v7-m/nofp/crti.o
 .ARM.attributes
                0x0000001d       0x2d d:/programs/tools/arm gnu toolchain arm-none-eabi/11.3 rel1/bin/../lib/gcc/arm-none-eabi/11.3.1/thumb/v7-m/nofp/crtbegin.o
 .ARM.attributes
                0x0000004a       0x2d build/main.o
 .ARM.attributes
                0x00000077       0x2d build/gpio.o
 .ARM.attributes
                0x000000a4       0x2d build/spi.o
 .ARM.attributes
                0x000000d1       0x2d build/stm32f1xx_it.o
 .ARM.attributes
                0x000000fe       0x2d build/stm32f1xx_hal_msp.o
 .ARM.attributes
                0x0000012b       0x2d build/stm32f1xx_hal_spi.o
 .ARM.attributes
                0x00000158       0x2d build/stm32f1xx_hal.o
 .ARM.attributes
                0x00000185       0x2d build/stm32f1xx_hal_rcc.o
 .ARM.attributes
                0x000001b2       0x2d build/stm32f1xx_hal_gpio.o
 .ARM.attributes
                0x000001df       0x2d build/stm32f1xx_hal_cortex.o
 .ARM.attributes
                0x0000020c       0x2d build/stm32f1xx_hal_tim.o
 .ARM.attributes
                0x00000239       0x2d build/stm32f1xx_hal_tim_ex.o
 .ARM.attributes
                0x00000266       0x2d build/system_stm32f1xx.o
 .ARM.attributes
                0x00000293       0x2d build/adf4351.o
 .ARM.attributes
                0x000002c0       0x2d build/tim.o
 .ARM.attributes
                0x000002ed       0x21 build/startup_stm32f103xb.o
 .ARM.attributes
                0x0000030e       0x2d d:/programs/tools/arm gnu toolchain arm-none-eabi/11.3 rel1/bin/../lib/gcc/arm-none-eabi/11.3.1/thumb/v7-m/nofp\libc_nano.a(libc_a-memset.o)
 .ARM.attributes
                0x0000033b       0x2d d:/programs/tools/arm gnu toolchain arm-none-eabi/11.3 rel1/bin/../lib/gcc/arm-none-eabi/11.3.1/thumb/v7-m/nofp\libc_nano.a(libc_a-init.o)
 .ARM.attributes
                0x00000368       0x1d d:/programs/tools/arm gnu toolchain arm-none-eabi/11.3 rel1/bin/../lib/gcc/arm-none-eabi/11.3.1/thumb/v7-m/nofp\libgcc.a(_aeabi_uldivmod.o)
 .ARM.attributes
                0x00000385       0x2d d:/programs/tools/arm gnu toolchain arm-none-eabi/11.3 rel1/bin/../lib/gcc/arm-none-eabi/11.3.1/thumb/v7-m/nofp\libgcc.a(_udivmoddi4.o)
 .ARM.attributes
                0x000003b2       0x1d d:/programs/tools/arm gnu toolchain arm-none-eabi/11.3 rel1/bin/../lib/gcc/arm-none-eabi/11.3.1/thumb/v7-m/nofp\libgcc.a(_dvmd_tls.o)
 .ARM.attributes
                0x000003cf       0x2d d:/programs/tools/arm gnu toolchain arm-none-eabi/11.3 rel1/bin/../lib/gcc/arm-none-eabi/11.3.1/thumb/v7-m/nofp/crtend.o
 .ARM.attributes
                0x000003fc       0x1d d:/programs/tools/arm gnu toolchain arm-none-eabi/11.3 rel1/bin/../lib/gcc/arm-none-eabi/11.3.1/thumb/v7-m/nofp/crtn.o
OUTPUT(build/ptn.elf elf32-littlearm)
LOAD linker stubs
LOAD d:/programs/tools/arm gnu toolchain arm-none-eabi/11.3 rel1/bin/../lib/gcc/arm-none-eabi/11.3.1/thumb/v7-m/nofp\libc.a
LOAD d:/programs/tools/arm gnu toolchain arm-none-eabi/11.3 rel1/bin/../lib/gcc/arm-none-eabi/11.3.1/thumb/v7-m/nofp\libm.a
LOAD d:/programs/tools/arm gnu toolchain arm-none-eabi/11.3 rel1/bin/../lib/gcc/arm-none-eabi/11.3.1/thumb/v7-m/nofp\libgcc.a

.comment        0x00000000       0x33
 .comment       0x00000000       0x33 d:/programs/tools/arm gnu toolchain arm-none-eabi/11.3 rel1/bin/../lib/gcc/arm-none-eabi/11.3.1/thumb/v7-m/nofp/crtbegin.o
                                 0x34 (size before relaxing)
 .comment       0x00000033       0x34 build/main.o
 .comment       0x00000033       0x34 build/gpio.o
 .comment       0x00000033       0x34 build/spi.o
 .comment       0x00000033       0x34 build/stm32f1xx_it.o
 .comment       0x00000033       0x34 build/stm32f1xx_hal_msp.o
 .comment       0x00000033       0x34 build/stm32f1xx_hal_spi.o
 .comment       0x00000033       0x34 build/stm32f1xx_hal.o
 .comment       0x00000033       0x34 build/stm32f1xx_hal_rcc.o
 .comment       0x00000033       0x34 build/stm32f1xx_hal_gpio.o
 .comment       0x00000033       0x34 build/stm32f1xx_hal_cortex.o
 .comment       0x00000033       0x34 build/stm32f1xx_hal_tim.o
 .comment       0x00000033       0x34 build/stm32f1xx_hal_tim_ex.o
 .comment       0x00000033       0x34 build/system_stm32f1xx.o
 .comment       0x00000033       0x34 build/adf4351.o
 .comment       0x00000033       0x34 build/tim.o
 .comment       0x00000033       0x34 d:/programs/tools/arm gnu toolchain arm-none-eabi/11.3 rel1/bin/../lib/gcc/arm-none-eabi/11.3.1/thumb/v7-m/nofp\libc_nano.a(libc_a-memset.o)
 .comment       0x00000033       0x34 d:/programs/tools/arm gnu toolchain arm-none-eabi/11.3 rel1/bin/../lib/gcc/arm-none-eabi/11.3.1/thumb/v7-m/nofp\libc_nano.a(libc_a-init.o)
 .comment       0x00000033       0x34 d:/programs/tools/arm gnu toolchain arm-none-eabi/11.3 rel1/bin/../lib/gcc/arm-none-eabi/11.3.1/thumb/v7-m/nofp\libgcc.a(_udivmoddi4.o)
 .comment       0x00000033       0x34 d:/programs/tools/arm gnu toolchain arm-none-eabi/11.3 rel1/bin/../lib/gcc/arm-none-eabi/11.3.1/thumb/v7-m/nofp/crtend.o

.debug_info     0x00000000     0xf2eb
 .debug_info    0x00000000      0xe2b build/main.o
 .debug_info    0x00000e2b      0x399 build/gpio.o
 .debug_info    0x000011c4      0xa33 build/spi.o
 .debug_info    0x00001bf7      0x7b8 build/stm32f1xx_it.o
 .debug_info    0x000023af      0x238 build/stm32f1xx_hal_msp.o
 .debug_info    0x000025e7     0x1f11 build/stm32f1xx_hal_spi.o
 .debug_info    0x000044f8      0x880 build/stm32f1xx_hal.o
 .debug_info    0x00004d78      0xb10 build/stm32f1xx_hal_rcc.o
 .debug_info    0x00005888      0x6d7 build/stm32f1xx_hal_gpio.o
 .debug_info    0x00005f5f      0xe33 build/stm32f1xx_hal_cortex.o
 .debug_info    0x00006d92     0x40a9 build/stm32f1xx_hal_tim.o
 .debug_info    0x0000ae3b     0x1d2b build/stm32f1xx_hal_tim_ex.o
 .debug_info    0x0000cb66      0x26e build/system_stm32f1xx.o
 .debug_info    0x0000cdd4     0x1054 build/adf4351.o
 .debug_info    0x0000de28      0xb8b build/tim.o
 .debug_info    0x0000e9b3       0x22 build/startup_stm32f103xb.o
 .debug_info    0x0000e9d5       0xe0 d:/programs/tools/arm gnu toolchain arm-none-eabi/11.3 rel1/bin/../lib/gcc/arm-none-eabi/11.3.1/thumb/v7-m/nofp\libc_nano.a(libc_a-memset.o)
 .debug_info    0x0000eab5      0x10b d:/programs/tools/arm gnu toolchain arm-none-eabi/11.3 rel1/bin/../lib/gcc/arm-none-eabi/11.3.1/thumb/v7-m/nofp\libc_nano.a(libc_a-init.o)
 .debug_info    0x0000ebc0       0x24 d:/programs/tools/arm gnu toolchain arm-none-eabi/11.3 rel1/bin/../lib/gcc/arm-none-eabi/11.3.1/thumb/v7-m/nofp\libgcc.a(_aeabi_uldivmod.o)
 .debug_info    0x0000ebe4      0x6e3 d:/programs/tools/arm gnu toolchain arm-none-eabi/11.3 rel1/bin/../lib/gcc/arm-none-eabi/11.3.1/thumb/v7-m/nofp\libgcc.a(_udivmoddi4.o)
 .debug_info    0x0000f2c7       0x24 d:/programs/tools/arm gnu toolchain arm-none-eabi/11.3 rel1/bin/../lib/gcc/arm-none-eabi/11.3.1/thumb/v7-m/nofp\libgcc.a(_dvmd_tls.o)

.debug_abbrev   0x00000000     0x24a0
 .debug_abbrev  0x00000000      0x2c6 build/main.o
 .debug_abbrev  0x000002c6      0x14e build/gpio.o
 .debug_abbrev  0x00000414      0x1f6 build/spi.o
 .debug_abbrev  0x0000060a      0x190 build/stm32f1xx_it.o
 .debug_abbrev  0x0000079a       0xe7 build/stm32f1xx_hal_msp.o
 .debug_abbrev  0x00000881      0x2c6 build/stm32f1xx_hal_spi.o
 .debug_abbrev  0x00000b47      0x232 build/stm32f1xx_hal.o
 .debug_abbrev  0x00000d79      0x2d6 build/stm32f1xx_hal_rcc.o
 .debug_abbrev  0x0000104f      0x222 build/stm32f1xx_hal_gpio.o
 .debug_abbrev  0x00001271      0x348 build/stm32f1xx_hal_cortex.o
 .debug_abbrev  0x000015b9      0x2bd build/stm32f1xx_hal_tim.o
 .debug_abbrev  0x00001876      0x2b7 build/stm32f1xx_hal_tim_ex.o
 .debug_abbrev  0x00001b2d      0x140 build/system_stm32f1xx.o
 .debug_abbrev  0x00001c6d      0x2f7 build/adf4351.o
 .debug_abbrev  0x00001f64      0x231 build/tim.o
 .debug_abbrev  0x00002195       0x12 build/startup_stm32f103xb.o
 .debug_abbrev  0x000021a7       0x9e d:/programs/tools/arm gnu toolchain arm-none-eabi/11.3 rel1/bin/../lib/gcc/arm-none-eabi/11.3.1/thumb/v7-m/nofp\libc_nano.a(libc_a-memset.o)
 .debug_abbrev  0x00002245       0xc9 d:/programs/tools/arm gnu toolchain arm-none-eabi/11.3 rel1/bin/../lib/gcc/arm-none-eabi/11.3.1/thumb/v7-m/nofp\libc_nano.a(libc_a-init.o)
 .debug_abbrev  0x0000230e       0x14 d:/programs/tools/arm gnu toolchain arm-none-eabi/11.3 rel1/bin/../lib/gcc/arm-none-eabi/11.3.1/thumb/v7-m/nofp\libgcc.a(_aeabi_uldivmod.o)
 .debug_abbrev  0x00002322      0x16a d:/programs/tools/arm gnu toolchain arm-none-eabi/11.3 rel1/bin/../lib/gcc/arm-none-eabi/11.3.1/thumb/v7-m/nofp\libgcc.a(_udivmoddi4.o)
 .debug_abbrev  0x0000248c       0x14 d:/programs/tools/arm gnu toolchain arm-none-eabi/11.3 rel1/bin/../lib/gcc/arm-none-eabi/11.3.1/thumb/v7-m/nofp\libgcc.a(_dvmd_tls.o)

.debug_loc      0x00000000     0xc5ce
 .debug_loc     0x00000000       0xe3 build/main.o
 .debug_loc     0x000000e3       0x38 build/gpio.o
 .debug_loc     0x0000011b      0x162 build/spi.o
 .debug_loc     0x0000027d       0x40 build/stm32f1xx_it.o
 .debug_loc     0x000002bd       0x41 build/stm32f1xx_hal_msp.o
 .debug_loc     0x000002fe     0x2568 build/stm32f1xx_hal_spi.o
 .debug_loc     0x00002866      0x1e1 build/stm32f1xx_hal.o
 .debug_loc     0x00002a47      0x793 build/stm32f1xx_hal_rcc.o
 .debug_loc     0x000031da      0x53c build/stm32f1xx_hal_gpio.o
 .debug_loc     0x00003716      0x80c build/stm32f1xx_hal_cortex.o
 .debug_loc     0x00003f22     0x5c83 build/stm32f1xx_hal_tim.o
 .debug_loc     0x00009ba5     0x211d build/stm32f1xx_hal_tim_ex.o
 .debug_loc     0x0000bcc2       0xff build/system_stm32f1xx.o
 .debug_loc     0x0000bdc1      0x70a build/adf4351.o
 .debug_loc     0x0000c4cb      0x103 build/tim.o

.debug_aranges  0x00000000      0xc20
 .debug_aranges
                0x00000000       0x40 build/main.o
 .debug_aranges
                0x00000040       0x20 build/gpio.o
 .debug_aranges
                0x00000060       0x38 build/spi.o
 .debug_aranges
                0x00000098       0x68 build/stm32f1xx_it.o
 .debug_aranges
                0x00000100       0x20 build/stm32f1xx_hal_msp.o
 .debug_aranges
                0x00000120      0x1d0 build/stm32f1xx_hal_spi.o
 .debug_aranges
                0x000002f0       0xe0 build/stm32f1xx_hal.o
 .debug_aranges
                0x000003d0       0x90 build/stm32f1xx_hal_rcc.o
 .debug_aranges
                0x00000460       0x58 build/stm32f1xx_hal_gpio.o
 .debug_aranges
                0x000004b8       0x90 build/stm32f1xx_hal_cortex.o
 .debug_aranges
                0x00000548      0x3d0 build/stm32f1xx_hal_tim.o
 .debug_aranges
                0x00000918      0x168 build/stm32f1xx_hal_tim_ex.o
 .debug_aranges
                0x00000a80       0x28 build/system_stm32f1xx.o
 .debug_aranges
                0x00000aa8       0x80 build/adf4351.o
 .debug_aranges
                0x00000b28       0x30 build/tim.o
 .debug_aranges
                0x00000b58       0x28 build/startup_stm32f103xb.o
 .debug_aranges
                0x00000b80       0x20 d:/programs/tools/arm gnu toolchain arm-none-eabi/11.3 rel1/bin/../lib/gcc/arm-none-eabi/11.3.1/thumb/v7-m/nofp\libc_nano.a(libc_a-memset.o)
 .debug_aranges
                0x00000ba0       0x20 d:/programs/tools/arm gnu toolchain arm-none-eabi/11.3 rel1/bin/../lib/gcc/arm-none-eabi/11.3.1/thumb/v7-m/nofp\libc_nano.a(libc_a-init.o)
 .debug_aranges
                0x00000bc0       0x20 d:/programs/tools/arm gnu toolchain arm-none-eabi/11.3 rel1/bin/../lib/gcc/arm-none-eabi/11.3.1/thumb/v7-m/nofp\libgcc.a(_aeabi_uldivmod.o)
 .debug_aranges
                0x00000be0       0x20 d:/programs/tools/arm gnu toolchain arm-none-eabi/11.3 rel1/bin/../lib/gcc/arm-none-eabi/11.3.1/thumb/v7-m/nofp\libgcc.a(_udivmoddi4.o)
 .debug_aranges
                0x00000c00       0x20 d:/programs/tools/arm gnu toolchain arm-none-eabi/11.3 rel1/bin/../lib/gcc/arm-none-eabi/11.3.1/thumb/v7-m/nofp\libgcc.a(_dvmd_tls.o)

.debug_ranges   0x00000000      0xb08
 .debug_ranges  0x00000000       0x30 build/main.o
 .debug_ranges  0x00000030       0x10 build/gpio.o
 .debug_ranges  0x00000040       0x28 build/spi.o
 .debug_ranges  0x00000068       0x58 build/stm32f1xx_it.o
 .debug_ranges  0x000000c0       0x10 build/stm32f1xx_hal_msp.o
 .debug_ranges  0x000000d0      0x1c0 build/stm32f1xx_hal_spi.o
 .debug_ranges  0x00000290       0xd0 build/stm32f1xx_hal.o
 .debug_ranges  0x00000360       0xa0 build/stm32f1xx_hal_rcc.o
 .debug_ranges  0x00000400       0x48 build/stm32f1xx_hal_gpio.o
 .debug_ranges  0x00000448       0xe0 build/stm32f1xx_hal_cortex.o
 .debug_ranges  0x00000528      0x3c0 build/stm32f1xx_hal_tim.o
 .debug_ranges  0x000008e8      0x158 build/stm32f1xx_hal_tim_ex.o
 .debug_ranges  0x00000a40       0x18 build/system_stm32f1xx.o
 .debug_ranges  0x00000a58       0x70 build/adf4351.o
 .debug_ranges  0x00000ac8       0x20 build/tim.o
 .debug_ranges  0x00000ae8       0x20 build/startup_stm32f103xb.o

.debug_line     0x00000000     0xccc8
 .debug_line    0x00000000      0x473 build/main.o
 .debug_line    0x00000473      0x1ea build/gpio.o
 .debug_line    0x0000065d      0x3d4 build/spi.o
 .debug_line    0x00000a31      0x2e3 build/stm32f1xx_it.o
 .debug_line    0x00000d14      0x172 build/stm32f1xx_hal_msp.o
 .debug_line    0x00000e86     0x24b4 build/stm32f1xx_hal_spi.o
 .debug_line    0x0000333a      0x524 build/stm32f1xx_hal.o
 .debug_line    0x0000385e      0xc10 build/stm32f1xx_hal_rcc.o
 .debug_line    0x0000446e      0x5d1 build/stm32f1xx_hal_gpio.o
 .debug_line    0x00004a3f      0x62e build/stm32f1xx_hal_cortex.o
 .debug_line    0x0000506d     0x4968 build/stm32f1xx_hal_tim.o
 .debug_line    0x000099d5     0x1bdf build/stm32f1xx_hal_tim_ex.o
 .debug_line    0x0000b5b4      0x23c build/system_stm32f1xx.o
 .debug_line    0x0000b7f0      0x82d build/adf4351.o
 .debug_line    0x0000c01d      0x2ea build/tim.o
 .debug_line    0x0000c307       0x74 build/startup_stm32f103xb.o
 .debug_line    0x0000c37b      0x176 d:/programs/tools/arm gnu toolchain arm-none-eabi/11.3 rel1/bin/../lib/gcc/arm-none-eabi/11.3.1/thumb/v7-m/nofp\libc_nano.a(libc_a-memset.o)
 .debug_line    0x0000c4f1      0x174 d:/programs/tools/arm gnu toolchain arm-none-eabi/11.3 rel1/bin/../lib/gcc/arm-none-eabi/11.3.1/thumb/v7-m/nofp\libc_nano.a(libc_a-init.o)
 .debug_line    0x0000c665       0x4e d:/programs/tools/arm gnu toolchain arm-none-eabi/11.3 rel1/bin/../lib/gcc/arm-none-eabi/11.3.1/thumb/v7-m/nofp\libgcc.a(_aeabi_uldivmod.o)
 .debug_line    0x0000c6b3      0x5cb d:/programs/tools/arm gnu toolchain arm-none-eabi/11.3 rel1/bin/../lib/gcc/arm-none-eabi/11.3.1/thumb/v7-m/nofp\libgcc.a(_udivmoddi4.o)
 .debug_line    0x0000cc7e       0x4a d:/programs/tools/arm gnu toolchain arm-none-eabi/11.3 rel1/bin/../lib/gcc/arm-none-eabi/11.3.1/thumb/v7-m/nofp\libgcc.a(_dvmd_tls.o)

.debug_str      0x00000000     0x402c
 .debug_str     0x00000000      0xaa5 build/main.o
                                0xb90 (size before relaxing)
 .debug_str     0x00000aa5       0x8b build/gpio.o
                                0x24b (size before relaxing)
 .debug_str     0x00000b30      0x21c build/spi.o
                                0x670 (size before relaxing)
 .debug_str     0x00000d4c       0xd7 build/stm32f1xx_it.o
                                0x6d3 (size before relaxing)
 .debug_str     0x00000e23       0x57 build/stm32f1xx_hal_msp.o
                                0x1df (size before relaxing)
 .debug_str     0x00000e7a      0x57c build/stm32f1xx_hal_spi.o
                                0xb27 (size before relaxing)
 .debug_str     0x000013f6      0x5cd build/stm32f1xx_hal.o
                                0x7ee (size before relaxing)
 .debug_str     0x000019c3      0x1f7 build/stm32f1xx_hal_rcc.o
                                0x5eb (size before relaxing)
 .debug_str     0x00001bba      0x109 build/stm32f1xx_hal_gpio.o
                                0x3c0 (size before relaxing)
 .debug_str     0x00001cc3      0x3ae build/stm32f1xx_hal_cortex.o
                                0x893 (size before relaxing)
 .debug_str     0x00002071      0xef1 build/stm32f1xx_hal_tim.o
                               0x1635 (size before relaxing)
 .debug_str     0x00002f62      0x55b build/stm32f1xx_hal_tim_ex.o
                                0xe51 (size before relaxing)
 .debug_str     0x000034bd       0x4f build/system_stm32f1xx.o
                                0x214 (size before relaxing)
 .debug_str     0x0000350c      0x218 build/adf4351.o
                                0xa94 (size before relaxing)
 .debug_str     0x00003724       0x1e build/tim.o
                                0xaf5 (size before relaxing)
 .debug_str     0x00003742       0x22 build/startup_stm32f103xb.o
                                 0x3b (size before relaxing)
 .debug_str     0x00003764      0x168 d:/programs/tools/arm gnu toolchain arm-none-eabi/11.3 rel1/bin/../lib/gcc/arm-none-eabi/11.3.1/thumb/v7-m/nofp\libc_nano.a(libc_a-memset.o)
                                0x204 (size before relaxing)
 .debug_str     0x000038cc       0xb7 d:/programs/tools/arm gnu toolchain arm-none-eabi/11.3 rel1/bin/../lib/gcc/arm-none-eabi/11.3.1/thumb/v7-m/nofp\libc_nano.a(libc_a-init.o)
                                0x265 (size before relaxing)
 .debug_str     0x00003983       0xc5 d:/programs/tools/arm gnu toolchain arm-none-eabi/11.3 rel1/bin/../lib/gcc/arm-none-eabi/11.3.1/thumb/v7-m/nofp\libgcc.a(_aeabi_uldivmod.o)
                                 0xd1 (size before relaxing)
 .debug_str     0x00003a48      0x591 d:/programs/tools/arm gnu toolchain arm-none-eabi/11.3 rel1/bin/../lib/gcc/arm-none-eabi/11.3.1/thumb/v7-m/nofp\libgcc.a(_udivmoddi4.o)
                                0x69c (size before relaxing)
 .debug_str     0x00003fd9       0x53 d:/programs/tools/arm gnu toolchain arm-none-eabi/11.3 rel1/bin/../lib/gcc/arm-none-eabi/11.3.1/thumb/v7-m/nofp\libgcc.a(_dvmd_tls.o)
                                 0xd5 (size before relaxing)

.debug_frame    0x00000000     0x1ef4
 .debug_frame   0x00000000       0x90 build/main.o
 .debug_frame   0x00000090       0x38 build/gpio.o
 .debug_frame   0x000000c8       0x78 build/spi.o
 .debug_frame   0x00000140       0xc0 build/stm32f1xx_it.o
 .debug_frame   0x00000200       0x28 build/stm32f1xx_hal_msp.o
 .debug_frame   0x00000228      0x5ac build/stm32f1xx_hal_spi.o
 .debug_frame   0x000007d4      0x1cc build/stm32f1xx_hal.o
 .debug_frame   0x000009a0      0x184 build/stm32f1xx_hal_rcc.o
 .debug_frame   0x00000b24       0xe4 build/stm32f1xx_hal_gpio.o
 .debug_frame   0x00000c08      0x118 build/stm32f1xx_hal_cortex.o
 .debug_frame   0x00000d20      0xb14 build/stm32f1xx_hal_tim.o
 .debug_frame   0x00001834      0x40c build/stm32f1xx_hal_tim_ex.o
 .debug_frame   0x00001c40       0x30 build/system_stm32f1xx.o
 .debug_frame   0x00001c70      0x174 build/adf4351.o
 .debug_frame   0x00001de4       0x64 build/tim.o
 .debug_frame   0x00001e48       0x20 d:/programs/tools/arm gnu toolchain arm-none-eabi/11.3 rel1/bin/../lib/gcc/arm-none-eabi/11.3.1/thumb/v7-m/nofp\libc_nano.a(libc_a-memset.o)
 .debug_frame   0x00001e68       0x2c d:/programs/tools/arm gnu toolchain arm-none-eabi/11.3 rel1/bin/../lib/gcc/arm-none-eabi/11.3.1/thumb/v7-m/nofp\libc_nano.a(libc_a-init.o)
 .debug_frame   0x00001e94       0x2c d:/programs/tools/arm gnu toolchain arm-none-eabi/11.3 rel1/bin/../lib/gcc/arm-none-eabi/11.3.1/thumb/v7-m/nofp\libgcc.a(_aeabi_uldivmod.o)
 .debug_frame   0x00001ec0       0x34 d:/programs/tools/arm gnu toolchain arm-none-eabi/11.3 rel1/bin/../lib/gcc/arm-none-eabi/11.3.1/thumb/v7-m/nofp\libgcc.a(_udivmoddi4.o)

.debug_loclists
                0x00000000      0xbf7
 .debug_loclists
                0x00000000       0x3b d:/programs/tools/arm gnu toolchain arm-none-eabi/11.3 rel1/bin/../lib/gcc/arm-none-eabi/11.3.1/thumb/v7-m/nofp\libc_nano.a(libc_a-memset.o)
 .debug_loclists
                0x0000003b       0x34 d:/programs/tools/arm gnu toolchain arm-none-eabi/11.3 rel1/bin/../lib/gcc/arm-none-eabi/11.3.1/thumb/v7-m/nofp\libc_nano.a(libc_a-init.o)
 .debug_loclists
                0x0000006f      0xb88 d:/programs/tools/arm gnu toolchain arm-none-eabi/11.3 rel1/bin/../lib/gcc/arm-none-eabi/11.3.1/thumb/v7-m/nofp\libgcc.a(_udivmoddi4.o)

.debug_rnglists
                0x00000000       0xbc
 .debug_rnglists
                0x00000000       0x13 d:/programs/tools/arm gnu toolchain arm-none-eabi/11.3 rel1/bin/../lib/gcc/arm-none-eabi/11.3.1/thumb/v7-m/nofp\libc_nano.a(libc_a-memset.o)
 .debug_rnglists
                0x00000013       0x13 d:/programs/tools/arm gnu toolchain arm-none-eabi/11.3 rel1/bin/../lib/gcc/arm-none-eabi/11.3.1/thumb/v7-m/nofp\libc_nano.a(libc_a-init.o)
 .debug_rnglists
                0x00000026       0x96 d:/programs/tools/arm gnu toolchain arm-none-eabi/11.3 rel1/bin/../lib/gcc/arm-none-eabi/11.3.1/thumb/v7-m/nofp\libgcc.a(_udivmoddi4.o)

.debug_line_str
                0x00000000       0xd1
 .debug_line_str
                0x00000000       0xc5 d:/programs/tools/arm gnu toolchain arm-none-eabi/11.3 rel1/bin/../lib/gcc/arm-none-eabi/11.3.1/thumb/v7-m/nofp\libgcc.a(_aeabi_uldivmod.o)
                                 0xcd (size before relaxing)
 .debug_line_str
                0x000000c5        0xc d:/programs/tools/arm gnu toolchain arm-none-eabi/11.3 rel1/bin/../lib/gcc/arm-none-eabi/11.3.1/thumb/v7-m/nofp\libgcc.a(_dvmd_tls.o)
                                 0xd5 (size before relaxing)

Cross Reference Table

Symbol                                            File
ADC1_2_IRQHandler                                 build/startup_stm32f103xb.o
AHBPrescTable                                     build/system_stm32f1xx.o
                                                  build/stm32f1xx_hal_rcc.o
APBPrescTable                                     build/system_stm32f1xx.o
                                                  build/stm32f1xx_hal_rcc.o
BusFault_Handler                                  build/stm32f1xx_it.o
CAN1_RX1_IRQHandler                               build/startup_stm32f103xb.o
CAN1_SCE_IRQHandler                               build/startup_stm32f103xb.o
DMA1_Channel1_IRQHandler                          build/startup_stm32f103xb.o
DMA1_Channel2_IRQHandler                          build/startup_stm32f103xb.o
DMA1_Channel3_IRQHandler                          build/startup_stm32f103xb.o
DMA1_Channel4_IRQHandler                          build/startup_stm32f103xb.o
DMA1_Channel5_IRQHandler                          build/startup_stm32f103xb.o
DMA1_Channel6_IRQHandler                          build/startup_stm32f103xb.o
DMA1_Channel7_IRQHandler                          build/startup_stm32f103xb.o
DebugMon_Handler                                  build/stm32f1xx_it.o
Default_Handler                                   build/startup_stm32f103xb.o
EXTI0_IRQHandler                                  build/startup_stm32f103xb.o
EXTI15_10_IRQHandler                              build/startup_stm32f103xb.o
EXTI1_IRQHandler                                  build/startup_stm32f103xb.o
EXTI2_IRQHandler                                  build/startup_stm32f103xb.o
EXTI3_IRQHandler                                  build/startup_stm32f103xb.o
EXTI4_IRQHandler                                  build/startup_stm32f103xb.o
EXTI9_5_IRQHandler                                build/startup_stm32f103xb.o
Error_Handler                                     build/main.o
                                                  build/tim.o
                                                  build/spi.o
FLASH_IRQHandler                                  build/startup_stm32f103xb.o
FLASH_PageErase                                   build/stm32f1xx_hal_flash_ex.o
                                                  build/stm32f1xx_hal_flash.o
FLASH_WaitForLastOperation                        build/stm32f1xx_hal_flash.o
                                                  build/stm32f1xx_hal_flash_ex.o
HAL_DBGMCU_DisableDBGSleepMode                    build/stm32f1xx_hal.o
HAL_DBGMCU_DisableDBGStandbyMode                  build/stm32f1xx_hal.o
HAL_DBGMCU_DisableDBGStopMode                     build/stm32f1xx_hal.o
HAL_DBGMCU_EnableDBGSleepMode                     build/stm32f1xx_hal.o
HAL_DBGMCU_EnableDBGStandbyMode                   build/stm32f1xx_hal.o
HAL_DBGMCU_EnableDBGStopMode                      build/stm32f1xx_hal.o
HAL_DMA_Abort                                     build/stm32f1xx_hal_dma.o
                                                  build/stm32f1xx_hal_spi.o
HAL_DMA_Abort_IT                                  build/stm32f1xx_hal_dma.o
                                                  build/stm32f1xx_hal_tim_ex.o
                                                  build/stm32f1xx_hal_tim.o
                                                  build/stm32f1xx_hal_spi.o
HAL_DMA_DeInit                                    build/stm32f1xx_hal_dma.o
HAL_DMA_GetError                                  build/stm32f1xx_hal_dma.o
HAL_DMA_GetState                                  build/stm32f1xx_hal_dma.o
HAL_DMA_IRQHandler                                build/stm32f1xx_hal_dma.o
HAL_DMA_Init                                      build/stm32f1xx_hal_dma.o
HAL_DMA_PollForTransfer                           build/stm32f1xx_hal_dma.o
HAL_DMA_RegisterCallback                          build/stm32f1xx_hal_dma.o
HAL_DMA_Start                                     build/stm32f1xx_hal_dma.o
HAL_DMA_Start_IT                                  build/stm32f1xx_hal_dma.o
                                                  build/stm32f1xx_hal_tim_ex.o
                                                  build/stm32f1xx_hal_tim.o
                                                  build/stm32f1xx_hal_spi.o
HAL_DMA_UnRegisterCallback                        build/stm32f1xx_hal_dma.o
HAL_DeInit                                        build/stm32f1xx_hal.o
HAL_Delay                                         build/stm32f1xx_hal.o
                                                  build/main.o
HAL_EXTI_ClearConfigLine                          build/stm32f1xx_hal_exti.o
HAL_EXTI_ClearPending                             build/stm32f1xx_hal_exti.o
HAL_EXTI_GenerateSWI                              build/stm32f1xx_hal_exti.o
HAL_EXTI_GetConfigLine                            build/stm32f1xx_hal_exti.o
HAL_EXTI_GetHandle                                build/stm32f1xx_hal_exti.o
HAL_EXTI_GetPending                               build/stm32f1xx_hal_exti.o
HAL_EXTI_IRQHandler                               build/stm32f1xx_hal_exti.o
HAL_EXTI_RegisterCallback                         build/stm32f1xx_hal_exti.o
HAL_EXTI_SetConfigLine                            build/stm32f1xx_hal_exti.o
HAL_FLASHEx_Erase                                 build/stm32f1xx_hal_flash_ex.o
HAL_FLASHEx_Erase_IT                              build/stm32f1xx_hal_flash_ex.o
HAL_FLASHEx_OBErase                               build/stm32f1xx_hal_flash_ex.o
HAL_FLASHEx_OBGetConfig                           build/stm32f1xx_hal_flash_ex.o
HAL_FLASHEx_OBGetUserData                         build/stm32f1xx_hal_flash_ex.o
HAL_FLASHEx_OBProgram                             build/stm32f1xx_hal_flash_ex.o
HAL_FLASH_EndOfOperationCallback                  build/stm32f1xx_hal_flash.o
HAL_FLASH_GetError                                build/stm32f1xx_hal_flash.o
HAL_FLASH_IRQHandler                              build/stm32f1xx_hal_flash.o
HAL_FLASH_Lock                                    build/stm32f1xx_hal_flash.o
HAL_FLASH_OB_Launch                               build/stm32f1xx_hal_flash.o
HAL_FLASH_OB_Lock                                 build/stm32f1xx_hal_flash.o
HAL_FLASH_OB_Unlock                               build/stm32f1xx_hal_flash.o
HAL_FLASH_OperationErrorCallback                  build/stm32f1xx_hal_flash.o
HAL_FLASH_Program                                 build/stm32f1xx_hal_flash.o
HAL_FLASH_Program_IT                              build/stm32f1xx_hal_flash.o
HAL_FLASH_Unlock                                  build/stm32f1xx_hal_flash.o
HAL_GPIOEx_ConfigEventout                         build/stm32f1xx_hal_gpio_ex.o
HAL_GPIOEx_DisableEventout                        build/stm32f1xx_hal_gpio_ex.o
HAL_GPIOEx_EnableEventout                         build/stm32f1xx_hal_gpio_ex.o
HAL_GPIO_DeInit                                   build/stm32f1xx_hal_gpio.o
                                                  build/spi.o
HAL_GPIO_EXTI_Callback                            build/stm32f1xx_hal_gpio.o
HAL_GPIO_EXTI_IRQHandler                          build/stm32f1xx_hal_gpio.o
HAL_GPIO_Init                                     build/stm32f1xx_hal_gpio.o
                                                  build/stm32f1xx_hal_rcc.o
                                                  build/spi.o
                                                  build/gpio.o
HAL_GPIO_LockPin                                  build/stm32f1xx_hal_gpio.o
HAL_GPIO_ReadPin                                  build/stm32f1xx_hal_gpio.o
HAL_GPIO_TogglePin                                build/stm32f1xx_hal_gpio.o
HAL_GPIO_WritePin                                 build/stm32f1xx_hal_gpio.o
                                                  build/nrf24l01p.o
                                                  build/adf4351.o
                                                  build/gpio.o
                                                  build/main.o
HAL_GetDEVID                                      build/stm32f1xx_hal.o
HAL_GetHalVersion                                 build/stm32f1xx_hal.o
HAL_GetREVID                                      build/stm32f1xx_hal.o
HAL_GetTick                                       build/stm32f1xx_hal.o
                                                  build/stm32f1xx_hal_flash.o
                                                  build/stm32f1xx_hal_dma.o
                                                  build/stm32f1xx_hal_rcc_ex.o
                                                  build/stm32f1xx_hal_rcc.o
                                                  build/stm32f1xx_hal_spi.o
HAL_GetTickFreq                                   build/stm32f1xx_hal.o
HAL_GetTickPrio                                   build/stm32f1xx_hal.o
HAL_GetUIDw0                                      build/stm32f1xx_hal.o
HAL_GetUIDw1                                      build/stm32f1xx_hal.o
HAL_GetUIDw2                                      build/stm32f1xx_hal.o
HAL_IncTick                                       build/stm32f1xx_hal.o
                                                  build/stm32f1xx_it.o
HAL_Init                                          build/stm32f1xx_hal.o
                                                  build/main.o
HAL_InitTick                                      build/stm32f1xx_hal.o
                                                  build/stm32f1xx_hal_rcc.o
HAL_MspDeInit                                     build/stm32f1xx_hal.o
HAL_MspInit                                       build/stm32f1xx_hal_msp.o
HAL_NVIC_ClearPendingIRQ                          build/stm32f1xx_hal_cortex.o
HAL_NVIC_DisableIRQ                               build/stm32f1xx_hal_cortex.o
                                                  build/tim.o
HAL_NVIC_EnableIRQ                                build/stm32f1xx_hal_cortex.o
                                                  build/tim.o
HAL_NVIC_GetActive                                build/stm32f1xx_hal_cortex.o
HAL_NVIC_GetPendingIRQ                            build/stm32f1xx_hal_cortex.o
HAL_NVIC_GetPriority                              build/stm32f1xx_hal_cortex.o
HAL_NVIC_GetPriorityGrouping                      build/stm32f1xx_hal_cortex.o
HAL_NVIC_SetPendingIRQ                            build/stm32f1xx_hal_cortex.o
HAL_NVIC_SetPriority                              build/stm32f1xx_hal_cortex.o
                                                  build/tim.o
                                                  build/stm32f1xx_hal.o
HAL_NVIC_SetPriorityGrouping                      build/stm32f1xx_hal_cortex.o
                                                  build/stm32f1xx_hal.o
HAL_NVIC_SystemReset                              build/stm32f1xx_hal_cortex.o
                                                  build/stm32f1xx_hal_flash.o
HAL_PWR_ConfigPVD                                 build/stm32f1xx_hal_pwr.o
HAL_PWR_DeInit                                    build/stm32f1xx_hal_pwr.o
HAL_PWR_DisableBkUpAccess                         build/stm32f1xx_hal_pwr.o
HAL_PWR_DisablePVD                                build/stm32f1xx_hal_pwr.o
HAL_PWR_DisableSEVOnPend                          build/stm32f1xx_hal_pwr.o
HAL_PWR_DisableSleepOnExit                        build/stm32f1xx_hal_pwr.o
HAL_PWR_DisableWakeUpPin                          build/stm32f1xx_hal_pwr.o
HAL_PWR_EnableBkUpAccess                          build/stm32f1xx_hal_pwr.o
HAL_PWR_EnablePVD                                 build/stm32f1xx_hal_pwr.o
HAL_PWR_EnableSEVOnPend                           build/stm32f1xx_hal_pwr.o
HAL_PWR_EnableSleepOnExit                         build/stm32f1xx_hal_pwr.o
HAL_PWR_EnableWakeUpPin                           build/stm32f1xx_hal_pwr.o
HAL_PWR_EnterSLEEPMode                            build/stm32f1xx_hal_pwr.o
HAL_PWR_EnterSTANDBYMode                          build/stm32f1xx_hal_pwr.o
HAL_PWR_EnterSTOPMode                             build/stm32f1xx_hal_pwr.o
HAL_PWR_PVDCallback                               build/stm32f1xx_hal_pwr.o
HAL_PWR_PVD_IRQHandler                            build/stm32f1xx_hal_pwr.o
HAL_RCCEx_GetPeriphCLKConfig                      build/stm32f1xx_hal_rcc_ex.o
HAL_RCCEx_GetPeriphCLKFreq                        build/stm32f1xx_hal_rcc_ex.o
HAL_RCCEx_PeriphCLKConfig                         build/stm32f1xx_hal_rcc_ex.o
HAL_RCC_CSSCallback                               build/stm32f1xx_hal_rcc.o
HAL_RCC_ClockConfig                               build/stm32f1xx_hal_rcc.o
                                                  build/main.o
HAL_RCC_DeInit                                    build/stm32f1xx_hal_rcc.o
HAL_RCC_DisableCSS                                build/stm32f1xx_hal_rcc.o
HAL_RCC_EnableCSS                                 build/stm32f1xx_hal_rcc.o
HAL_RCC_GetClockConfig                            build/stm32f1xx_hal_rcc.o
HAL_RCC_GetHCLKFreq                               build/stm32f1xx_hal_rcc.o
HAL_RCC_GetOscConfig                              build/stm32f1xx_hal_rcc.o
HAL_RCC_GetPCLK1Freq                              build/stm32f1xx_hal_rcc.o
HAL_RCC_GetPCLK2Freq                              build/stm32f1xx_hal_rcc.o
                                                  build/stm32f1xx_hal_rcc_ex.o
HAL_RCC_GetSysClockFreq                           build/stm32f1xx_hal_rcc.o
HAL_RCC_MCOConfig                                 build/stm32f1xx_hal_rcc.o
HAL_RCC_NMI_IRQHandler                            build/stm32f1xx_hal_rcc.o
HAL_RCC_OscConfig                                 build/stm32f1xx_hal_rcc.o
                                                  build/main.o
HAL_ResumeTick                                    build/stm32f1xx_hal.o
HAL_SPI_Abort                                     build/stm32f1xx_hal_spi.o
HAL_SPI_AbortCpltCallback                         build/stm32f1xx_hal_spi.o
HAL_SPI_Abort_IT                                  build/stm32f1xx_hal_spi.o
HAL_SPI_DMAPause                                  build/stm32f1xx_hal_spi.o
HAL_SPI_DMAResume                                 build/stm32f1xx_hal_spi.o
HAL_SPI_DMAStop                                   build/stm32f1xx_hal_spi.o
HAL_SPI_DeInit                                    build/stm32f1xx_hal_spi.o
HAL_SPI_ErrorCallback                             build/stm32f1xx_hal_spi.o
HAL_SPI_GetError                                  build/stm32f1xx_hal_spi.o
HAL_SPI_GetState                                  build/stm32f1xx_hal_spi.o
HAL_SPI_IRQHandler                                build/stm32f1xx_hal_spi.o
HAL_SPI_Init                                      build/stm32f1xx_hal_spi.o
                                                  build/spi.o
HAL_SPI_MspDeInit                                 build/spi.o
HAL_SPI_MspInit                                   build/spi.o
HAL_SPI_Receive                                   build/stm32f1xx_hal_spi.o
                                                  build/nrf24l01p.o
HAL_SPI_Receive_DMA                               build/stm32f1xx_hal_spi.o
HAL_SPI_Receive_IT                                build/stm32f1xx_hal_spi.o
HAL_SPI_RxCpltCallback                            build/stm32f1xx_hal_spi.o
HAL_SPI_RxHalfCpltCallback                        build/stm32f1xx_hal_spi.o
HAL_SPI_Transmit                                  build/stm32f1xx_hal_spi.o
                                                  build/nrf24l01p.o
                                                  build/adf4351.o
HAL_SPI_TransmitReceive                           build/stm32f1xx_hal_spi.o
HAL_SPI_TransmitReceive_DMA                       build/stm32f1xx_hal_spi.o
HAL_SPI_TransmitReceive_IT                        build/stm32f1xx_hal_spi.o
HAL_SPI_Transmit_DMA                              build/stm32f1xx_hal_spi.o
HAL_SPI_Transmit_IT                               build/stm32f1xx_hal_spi.o
HAL_SPI_TxCpltCallback                            build/stm32f1xx_hal_spi.o
HAL_SPI_TxHalfCpltCallback                        build/stm32f1xx_hal_spi.o
HAL_SPI_TxRxCpltCallback                          build/stm32f1xx_hal_spi.o
HAL_SPI_TxRxHalfCpltCallback                      build/stm32f1xx_hal_spi.o
HAL_SYSTICK_CLKSourceConfig                       build/stm32f1xx_hal_cortex.o
HAL_SYSTICK_Callback                              build/stm32f1xx_hal_cortex.o
HAL_SYSTICK_Config                                build/stm32f1xx_hal_cortex.o
                                                  build/stm32f1xx_hal.o
HAL_SYSTICK_IRQHandler                            build/stm32f1xx_hal_cortex.o
HAL_SetTickFreq                                   build/stm32f1xx_hal.o
HAL_SuspendTick                                   build/stm32f1xx_hal.o
HAL_TIMEx_BreakCallback                           build/stm32f1xx_hal_tim_ex.o
                                                  build/stm32f1xx_hal_tim.o
HAL_TIMEx_CommutCallback                          build/stm32f1xx_hal_tim_ex.o
                                                  build/stm32f1xx_hal_tim.o
HAL_TIMEx_CommutHalfCpltCallback                  build/stm32f1xx_hal_tim_ex.o
HAL_TIMEx_ConfigBreakDeadTime                     build/stm32f1xx_hal_tim_ex.o
HAL_TIMEx_ConfigCommutEvent                       build/stm32f1xx_hal_tim_ex.o
HAL_TIMEx_ConfigCommutEvent_DMA                   build/stm32f1xx_hal_tim_ex.o
HAL_TIMEx_ConfigCommutEvent_IT                    build/stm32f1xx_hal_tim_ex.o
HAL_TIMEx_GetChannelNState                        build/stm32f1xx_hal_tim_ex.o
HAL_TIMEx_HallSensor_DeInit                       build/stm32f1xx_hal_tim_ex.o
HAL_TIMEx_HallSensor_GetState                     build/stm32f1xx_hal_tim_ex.o
HAL_TIMEx_HallSensor_Init                         build/stm32f1xx_hal_tim_ex.o
HAL_TIMEx_HallSensor_MspDeInit                    build/stm32f1xx_hal_tim_ex.o
HAL_TIMEx_HallSensor_MspInit                      build/stm32f1xx_hal_tim_ex.o
HAL_TIMEx_HallSensor_Start                        build/stm32f1xx_hal_tim_ex.o
HAL_TIMEx_HallSensor_Start_DMA                    build/stm32f1xx_hal_tim_ex.o
HAL_TIMEx_HallSensor_Start_IT                     build/stm32f1xx_hal_tim_ex.o
HAL_TIMEx_HallSensor_Stop                         build/stm32f1xx_hal_tim_ex.o
HAL_TIMEx_HallSensor_Stop_DMA                     build/stm32f1xx_hal_tim_ex.o
HAL_TIMEx_HallSensor_Stop_IT                      build/stm32f1xx_hal_tim_ex.o
HAL_TIMEx_MasterConfigSynchronization             build/stm32f1xx_hal_tim_ex.o
                                                  build/tim.o
HAL_TIMEx_OCN_Start                               build/stm32f1xx_hal_tim_ex.o
HAL_TIMEx_OCN_Start_DMA                           build/stm32f1xx_hal_tim_ex.o
HAL_TIMEx_OCN_Start_IT                            build/stm32f1xx_hal_tim_ex.o
HAL_TIMEx_OCN_Stop                                build/stm32f1xx_hal_tim_ex.o
HAL_TIMEx_OCN_Stop_DMA                            build/stm32f1xx_hal_tim_ex.o
HAL_TIMEx_OCN_Stop_IT                             build/stm32f1xx_hal_tim_ex.o
HAL_TIMEx_OnePulseN_Start                         build/stm32f1xx_hal_tim_ex.o
HAL_TIMEx_OnePulseN_Start_IT                      build/stm32f1xx_hal_tim_ex.o
HAL_TIMEx_OnePulseN_Stop                          build/stm32f1xx_hal_tim_ex.o
HAL_TIMEx_OnePulseN_Stop_IT                       build/stm32f1xx_hal_tim_ex.o
HAL_TIMEx_PWMN_Start                              build/stm32f1xx_hal_tim_ex.o
HAL_TIMEx_PWMN_Start_DMA                          build/stm32f1xx_hal_tim_ex.o
HAL_TIMEx_PWMN_Start_IT                           build/stm32f1xx_hal_tim_ex.o
HAL_TIMEx_PWMN_Stop                               build/stm32f1xx_hal_tim_ex.o
HAL_TIMEx_PWMN_Stop_DMA                           build/stm32f1xx_hal_tim_ex.o
HAL_TIMEx_PWMN_Stop_IT                            build/stm32f1xx_hal_tim_ex.o
HAL_TIMEx_RemapConfig                             build/stm32f1xx_hal_tim_ex.o
HAL_TIM_Base_DeInit                               build/stm32f1xx_hal_tim.o
HAL_TIM_Base_GetState                             build/stm32f1xx_hal_tim.o
HAL_TIM_Base_Init                                 build/stm32f1xx_hal_tim.o
                                                  build/tim.o
HAL_TIM_Base_MspDeInit                            build/tim.o
                                                  build/stm32f1xx_hal_tim.o
HAL_TIM_Base_MspInit                              build/tim.o
                                                  build/stm32f1xx_hal_tim.o
HAL_TIM_Base_Start                                build/stm32f1xx_hal_tim.o
HAL_TIM_Base_Start_DMA                            build/stm32f1xx_hal_tim.o
HAL_TIM_Base_Start_IT                             build/stm32f1xx_hal_tim.o
                                                  build/main.o
HAL_TIM_Base_Stop                                 build/stm32f1xx_hal_tim.o
HAL_TIM_Base_Stop_DMA                             build/stm32f1xx_hal_tim.o
HAL_TIM_Base_Stop_IT                              build/stm32f1xx_hal_tim.o
HAL_TIM_ConfigClockSource                         build/stm32f1xx_hal_tim.o
                                                  build/tim.o
HAL_TIM_ConfigOCrefClear                          build/stm32f1xx_hal_tim.o
HAL_TIM_ConfigTI1Input                            build/stm32f1xx_hal_tim.o
HAL_TIM_DMABurstState                             build/stm32f1xx_hal_tim.o
HAL_TIM_DMABurst_MultiReadStart                   build/stm32f1xx_hal_tim.o
HAL_TIM_DMABurst_MultiWriteStart                  build/stm32f1xx_hal_tim.o
HAL_TIM_DMABurst_ReadStart                        build/stm32f1xx_hal_tim.o
HAL_TIM_DMABurst_ReadStop                         build/stm32f1xx_hal_tim.o
HAL_TIM_DMABurst_WriteStart                       build/stm32f1xx_hal_tim.o
HAL_TIM_DMABurst_WriteStop                        build/stm32f1xx_hal_tim.o
HAL_TIM_Encoder_DeInit                            build/stm32f1xx_hal_tim.o
HAL_TIM_Encoder_GetState                          build/stm32f1xx_hal_tim.o
HAL_TIM_Encoder_Init                              build/stm32f1xx_hal_tim.o
HAL_TIM_Encoder_MspDeInit                         build/stm32f1xx_hal_tim.o
HAL_TIM_Encoder_MspInit                           build/stm32f1xx_hal_tim.o
HAL_TIM_Encoder_Start                             build/stm32f1xx_hal_tim.o
HAL_TIM_Encoder_Start_DMA                         build/stm32f1xx_hal_tim.o
HAL_TIM_Encoder_Start_IT                          build/stm32f1xx_hal_tim.o
HAL_TIM_Encoder_Stop                              build/stm32f1xx_hal_tim.o
HAL_TIM_Encoder_Stop_DMA                          build/stm32f1xx_hal_tim.o
HAL_TIM_Encoder_Stop_IT                           build/stm32f1xx_hal_tim.o
HAL_TIM_ErrorCallback                             build/stm32f1xx_hal_tim.o
                                                  build/stm32f1xx_hal_tim_ex.o
HAL_TIM_GenerateEvent                             build/stm32f1xx_hal_tim.o
HAL_TIM_GetActiveChannel                          build/stm32f1xx_hal_tim.o
HAL_TIM_GetChannelState                           build/stm32f1xx_hal_tim.o
HAL_TIM_IC_CaptureCallback                        build/stm32f1xx_hal_tim.o
HAL_TIM_IC_CaptureHalfCpltCallback                build/stm32f1xx_hal_tim.o
HAL_TIM_IC_ConfigChannel                          build/stm32f1xx_hal_tim.o
HAL_TIM_IC_DeInit                                 build/stm32f1xx_hal_tim.o
HAL_TIM_IC_GetState                               build/stm32f1xx_hal_tim.o
HAL_TIM_IC_Init                                   build/stm32f1xx_hal_tim.o
HAL_TIM_IC_MspDeInit                              build/stm32f1xx_hal_tim.o
HAL_TIM_IC_MspInit                                build/stm32f1xx_hal_tim.o
HAL_TIM_IC_Start                                  build/stm32f1xx_hal_tim.o
HAL_TIM_IC_Start_DMA                              build/stm32f1xx_hal_tim.o
HAL_TIM_IC_Start_IT                               build/stm32f1xx_hal_tim.o
HAL_TIM_IC_Stop                                   build/stm32f1xx_hal_tim.o
HAL_TIM_IC_Stop_DMA                               build/stm32f1xx_hal_tim.o
HAL_TIM_IC_Stop_IT                                build/stm32f1xx_hal_tim.o
HAL_TIM_IRQHandler                                build/stm32f1xx_hal_tim.o
                                                  build/stm32f1xx_it.o
HAL_TIM_OC_ConfigChannel                          build/stm32f1xx_hal_tim.o
HAL_TIM_OC_DeInit                                 build/stm32f1xx_hal_tim.o
HAL_TIM_OC_DelayElapsedCallback                   build/stm32f1xx_hal_tim.o
HAL_TIM_OC_GetState                               build/stm32f1xx_hal_tim.o
HAL_TIM_OC_Init                                   build/stm32f1xx_hal_tim.o
HAL_TIM_OC_MspDeInit                              build/stm32f1xx_hal_tim.o
HAL_TIM_OC_MspInit                                build/stm32f1xx_hal_tim.o
HAL_TIM_OC_Start                                  build/stm32f1xx_hal_tim.o
HAL_TIM_OC_Start_DMA                              build/stm32f1xx_hal_tim.o
HAL_TIM_OC_Start_IT                               build/stm32f1xx_hal_tim.o
HAL_TIM_OC_Stop                                   build/stm32f1xx_hal_tim.o
HAL_TIM_OC_Stop_DMA                               build/stm32f1xx_hal_tim.o
HAL_TIM_OC_Stop_IT                                build/stm32f1xx_hal_tim.o
HAL_TIM_OnePulse_ConfigChannel                    build/stm32f1xx_hal_tim.o
HAL_TIM_OnePulse_DeInit                           build/stm32f1xx_hal_tim.o
HAL_TIM_OnePulse_GetState                         build/stm32f1xx_hal_tim.o
HAL_TIM_OnePulse_Init                             build/stm32f1xx_hal_tim.o
HAL_TIM_OnePulse_MspDeInit                        build/stm32f1xx_hal_tim.o
HAL_TIM_OnePulse_MspInit                          build/stm32f1xx_hal_tim.o
HAL_TIM_OnePulse_Start                            build/stm32f1xx_hal_tim.o
HAL_TIM_OnePulse_Start_IT                         build/stm32f1xx_hal_tim.o
HAL_TIM_OnePulse_Stop                             build/stm32f1xx_hal_tim.o
HAL_TIM_OnePulse_Stop_IT                          build/stm32f1xx_hal_tim.o
HAL_TIM_PWM_ConfigChannel                         build/stm32f1xx_hal_tim.o
HAL_TIM_PWM_DeInit                                build/stm32f1xx_hal_tim.o
HAL_TIM_PWM_GetState                              build/stm32f1xx_hal_tim.o
HAL_TIM_PWM_Init                                  build/stm32f1xx_hal_tim.o
HAL_TIM_PWM_MspDeInit                             build/stm32f1xx_hal_tim.o
HAL_TIM_PWM_MspInit                               build/stm32f1xx_hal_tim.o
HAL_TIM_PWM_PulseFinishedCallback                 build/stm32f1xx_hal_tim.o
                                                  build/stm32f1xx_hal_tim_ex.o
HAL_TIM_PWM_PulseFinishedHalfCpltCallback         build/stm32f1xx_hal_tim.o
HAL_TIM_PWM_Start                                 build/stm32f1xx_hal_tim.o
HAL_TIM_PWM_Start_DMA                             build/stm32f1xx_hal_tim.o
HAL_TIM_PWM_Start_IT                              build/stm32f1xx_hal_tim.o
HAL_TIM_PWM_Stop                                  build/stm32f1xx_hal_tim.o
HAL_TIM_PWM_Stop_DMA                              build/stm32f1xx_hal_tim.o
HAL_TIM_PWM_Stop_IT                               build/stm32f1xx_hal_tim.o
HAL_TIM_PeriodElapsedCallback                     build/main.o
HAL_TIM_PeriodElapsedHalfCpltCallback             build/stm32f1xx_hal_tim.o
HAL_TIM_ReadCapturedValue                         build/stm32f1xx_hal_tim.o
HAL_TIM_SlaveConfigSynchro                        build/stm32f1xx_hal_tim.o
HAL_TIM_SlaveConfigSynchro_IT                     build/stm32f1xx_hal_tim.o
HAL_TIM_TriggerCallback                           build/stm32f1xx_hal_tim.o
HAL_TIM_TriggerHalfCpltCallback                   build/stm32f1xx_hal_tim.o
HardFault_Handler                                 build/stm32f1xx_it.o
I2C1_ER_IRQHandler                                build/startup_stm32f103xb.o
I2C1_EV_IRQHandler                                build/startup_stm32f103xb.o
I2C2_ER_IRQHandler                                build/startup_stm32f103xb.o
I2C2_EV_IRQHandler                                build/startup_stm32f103xb.o
MX_GPIO_Init                                      build/gpio.o
                                                  build/main.o
MX_SPI1_Init                                      build/spi.o
                                                  build/main.o
MX_SPI2_Init                                      build/spi.o
                                                  build/main.o
MX_TIM2_Init                                      build/tim.o
                                                  build/main.o
MemManage_Handler                                 build/stm32f1xx_it.o
NMI_Handler                                       build/stm32f1xx_it.o
PVD_IRQHandler                                    build/startup_stm32f103xb.o
PendSV_Handler                                    build/stm32f1xx_it.o
RCC_IRQHandler                                    build/startup_stm32f103xb.o
RTC_Alarm_IRQHandler                              build/startup_stm32f103xb.o
RTC_IRQHandler                                    build/startup_stm32f103xb.o
Reset_Handler                                     build/startup_stm32f103xb.o
SPI1_IRQHandler                                   build/startup_stm32f103xb.o
SPI2_IRQHandler                                   build/startup_stm32f103xb.o
SPI_Write                                         build/adf4351.o
SPI_assert_CS_LD                                  build/adf4351.o
SPI_deassert_CS_LD                                build/adf4351.o
SVC_Handler                                       build/stm32f1xx_it.o
SysTick_Handler                                   build/stm32f1xx_it.o
SystemClock_Config                                build/main.o
SystemCoreClock                                   build/system_stm32f1xx.o
                                                  build/stm32f1xx_hal_rcc.o
                                                  build/stm32f1xx_hal.o
                                                  build/stm32f1xx_hal_spi.o
SystemCoreClockUpdate                             build/system_stm32f1xx.o
SystemInit                                        build/system_stm32f1xx.o
                                                  build/startup_stm32f103xb.o
TAMPER_IRQHandler                                 build/startup_stm32f103xb.o
TIM1_BRK_IRQHandler                               build/startup_stm32f103xb.o
TIM1_CC_IRQHandler                                build/startup_stm32f103xb.o
TIM1_TRG_COM_IRQHandler                           build/startup_stm32f103xb.o
TIM1_UP_IRQHandler                                build/startup_stm32f103xb.o
TIM2_IRQHandler                                   build/stm32f1xx_it.o
TIM3_IRQHandler                                   build/startup_stm32f103xb.o
TIM4_IRQHandler                                   build/startup_stm32f103xb.o
TIMEx_DMACommutationCplt                          build/stm32f1xx_hal_tim_ex.o
                                                  build/stm32f1xx_hal_tim.o
TIMEx_DMACommutationHalfCplt                      build/stm32f1xx_hal_tim_ex.o
                                                  build/stm32f1xx_hal_tim.o
TIM_Base_SetConfig                                build/stm32f1xx_hal_tim.o
                                                  build/stm32f1xx_hal_tim_ex.o
TIM_CCxChannelCmd                                 build/stm32f1xx_hal_tim.o
                                                  build/stm32f1xx_hal_tim_ex.o
TIM_DMACaptureCplt                                build/stm32f1xx_hal_tim.o
                                                  build/stm32f1xx_hal_tim_ex.o
TIM_DMACaptureHalfCplt                            build/stm32f1xx_hal_tim.o
                                                  build/stm32f1xx_hal_tim_ex.o
TIM_DMADelayPulseHalfCplt                         build/stm32f1xx_hal_tim.o
                                                  build/stm32f1xx_hal_tim_ex.o
TIM_DMAError                                      build/stm32f1xx_hal_tim.o
                                                  build/stm32f1xx_hal_tim_ex.o
TIM_ETR_SetConfig                                 build/stm32f1xx_hal_tim.o
TIM_OC2_SetConfig                                 build/stm32f1xx_hal_tim.o
                                                  build/stm32f1xx_hal_tim_ex.o
TIM_TI1_SetConfig                                 build/stm32f1xx_hal_tim.o
                                                  build/stm32f1xx_hal_tim_ex.o
USART1_IRQHandler                                 build/startup_stm32f103xb.o
USART2_IRQHandler                                 build/startup_stm32f103xb.o
USART3_IRQHandler                                 build/startup_stm32f103xb.o
USBWakeUp_IRQHandler                              build/startup_stm32f103xb.o
USB_HP_CAN1_TX_IRQHandler                         build/startup_stm32f103xb.o
USB_LP_CAN1_RX0_IRQHandler                        build/startup_stm32f103xb.o
UsageFault_Handler                                build/stm32f1xx_it.o
WWDG_IRQHandler                                   build/startup_stm32f103xb.o
_ITM_deregisterTMCloneTable                       d:/programs/tools/arm gnu toolchain arm-none-eabi/11.3 rel1/bin/../lib/gcc/arm-none-eabi/11.3.1/thumb/v7-m/nofp/crtbegin.o
_ITM_registerTMCloneTable                         d:/programs/tools/arm gnu toolchain arm-none-eabi/11.3 rel1/bin/../lib/gcc/arm-none-eabi/11.3.1/thumb/v7-m/nofp/crtbegin.o
_Min_Stack_Size                                   build/sysmem.o
__TMC_END__                                       d:/programs/tools/arm gnu toolchain arm-none-eabi/11.3 rel1/bin/../lib/gcc/arm-none-eabi/11.3.1/thumb/v7-m/nofp/crtend.o
                                                  d:/programs/tools/arm gnu toolchain arm-none-eabi/11.3 rel1/bin/../lib/gcc/arm-none-eabi/11.3.1/thumb/v7-m/nofp/crtbegin.o
__aeabi_idiv0                                     d:/programs/tools/arm gnu toolchain arm-none-eabi/11.3 rel1/bin/../lib/gcc/arm-none-eabi/11.3.1/thumb/v7-m/nofp\libgcc.a(_dvmd_tls.o)
__aeabi_ldiv0                                     d:/programs/tools/arm gnu toolchain arm-none-eabi/11.3 rel1/bin/../lib/gcc/arm-none-eabi/11.3.1/thumb/v7-m/nofp\libgcc.a(_dvmd_tls.o)
                                                  d:/programs/tools/arm gnu toolchain arm-none-eabi/11.3 rel1/bin/../lib/gcc/arm-none-eabi/11.3.1/thumb/v7-m/nofp\libgcc.a(_aeabi_uldivmod.o)
__aeabi_uldivmod                                  d:/programs/tools/arm gnu toolchain arm-none-eabi/11.3 rel1/bin/../lib/gcc/arm-none-eabi/11.3.1/thumb/v7-m/nofp\libgcc.a(_aeabi_uldivmod.o)
                                                  build/adf4351.o
__bss_end__                                       d:/programs/tools/arm gnu toolchain arm-none-eabi/11.3 rel1/bin/../lib/gcc/arm-none-eabi/11.3.1/thumb/v7-m/nofp/crt0.o
__bss_start__                                     d:/programs/tools/arm gnu toolchain arm-none-eabi/11.3 rel1/bin/../lib/gcc/arm-none-eabi/11.3.1/thumb/v7-m/nofp/crt0.o
__call_exitprocs                                  d:/programs/tools/arm gnu toolchain arm-none-eabi/11.3 rel1/bin/../lib/gcc/arm-none-eabi/11.3.1/thumb/v7-m/nofp\libc_nano.a(libc_a-exit.o)
__deregister_frame_info                           d:/programs/tools/arm gnu toolchain arm-none-eabi/11.3 rel1/bin/../lib/gcc/arm-none-eabi/11.3.1/thumb/v7-m/nofp/crtbegin.o
__dso_handle                                      d:/programs/tools/arm gnu toolchain arm-none-eabi/11.3 rel1/bin/../lib/gcc/arm-none-eabi/11.3.1/thumb/v7-m/nofp/crtbegin.o
__env                                             build/syscalls.o
__errno                                           d:/programs/tools/arm gnu toolchain arm-none-eabi/11.3 rel1/bin/../lib/gcc/arm-none-eabi/11.3.1/thumb/v7-m/nofp\libc_nano.a(libc_a-errno.o)
                                                  build/syscalls.o
                                                  build/sysmem.o
__fp_lock_all                                     d:/programs/tools/arm gnu toolchain arm-none-eabi/11.3 rel1/bin/../lib/gcc/arm-none-eabi/11.3.1/thumb/v7-m/nofp\libc_nano.a(libc_a-findfp.o)
__fp_unlock_all                                   d:/programs/tools/arm gnu toolchain arm-none-eabi/11.3 rel1/bin/../lib/gcc/arm-none-eabi/11.3.1/thumb/v7-m/nofp\libc_nano.a(libc_a-findfp.o)
__init_array_end                                  d:/programs/tools/arm gnu toolchain arm-none-eabi/11.3 rel1/bin/../lib/gcc/arm-none-eabi/11.3.1/thumb/v7-m/nofp\libc_nano.a(libc_a-init.o)
__init_array_start                                d:/programs/tools/arm gnu toolchain arm-none-eabi/11.3 rel1/bin/../lib/gcc/arm-none-eabi/11.3.1/thumb/v7-m/nofp\libc_nano.a(libc_a-init.o)
__io_getchar                                      build/syscalls.o
__io_putchar                                      build/syscalls.o
__libc_fini_array                                 d:/programs/tools/arm gnu toolchain arm-none-eabi/11.3 rel1/bin/../lib/gcc/arm-none-eabi/11.3.1/thumb/v7-m/nofp/crt0.o
__libc_init_array                                 d:/programs/tools/arm gnu toolchain arm-none-eabi/11.3 rel1/bin/../lib/gcc/arm-none-eabi/11.3.1/thumb/v7-m/nofp\libc_nano.a(libc_a-init.o)
                                                  build/startup_stm32f103xb.o
                                                  d:/programs/tools/arm gnu toolchain arm-none-eabi/11.3 rel1/bin/../lib/gcc/arm-none-eabi/11.3.1/thumb/v7-m/nofp/crt0.o
__lock___arc4random_mutex                         d:/programs/tools/arm gnu toolchain arm-none-eabi/11.3 rel1/bin/../lib/gcc/arm-none-eabi/11.3.1/thumb/v7-m/nofp\libc_nano.a(libc_a-lock.o)
__lock___at_quick_exit_mutex                      d:/programs/tools/arm gnu toolchain arm-none-eabi/11.3 rel1/bin/../lib/gcc/arm-none-eabi/11.3.1/thumb/v7-m/nofp\libc_nano.a(libc_a-lock.o)
__lock___atexit_recursive_mutex                   d:/programs/tools/arm gnu toolchain arm-none-eabi/11.3 rel1/bin/../lib/gcc/arm-none-eabi/11.3.1/thumb/v7-m/nofp\libc_nano.a(libc_a-lock.o)
__lock___dd_hash_mutex                            d:/programs/tools/arm gnu toolchain arm-none-eabi/11.3 rel1/bin/../lib/gcc/arm-none-eabi/11.3.1/thumb/v7-m/nofp\libc_nano.a(libc_a-lock.o)
__lock___env_recursive_mutex                      d:/programs/tools/arm gnu toolchain arm-none-eabi/11.3 rel1/bin/../lib/gcc/arm-none-eabi/11.3.1/thumb/v7-m/nofp\libc_nano.a(libc_a-lock.o)
__lock___malloc_recursive_mutex                   d:/programs/tools/arm gnu toolchain arm-none-eabi/11.3 rel1/bin/../lib/gcc/arm-none-eabi/11.3.1/thumb/v7-m/nofp\libc_nano.a(libc_a-lock.o)
                                                  d:/programs/tools/arm gnu toolchain arm-none-eabi/11.3 rel1/bin/../lib/gcc/arm-none-eabi/11.3.1/thumb/v7-m/nofp\libc_nano.a(libc_a-mlock.o)
__lock___sfp_recursive_mutex                      d:/programs/tools/arm gnu toolchain arm-none-eabi/11.3 rel1/bin/../lib/gcc/arm-none-eabi/11.3.1/thumb/v7-m/nofp\libc_nano.a(libc_a-lock.o)
                                                  d:/programs/tools/arm gnu toolchain arm-none-eabi/11.3 rel1/bin/../lib/gcc/arm-none-eabi/11.3.1/thumb/v7-m/nofp\libc_nano.a(libc_a-findfp.o)
__lock___tz_mutex                                 d:/programs/tools/arm gnu toolchain arm-none-eabi/11.3 rel1/bin/../lib/gcc/arm-none-eabi/11.3.1/thumb/v7-m/nofp\libc_nano.a(libc_a-lock.o)
__malloc_free_list                                d:/programs/tools/arm gnu toolchain arm-none-eabi/11.3 rel1/bin/../lib/gcc/arm-none-eabi/11.3.1/thumb/v7-m/nofp\libc_nano.a(libc_a-mallocr.o)
                                                  d:/programs/tools/arm gnu toolchain arm-none-eabi/11.3 rel1/bin/../lib/gcc/arm-none-eabi/11.3.1/thumb/v7-m/nofp\libc_nano.a(libc_a-freer.o)
__malloc_lock                                     d:/programs/tools/arm gnu toolchain arm-none-eabi/11.3 rel1/bin/../lib/gcc/arm-none-eabi/11.3.1/thumb/v7-m/nofp\libc_nano.a(libc_a-mlock.o)
                                                  d:/programs/tools/arm gnu toolchain arm-none-eabi/11.3 rel1/bin/../lib/gcc/arm-none-eabi/11.3.1/thumb/v7-m/nofp\libc_nano.a(libc_a-mallocr.o)
                                                  d:/programs/tools/arm gnu toolchain arm-none-eabi/11.3 rel1/bin/../lib/gcc/arm-none-eabi/11.3.1/thumb/v7-m/nofp\libc_nano.a(libc_a-freer.o)
__malloc_sbrk_start                               d:/programs/tools/arm gnu toolchain arm-none-eabi/11.3 rel1/bin/../lib/gcc/arm-none-eabi/11.3.1/thumb/v7-m/nofp\libc_nano.a(libc_a-mallocr.o)
__malloc_unlock                                   d:/programs/tools/arm gnu toolchain arm-none-eabi/11.3 rel1/bin/../lib/gcc/arm-none-eabi/11.3.1/thumb/v7-m/nofp\libc_nano.a(libc_a-mlock.o)
                                                  d:/programs/tools/arm gnu toolchain arm-none-eabi/11.3 rel1/bin/../lib/gcc/arm-none-eabi/11.3.1/thumb/v7-m/nofp\libc_nano.a(libc_a-mallocr.o)
                                                  d:/programs/tools/arm gnu toolchain arm-none-eabi/11.3 rel1/bin/../lib/gcc/arm-none-eabi/11.3.1/thumb/v7-m/nofp\libc_nano.a(libc_a-freer.o)
__preinit_array_end                               d:/programs/tools/arm gnu toolchain arm-none-eabi/11.3 rel1/bin/../lib/gcc/arm-none-eabi/11.3.1/thumb/v7-m/nofp\libc_nano.a(libc_a-init.o)
__preinit_array_start                             d:/programs/tools/arm gnu toolchain arm-none-eabi/11.3 rel1/bin/../lib/gcc/arm-none-eabi/11.3.1/thumb/v7-m/nofp\libc_nano.a(libc_a-init.o)
__register_frame_info                             d:/programs/tools/arm gnu toolchain arm-none-eabi/11.3 rel1/bin/../lib/gcc/arm-none-eabi/11.3.1/thumb/v7-m/nofp/crtbegin.o
__retarget_lock_acquire                           d:/programs/tools/arm gnu toolchain arm-none-eabi/11.3 rel1/bin/../lib/gcc/arm-none-eabi/11.3.1/thumb/v7-m/nofp\libc_nano.a(libc_a-lock.o)
__retarget_lock_acquire_recursive                 d:/programs/tools/arm gnu toolchain arm-none-eabi/11.3 rel1/bin/../lib/gcc/arm-none-eabi/11.3.1/thumb/v7-m/nofp\libc_nano.a(libc_a-lock.o)
                                                  d:/programs/tools/arm gnu toolchain arm-none-eabi/11.3 rel1/bin/../lib/gcc/arm-none-eabi/11.3.1/thumb/v7-m/nofp\libc_nano.a(libc_a-fflush.o)
                                                  d:/programs/tools/arm gnu toolchain arm-none-eabi/11.3 rel1/bin/../lib/gcc/arm-none-eabi/11.3.1/thumb/v7-m/nofp\libc_nano.a(libc_a-mlock.o)
                                                  d:/programs/tools/arm gnu toolchain arm-none-eabi/11.3 rel1/bin/../lib/gcc/arm-none-eabi/11.3.1/thumb/v7-m/nofp\libc_nano.a(libc_a-findfp.o)
__retarget_lock_close                             d:/programs/tools/arm gnu toolchain arm-none-eabi/11.3 rel1/bin/../lib/gcc/arm-none-eabi/11.3.1/thumb/v7-m/nofp\libc_nano.a(libc_a-lock.o)
__retarget_lock_close_recursive                   d:/programs/tools/arm gnu toolchain arm-none-eabi/11.3 rel1/bin/../lib/gcc/arm-none-eabi/11.3.1/thumb/v7-m/nofp\libc_nano.a(libc_a-lock.o)
__retarget_lock_init                              d:/programs/tools/arm gnu toolchain arm-none-eabi/11.3 rel1/bin/../lib/gcc/arm-none-eabi/11.3.1/thumb/v7-m/nofp\libc_nano.a(libc_a-lock.o)
__retarget_lock_init_recursive                    d:/programs/tools/arm gnu toolchain arm-none-eabi/11.3 rel1/bin/../lib/gcc/arm-none-eabi/11.3.1/thumb/v7-m/nofp\libc_nano.a(libc_a-lock.o)
                                                  d:/programs/tools/arm gnu toolchain arm-none-eabi/11.3 rel1/bin/../lib/gcc/arm-none-eabi/11.3.1/thumb/v7-m/nofp\libc_nano.a(libc_a-findfp.o)
__retarget_lock_release                           d:/programs/tools/arm gnu toolchain arm-none-eabi/11.3 rel1/bin/../lib/gcc/arm-none-eabi/11.3.1/thumb/v7-m/nofp\libc_nano.a(libc_a-lock.o)
__retarget_lock_release_recursive                 d:/programs/tools/arm gnu toolchain arm-none-eabi/11.3 rel1/bin/../lib/gcc/arm-none-eabi/11.3.1/thumb/v7-m/nofp\libc_nano.a(libc_a-lock.o)
                                                  d:/programs/tools/arm gnu toolchain arm-none-eabi/11.3 rel1/bin/../lib/gcc/arm-none-eabi/11.3.1/thumb/v7-m/nofp\libc_nano.a(libc_a-fflush.o)
                                                  d:/programs/tools/arm gnu toolchain arm-none-eabi/11.3 rel1/bin/../lib/gcc/arm-none-eabi/11.3.1/thumb/v7-m/nofp\libc_nano.a(libc_a-mlock.o)
                                                  d:/programs/tools/arm gnu toolchain arm-none-eabi/11.3 rel1/bin/../lib/gcc/arm-none-eabi/11.3.1/thumb/v7-m/nofp\libc_nano.a(libc_a-findfp.o)
__retarget_lock_try_acquire                       d:/programs/tools/arm gnu toolchain arm-none-eabi/11.3 rel1/bin/../lib/gcc/arm-none-eabi/11.3.1/thumb/v7-m/nofp\libc_nano.a(libc_a-lock.o)
__retarget_lock_try_acquire_recursive             d:/programs/tools/arm gnu toolchain arm-none-eabi/11.3 rel1/bin/../lib/gcc/arm-none-eabi/11.3.1/thumb/v7-m/nofp\libc_nano.a(libc_a-lock.o)
__sclose                                          d:/programs/tools/arm gnu toolchain arm-none-eabi/11.3 rel1/bin/../lib/gcc/arm-none-eabi/11.3.1/thumb/v7-m/nofp\libc_nano.a(libc_a-stdio.o)
                                                  d:/programs/tools/arm gnu toolchain arm-none-eabi/11.3 rel1/bin/../lib/gcc/arm-none-eabi/11.3.1/thumb/v7-m/nofp\libc_nano.a(libc_a-findfp.o)
__seofread                                        d:/programs/tools/arm gnu toolchain arm-none-eabi/11.3 rel1/bin/../lib/gcc/arm-none-eabi/11.3.1/thumb/v7-m/nofp\libc_nano.a(libc_a-stdio.o)
__sf                                              d:/programs/tools/arm gnu toolchain arm-none-eabi/11.3 rel1/bin/../lib/gcc/arm-none-eabi/11.3.1/thumb/v7-m/nofp\libc_nano.a(libc_a-findfp.o)
                                                  d:/programs/tools/arm gnu toolchain arm-none-eabi/11.3 rel1/bin/../lib/gcc/arm-none-eabi/11.3.1/thumb/v7-m/nofp\libc_nano.a(libc_a-impure.o)
__sflush_r                                        d:/programs/tools/arm gnu toolchain arm-none-eabi/11.3 rel1/bin/../lib/gcc/arm-none-eabi/11.3.1/thumb/v7-m/nofp\libc_nano.a(libc_a-fflush.o)
__sfp                                             d:/programs/tools/arm gnu toolchain arm-none-eabi/11.3 rel1/bin/../lib/gcc/arm-none-eabi/11.3.1/thumb/v7-m/nofp\libc_nano.a(libc_a-findfp.o)
__sfp_lock_acquire                                d:/programs/tools/arm gnu toolchain arm-none-eabi/11.3 rel1/bin/../lib/gcc/arm-none-eabi/11.3.1/thumb/v7-m/nofp\libc_nano.a(libc_a-findfp.o)
__sfp_lock_release                                d:/programs/tools/arm gnu toolchain arm-none-eabi/11.3 rel1/bin/../lib/gcc/arm-none-eabi/11.3.1/thumb/v7-m/nofp\libc_nano.a(libc_a-findfp.o)
__sglue                                           d:/programs/tools/arm gnu toolchain arm-none-eabi/11.3 rel1/bin/../lib/gcc/arm-none-eabi/11.3.1/thumb/v7-m/nofp\libc_nano.a(libc_a-findfp.o)
                                                  d:/programs/tools/arm gnu toolchain arm-none-eabi/11.3 rel1/bin/../lib/gcc/arm-none-eabi/11.3.1/thumb/v7-m/nofp\libc_nano.a(libc_a-fflush.o)
__sinit                                           d:/programs/tools/arm gnu toolchain arm-none-eabi/11.3 rel1/bin/../lib/gcc/arm-none-eabi/11.3.1/thumb/v7-m/nofp\libc_nano.a(libc_a-findfp.o)
                                                  d:/programs/tools/arm gnu toolchain arm-none-eabi/11.3 rel1/bin/../lib/gcc/arm-none-eabi/11.3.1/thumb/v7-m/nofp\libc_nano.a(libc_a-fflush.o)