Archive member included to satisfy reference by file (symbol)

/usr/lib/gcc/arm-none-eabi/10.3.1/../../../arm-none-eabi/lib/thumb/v7-m/nofp/libc_nano.a(lib_a-atexit.o)
                              /usr/lib/gcc/arm-none-eabi/10.3.1/../../../arm-none-eabi/lib/thumb/v7-m/nofp/crt0.o (atexit)
/usr/lib/gcc/arm-none-eabi/10.3.1/../../../arm-none-eabi/lib/thumb/v7-m/nofp/libc_nano.a(lib_a-errno.o)
                              build/sysmem.o (__errno)
/usr/lib/gcc/arm-none-eabi/10.3.1/../../../arm-none-eabi/lib/thumb/v7-m/nofp/libc_nano.a(lib_a-exit.o)
                              /usr/lib/gcc/arm-none-eabi/10.3.1/../../../arm-none-eabi/lib/thumb/v7-m/nofp/crt0.o (exit)
/usr/lib/gcc/arm-none-eabi/10.3.1/../../../arm-none-eabi/lib/thumb/v7-m/nofp/libc_nano.a(lib_a-fini.o)
                              /usr/lib/gcc/arm-none-eabi/10.3.1/../../../arm-none-eabi/lib/thumb/v7-m/nofp/crt0.o (__libc_fini_array)
/usr/lib/gcc/arm-none-eabi/10.3.1/../../../arm-none-eabi/lib/thumb/v7-m/nofp/libc_nano.a(lib_a-impure.o)
                              /usr/lib/gcc/arm-none-eabi/10.3.1/../../../arm-none-eabi/lib/thumb/v7-m/nofp/libc_nano.a(lib_a-exit.o) (_global_impure_ptr)
/usr/lib/gcc/arm-none-eabi/10.3.1/../../../arm-none-eabi/lib/thumb/v7-m/nofp/libc_nano.a(lib_a-init.o)
                              /usr/lib/gcc/arm-none-eabi/10.3.1/../../../arm-none-eabi/lib/thumb/v7-m/nofp/crt0.o (__libc_init_array)
/usr/lib/gcc/arm-none-eabi/10.3.1/../../../arm-none-eabi/lib/thumb/v7-m/nofp/libc_nano.a(lib_a-memset.o)
                              /usr/lib/gcc/arm-none-eabi/10.3.1/../../../arm-none-eabi/lib/thumb/v7-m/nofp/crt0.o (memset)
/usr/lib/gcc/arm-none-eabi/10.3.1/../../../arm-none-eabi/lib/thumb/v7-m/nofp/libc_nano.a(lib_a-__atexit.o)
                              /usr/lib/gcc/arm-none-eabi/10.3.1/../../../arm-none-eabi/lib/thumb/v7-m/nofp/libc_nano.a(lib_a-atexit.o) (__register_exitproc)
/usr/lib/gcc/arm-none-eabi/10.3.1/../../../arm-none-eabi/lib/thumb/v7-m/nofp/libc_nano.a(lib_a-__call_atexit.o)
                              /usr/lib/gcc/arm-none-eabi/10.3.1/../../../arm-none-eabi/lib/thumb/v7-m/nofp/libc_nano.a(lib_a-__atexit.o) (__call_exitprocs)
/usr/lib/gcc/arm-none-eabi/10.3.1/thumb/v7-m/nofp/libgcc.a(_aeabi_uldivmod.o)
                              build/adf4351.o (__aeabi_uldivmod)
/usr/lib/gcc/arm-none-eabi/10.3.1/thumb/v7-m/nofp/libgcc.a(_udivmoddi4.o)
                              /usr/lib/gcc/arm-none-eabi/10.3.1/thumb/v7-m/nofp/libgcc.a(_aeabi_uldivmod.o) (__udivmoddi4)
/usr/lib/gcc/arm-none-eabi/10.3.1/thumb/v7-m/nofp/libgcc.a(_dvmd_tls.o)
                              /usr/lib/gcc/arm-none-eabi/10.3.1/thumb/v7-m/nofp/libgcc.a(_aeabi_uldivmod.o) (__aeabi_ldiv0)

Discarded input sections

 .text          0x0000000000000000        0x0 /usr/lib/gcc/arm-none-eabi/10.3.1/thumb/v7-m/nofp/crti.o
 .data          0x0000000000000000        0x0 /usr/lib/gcc/arm-none-eabi/10.3.1/thumb/v7-m/nofp/crti.o
 .bss           0x0000000000000000        0x0 /usr/lib/gcc/arm-none-eabi/10.3.1/thumb/v7-m/nofp/crti.o
 .data          0x0000000000000000        0x4 /usr/lib/gcc/arm-none-eabi/10.3.1/thumb/v7-m/nofp/crtbegin.o
 .rodata        0x0000000000000000       0x24 /usr/lib/gcc/arm-none-eabi/10.3.1/thumb/v7-m/nofp/crtbegin.o
 .text          0x0000000000000000       0x70 /usr/lib/gcc/arm-none-eabi/10.3.1/../../../arm-none-eabi/lib/thumb/v7-m/nofp/crt0.o
 .data          0x0000000000000000        0x0 /usr/lib/gcc/arm-none-eabi/10.3.1/../../../arm-none-eabi/lib/thumb/v7-m/nofp/crt0.o
 .bss           0x0000000000000000        0x0 /usr/lib/gcc/arm-none-eabi/10.3.1/../../../arm-none-eabi/lib/thumb/v7-m/nofp/crt0.o
 .ARM.extab     0x0000000000000000        0x0 /usr/lib/gcc/arm-none-eabi/10.3.1/../../../arm-none-eabi/lib/thumb/v7-m/nofp/crt0.o
 .ARM.exidx     0x0000000000000000       0x10 /usr/lib/gcc/arm-none-eabi/10.3.1/../../../arm-none-eabi/lib/thumb/v7-m/nofp/crt0.o
 .debug_line    0x0000000000000000       0x87 /usr/lib/gcc/arm-none-eabi/10.3.1/../../../arm-none-eabi/lib/thumb/v7-m/nofp/crt0.o
 .debug_info    0x0000000000000000       0x26 /usr/lib/gcc/arm-none-eabi/10.3.1/../../../arm-none-eabi/lib/thumb/v7-m/nofp/crt0.o
 .debug_abbrev  0x0000000000000000       0x14 /usr/lib/gcc/arm-none-eabi/10.3.1/../../../arm-none-eabi/lib/thumb/v7-m/nofp/crt0.o
 .debug_aranges
                0x0000000000000000       0x20 /usr/lib/gcc/arm-none-eabi/10.3.1/../../../arm-none-eabi/lib/thumb/v7-m/nofp/crt0.o
 .debug_str     0x0000000000000000       0x94 /usr/lib/gcc/arm-none-eabi/10.3.1/../../../arm-none-eabi/lib/thumb/v7-m/nofp/crt0.o
 .ARM.attributes
                0x0000000000000000       0x1b /usr/lib/gcc/arm-none-eabi/10.3.1/../../../arm-none-eabi/lib/thumb/v7-m/nofp/crt0.o
 .text          0x0000000000000000        0x0 build/main.o
 .data          0x0000000000000000        0x0 build/main.o
 .bss           0x0000000000000000        0x0 build/main.o
 .text          0x0000000000000000        0x0 build/gpio.o
[...]
Memory Configuration

Name             Origin             Length             Attributes
RAM              0x0000000020000000 0x0000000000005000 xrw
FLASH            0x0000000008000000 0x0000000000010000 xr
*default*        0x0000000000000000 0xffffffffffffffff

Linker script and memory map

LOAD /usr/lib/gcc/arm-none-eabi/10.3.1/thumb/v7-m/nofp/crti.o
LOAD /usr/lib/gcc/arm-none-eabi/10.3.1/thumb/v7-m/nofp/crtbegin.o
LOAD /usr/lib/gcc/arm-none-eabi/10.3.1/../../../arm-none-eabi/lib/thumb/v7-m/nofp/crt0.o
LOAD build/main.o
LOAD build/gpio.o
LOAD build/spi.o
LOAD build/stm32f1xx_it.o
LOAD build/stm32f1xx_hal_msp.o
LOAD build/sysmem.o
LOAD build/syscalls.o
LOAD build/adf4351.o
LOAD build/nrf24l01p.o
LOAD build/tim.o
LOAD build/stm32f1xx_hal_gpio_ex.o
LOAD build/stm32f1xx_hal_spi.o
LOAD build/stm32f1xx_hal.o
LOAD build/stm32f1xx_hal_rcc.o
LOAD build/stm32f1xx_hal_rcc_ex.o
LOAD build/stm32f1xx_hal_gpio.o
LOAD build/stm32f1xx_hal_dma.o
LOAD build/stm32f1xx_hal_cortex.o
LOAD build/stm32f1xx_hal_pwr.o
LOAD build/stm32f1xx_hal_flash.o
LOAD build/stm32f1xx_hal_flash_ex.o
LOAD build/stm32f1xx_hal_exti.o
LOAD build/stm32f1xx_hal_tim.o
LOAD build/stm32f1xx_hal_tim_ex.o
LOAD build/system_stm32f1xx.o
LOAD build/can.o
LOAD build/stm32f1xx_hal_can.o
LOAD build/startup_stm32f103xb.o
LOAD /usr/lib/gcc/arm-none-eabi/10.3.1/../../../arm-none-eabi/lib/thumb/v7-m/nofp/libc_nano.a
LOAD /usr/lib/gcc/arm-none-eabi/10.3.1/../../../arm-none-eabi/lib/thumb/v7-m/nofp/libm.a
LOAD /usr/lib/gcc/arm-none-eabi/10.3.1/../../../arm-none-eabi/lib/thumb/v7-m/nofp/libnosys.a
START GROUP
LOAD /usr/lib/gcc/arm-none-eabi/10.3.1/thumb/v7-m/nofp/libgcc.a
LOAD /usr/lib/gcc/arm-none-eabi/10.3.1/../../../arm-none-eabi/lib/thumb/v7-m/nofp/libc_nano.a
END GROUP
START GROUP
LOAD /usr/lib/gcc/arm-none-eabi/10.3.1/thumb/v7-m/nofp/libgcc.a
LOAD /usr/lib/gcc/arm-none-eabi/10.3.1/../../../arm-none-eabi/lib/thumb/v7-m/nofp/libc_nano.a
END GROUP
LOAD /usr/lib/gcc/arm-none-eabi/10.3.1/thumb/v7-m/nofp/crtend.o
LOAD /usr/lib/gcc/arm-none-eabi/10.3.1/thumb/v7-m/nofp/crtn.o
                0x0000000020005000                _estack = (ORIGIN (RAM) + LENGTH (RAM))
                0x0000000000000200                _Min_Heap_Size = 0x200
                0x0000000000000400                _Min_Stack_Size = 0x400

.isr_vector     0x0000000008000000      0x10c
                0x0000000008000000                . = ALIGN (0x4)
 *(.isr_vector)
 .isr_vector    0x0000000008000000      0x10c build/startup_stm32f103xb.o
                0x0000000008000000                g_pfnVectors
                0x000000000800010c                . = ALIGN (0x4)

.text           0x0000000008000110     0x2790
                0x0000000008000110                . = ALIGN (0x4)
 *(.text)
 .text          0x0000000008000110       0x88 /usr/lib/gcc/arm-none-eabi/10.3.1/thumb/v7-m/nofp/crtbegin.o
 .text          0x0000000008000198       0x48 /usr/lib/gcc/arm-none-eabi/10.3.1/../../../arm-none-eabi/lib/thumb/v7-m/nofp/libc_nano.a(lib_a-init.o)
                0x0000000008000198                __libc_init_array
 .text          0x00000000080001e0       0xa4 /usr/lib/gcc/arm-none-eabi/10.3.1/../../../arm-none-eabi/lib/thumb/v7-m/nofp/libc_nano.a(lib_a-memset.o)
                0x00000000080001e0                memset
 .text          0x0000000008000284       0x30 /usr/lib/gcc/arm-none-eabi/10.3.1/thumb/v7-m/nofp/libgcc.a(_aeabi_uldivmod.o)
                0x0000000008000284                __aeabi_uldivmod
 .text          0x00000000080002b4      0x2d4 /usr/lib/gcc/arm-none-eabi/10.3.1/thumb/v7-m/nofp/libgcc.a(_udivmoddi4.o)
                0x00000000080002b4                __udivmoddi4
 .text          0x0000000008000588        0x4 /usr/lib/gcc/arm-none-eabi/10.3.1/thumb/v7-m/nofp/libgcc.a(_dvmd_tls.o)
                0x0000000008000588                __aeabi_ldiv0
                0x0000000008000588                __aeabi_idiv0
 *(.text*)
 .text.HAL_TIM_PeriodElapsedCallback
                0x000000000800058c       0x38 build/main.o
                0x000000000800058c                HAL_TIM_PeriodElapsedCallback
 .text.cmd_sm_init
                0x00000000080005c4       0x90 build/main.o
                0x00000000080005c4                cmd_sm_init
 .text.Error_Handler
                0x0000000008000654        0x4 build/main.o
                0x0000000008000654                Error_Handler
 .text.SystemClock_Config
                0x0000000008000658       0x6a build/main.o
                0x0000000008000658                SystemClock_Config
 *fill*         0x00000000080006c2        0x6 
 .text.main     0x00000000080006c8      0x10c build/main.o
                0x00000000080006c8                main
 .text.MX_GPIO_Init
                0x00000000080007d4       0xa4 build/gpio.o
                0x00000000080007d4                MX_GPIO_Init
 .text.MX_SPI1_Init
                0x0000000008000878       0x44 build/spi.o
                0x0000000008000878                MX_SPI1_Init
 .text.MX_SPI2_Init
                0x00000000080008bc       0x40 build/spi.o
                0x00000000080008bc                MX_SPI2_Init
 .text.HAL_SPI_MspInit
                0x00000000080008fc       0xc4 build/spi.o
                0x00000000080008fc                HAL_SPI_MspInit
 .text.NMI_Handler
                0x00000000080009c0        0x2 build/stm32f1xx_it.o
                0x00000000080009c0                NMI_Handler
 .text.HardFault_Handler
                0x00000000080009c2        0x2 build/stm32f1xx_it.o
                0x00000000080009c2                HardFault_Handler
 .text.MemManage_Handler
                0x00000000080009c4        0x2 build/stm32f1xx_it.o
                0x00000000080009c4                MemManage_Handler
 .text.BusFault_Handler
                0x00000000080009c6        0x2 build/stm32f1xx_it.o
                0x00000000080009c6                BusFault_Handler
 .text.UsageFault_Handler
                0x00000000080009c8        0x2 build/stm32f1xx_it.o
                0x00000000080009c8                UsageFault_Handler
 .text.SVC_Handler
                0x00000000080009ca        0x2 build/stm32f1xx_it.o
                0x00000000080009ca                SVC_Handler
 .text.DebugMon_Handler
                0x00000000080009cc        0x2 build/stm32f1xx_it.o
                0x00000000080009cc                DebugMon_Handler
 .text.PendSV_Handler
                0x00000000080009ce        0x2 build/stm32f1xx_it.o
                0x00000000080009ce                PendSV_Handler
 .text.SysTick_Handler
                0x00000000080009d0        0x8 build/stm32f1xx_it.o
                0x00000000080009d0                SysTick_Handler
 .text.TIM2_IRQHandler
                0x00000000080009d8       0x10 build/stm32f1xx_it.o
                0x00000000080009d8                TIM2_IRQHandler
 .text.HAL_MspInit
                0x00000000080009e8       0x44 build/stm32f1xx_hal_msp.o
                0x00000000080009e8                HAL_MspInit
 .text.SPI_assert_CS_LD
                0x0000000008000a2c       0x20 build/adf4351.o
                0x0000000008000a2c                SPI_assert_CS_LD
 .text.SPI_deassert_CS_LD
                0x0000000008000a4c       0x20 build/adf4351.o
                0x0000000008000a4c                SPI_deassert_CS_LD
 .text.SPI_Write
                0x0000000008000a6c       0x24 build/adf4351.o
                0x0000000008000a6c                SPI_Write
 .text.adf4350_write
                0x0000000008000a90       0x46 build/adf4351.o
                0x0000000008000a90                adf4350_write
 .text.adf4350_sync_config
                0x0000000008000ad6       0x60 build/adf4351.o
                0x0000000008000ad6                adf4350_sync_config
 *fill*         0x0000000008000b36        0x2 
 .text.adf4350_tune_r_cnt
                0x0000000008000b38       0x48 build/adf4351.o
                0x0000000008000b38                adf4350_tune_r_cnt
 .text.gcd      0x0000000008000b80       0x2a build/adf4351.o
                0x0000000008000b80                gcd
 *fill*         0x0000000008000baa        0x2 
 .text.adf4350_set_freq
                0x0000000008000bac      0x244 build/adf4351.o
                0x0000000008000bac                adf4350_set_freq
 .text.adf4350_out_altvoltage0_frequency
                0x0000000008000df0       0x14 build/adf4351.o
                0x0000000008000df0                adf4350_out_altvoltage0_frequency
 .text.adf4350_out_altvoltage0_frequency_resolution
                0x0000000008000e04       0x18 build/adf4351.o
                0x0000000008000e04                adf4350_out_altvoltage0_frequency_resolution
 .text.adf4350_out_altvoltage0_refin_frequency
                0x0000000008000e1c       0x1c build/adf4351.o
                0x0000000008000e1c                adf4350_out_altvoltage0_refin_frequency
 .text.adf4350_setup
                0x0000000008000e38      0x190 build/adf4351.o
                0x0000000008000e38                adf4350_setup
 .text.adf4350_out_altvoltage0_powerdown
                0x0000000008000fc8       0x38 build/adf4351.o
                0x0000000008000fc8                adf4350_out_altvoltage0_powerdown
 .text.MX_TIM2_Init
                0x0000000008001000       0x70 build/tim.o
                0x0000000008001000                MX_TIM2_Init
 .text.HAL_TIM_Base_MspInit
                0x0000000008001070       0x3a build/tim.o
                0x0000000008001070                HAL_TIM_Base_MspInit
 *fill*         0x00000000080010aa        0x2 
 .text.SPI_WaitFlagStateUntilTimeout
                0x00000000080010ac       0xd4 build/stm32f1xx_hal_spi.o
 .text.SPI_EndRxTxTransaction
                0x0000000008001180       0x24 build/stm32f1xx_hal_spi.o
 .text.HAL_SPI_Init
                0x00000000080011a4       0xb6 build/stm32f1xx_hal_spi.o
                0x00000000080011a4                HAL_SPI_Init
 .text.HAL_SPI_Transmit
                0x000000000800125a      0x1b8 build/stm32f1xx_hal_spi.o
                0x000000000800125a                HAL_SPI_Transmit
 *fill*         0x0000000008001412        0x2 
 .text.HAL_InitTick
                0x0000000008001414       0x4c build/stm32f1xx_hal.o
                0x0000000008001414                HAL_InitTick
 .text.HAL_Init
                0x0000000008001460       0x24 build/stm32f1xx_hal.o
                0x0000000008001460                HAL_Init
 .text.HAL_IncTick
                0x0000000008001484       0x18 build/stm32f1xx_hal.o
                0x0000000008001484                HAL_IncTick
 .text.HAL_GetTick
                0x000000000800149c        0xc build/stm32f1xx_hal.o
                0x000000000800149c                HAL_GetTick
 .text.HAL_Delay
                0x00000000080014a8       0x28 build/stm32f1xx_hal.o
                0x00000000080014a8                HAL_Delay
 .text.RCC_Delay
                0x00000000080014d0       0x2c build/stm32f1xx_hal_rcc.o
 .text.HAL_RCC_OscConfig
                0x00000000080014fc      0x410 build/stm32f1xx_hal_rcc.o
                0x00000000080014fc                HAL_RCC_OscConfig
 .text.HAL_RCC_GetSysClockFreq
                0x000000000800190c       0x60 build/stm32f1xx_hal_rcc.o
                0x000000000800190c                HAL_RCC_GetSysClockFreq
 .text.HAL_RCC_ClockConfig
                0x000000000800196c      0x16c build/stm32f1xx_hal_rcc.o
                0x000000000800196c                HAL_RCC_ClockConfig
 .text.HAL_GPIO_Init
                0x0000000008001ad8      0x224 build/stm32f1xx_hal_gpio.o
                0x0000000008001ad8                HAL_GPIO_Init
 .text.HAL_GPIO_WritePin
                0x0000000008001cfc        0xc build/stm32f1xx_hal_gpio.o
                0x0000000008001cfc                HAL_GPIO_WritePin
 .text.HAL_NVIC_SetPriorityGrouping
                0x0000000008001d08       0x24 build/stm32f1xx_hal_cortex.o
                0x0000000008001d08                HAL_NVIC_SetPriorityGrouping
 .text.HAL_NVIC_SetPriority
                0x0000000008001d2c       0x70 build/stm32f1xx_hal_cortex.o
                0x0000000008001d2c                HAL_NVIC_SetPriority
 .text.HAL_NVIC_EnableIRQ
                0x0000000008001d9c       0x1c build/stm32f1xx_hal_cortex.o
                0x0000000008001d9c                HAL_NVIC_EnableIRQ
 .text.HAL_SYSTICK_Config
                0x0000000008001db8       0x28 build/stm32f1xx_hal_cortex.o
                0x0000000008001db8                HAL_SYSTICK_Config
 .text.TIM_TI1_ConfigInputStage
                0x0000000008001de0       0x24 build/stm32f1xx_hal_tim.o
 .text.TIM_TI2_ConfigInputStage
                0x0000000008001e04       0x26 build/stm32f1xx_hal_tim.o
 .text.TIM_ITRx_SetConfig
                0x0000000008001e2a       0x10 build/stm32f1xx_hal_tim.o
 .text.HAL_TIM_OC_DelayElapsedCallback
                0x0000000008001e3a        0x2 build/stm32f1xx_hal_tim.o
                0x0000000008001e3a                HAL_TIM_OC_DelayElapsedCallback
 .text.HAL_TIM_IC_CaptureCallback
                0x0000000008001e3c        0x2 build/stm32f1xx_hal_tim.o
                0x0000000008001e3c                HAL_TIM_IC_CaptureCallback
 .text.HAL_TIM_PWM_PulseFinishedCallback
                0x0000000008001e3e        0x2 build/stm32f1xx_hal_tim.o
                0x0000000008001e3e                HAL_TIM_PWM_PulseFinishedCallback
 .text.HAL_TIM_TriggerCallback
                0x0000000008001e40        0x2 build/stm32f1xx_hal_tim.o
                0x0000000008001e40                HAL_TIM_TriggerCallback
 .text.HAL_TIM_IRQHandler
                0x0000000008001e42      0x17a build/stm32f1xx_hal_tim.o
                0x0000000008001e42                HAL_TIM_IRQHandler
 .text.TIM_Base_SetConfig
                0x0000000008001fbc       0x74 build/stm32f1xx_hal_tim.o
                0x0000000008001fbc                TIM_Base_SetConfig
 .text.HAL_TIM_Base_Init
                0x0000000008002030       0x58 build/stm32f1xx_hal_tim.o
                0x0000000008002030                HAL_TIM_Base_Init
 .text.TIM_ETR_SetConfig
                0x0000000008002088       0x18 build/stm32f1xx_hal_tim.o
                0x0000000008002088                TIM_ETR_SetConfig
 .text.HAL_TIM_ConfigClockSource
                0x00000000080020a0       0xfe build/stm32f1xx_hal_tim.o
                0x00000000080020a0                HAL_TIM_ConfigClockSource
 *fill*         0x000000000800219e        0x2 
 .text.HAL_TIMEx_MasterConfigSynchronization
                0x00000000080021a0       0x6c build/stm32f1xx_hal_tim_ex.o
                0x00000000080021a0                HAL_TIMEx_MasterConfigSynchronization
 .text.HAL_TIMEx_CommutCallback
                0x000000000800220c        0x2 build/stm32f1xx_hal_tim_ex.o
                0x000000000800220c                HAL_TIMEx_CommutCallback
 .text.HAL_TIMEx_BreakCallback
                0x000000000800220e        0x2 build/stm32f1xx_hal_tim_ex.o
                0x000000000800220e                HAL_TIMEx_BreakCallback
 .text.SystemInit
                0x0000000008002210        0x2 build/system_stm32f1xx.o
                0x0000000008002210                SystemInit
 *fill*         0x0000000008002212        0x2 
 .text.MX_CAN_Init
                0x0000000008002214       0x40 build/can.o
                0x0000000008002214                MX_CAN_Init
 .text.HAL_CAN_MspInit
                0x0000000008002254       0x88 build/can.o
                0x0000000008002254                HAL_CAN_MspInit
 .text.HAL_CAN_Init
                0x00000000080022dc      0x14c build/stm32f1xx_hal_can.o
                0x00000000080022dc                HAL_CAN_Init
 .text.HAL_CAN_ConfigFilter
                0x0000000008002428      0x10c build/stm32f1xx_hal_can.o
                0x0000000008002428                HAL_CAN_ConfigFilter
 .text.HAL_CAN_Start
                0x0000000008002534       0x5c build/stm32f1xx_hal_can.o
                0x0000000008002534                HAL_CAN_Start
 .text.HAL_CAN_AddTxMessage
                0x0000000008002590       0xea build/stm32f1xx_hal_can.o
                0x0000000008002590                HAL_CAN_AddTxMessage
 .text.HAL_CAN_GetTxMailboxesFreeLevel
                0x000000000800267a       0x32 build/stm32f1xx_hal_can.o
                0x000000000800267a                HAL_CAN_GetTxMailboxesFreeLevel
 .text.HAL_CAN_GetRxMessage
                0x00000000080026ac      0x16a build/stm32f1xx_hal_can.o
                0x00000000080026ac                HAL_CAN_GetRxMessage
 .text.HAL_CAN_GetRxFifoFillLevel
                0x0000000008002816       0x26 build/stm32f1xx_hal_can.o
                0x0000000008002816                HAL_CAN_GetRxFifoFillLevel
 .text.Reset_Handler
                0x000000000800283c       0x48 build/startup_stm32f103xb.o
                0x000000000800283c                Reset_Handler
 .text.Default_Handler
                0x0000000008002884        0x2 build/startup_stm32f103xb.o
                0x0000000008002884                RTC_Alarm_IRQHandler
                0x0000000008002884                EXTI2_IRQHandler
                0x0000000008002884                TIM1_CC_IRQHandler
                0x0000000008002884                PVD_IRQHandler
                0x0000000008002884                EXTI3_IRQHandler
                0x0000000008002884                EXTI0_IRQHandler
                0x0000000008002884                I2C2_EV_IRQHandler
                0x0000000008002884                ADC1_2_IRQHandler
                0x0000000008002884                SPI1_IRQHandler
                0x0000000008002884                TAMPER_IRQHandler
                0x0000000008002884                DMA1_Channel4_IRQHandler
                0x0000000008002884                USART3_IRQHandler
                0x0000000008002884                RTC_IRQHandler
                0x0000000008002884                DMA1_Channel7_IRQHandler
                0x0000000008002884                CAN1_RX1_IRQHandler
                0x0000000008002884                TIM4_IRQHandler
                0x0000000008002884                I2C1_EV_IRQHandler
                0x0000000008002884                DMA1_Channel6_IRQHandler
                0x0000000008002884                TIM3_IRQHandler
                0x0000000008002884                RCC_IRQHandler
                0x0000000008002884                TIM1_TRG_COM_IRQHandler
                0x0000000008002884                DMA1_Channel1_IRQHandler
                0x0000000008002884                Default_Handler
                0x0000000008002884                EXTI15_10_IRQHandler
                0x0000000008002884                EXTI9_5_IRQHandler
                0x0000000008002884                SPI2_IRQHandler
                0x0000000008002884                DMA1_Channel5_IRQHandler
                0x0000000008002884                EXTI4_IRQHandler
                0x0000000008002884                USB_LP_CAN1_RX0_IRQHandler
                0x0000000008002884                USB_HP_CAN1_TX_IRQHandler
                0x0000000008002884                DMA1_Channel3_IRQHandler
                0x0000000008002884                TIM1_UP_IRQHandler
                0x0000000008002884                WWDG_IRQHandler
                0x0000000008002884                TIM1_BRK_IRQHandler
                0x0000000008002884                EXTI1_IRQHandler
                0x0000000008002884                USART2_IRQHandler
                0x0000000008002884                I2C2_ER_IRQHandler
                0x0000000008002884                DMA1_Channel2_IRQHandler
                0x0000000008002884                CAN1_SCE_IRQHandler
                0x0000000008002884                FLASH_IRQHandler
                0x0000000008002884                USART1_IRQHandler
                0x0000000008002884                I2C1_ER_IRQHandler
                0x0000000008002884                USBWakeUp_IRQHandler
 *(.glue_7)
 .glue_7        0x0000000008002886        0x0 linker stubs
 *(.glue_7t)
 .glue_7t       0x0000000008002886        0x0 linker stubs
 *(.eh_frame)
 *fill*         0x0000000008002886        0x2 
 .eh_frame      0x0000000008002888        0x0 /usr/lib/gcc/arm-none-eabi/10.3.1/thumb/v7-m/nofp/crtbegin.o
 *(.init)
 .init          0x0000000008002888        0x4 /usr/lib/gcc/arm-none-eabi/10.3.1/thumb/v7-m/nofp/crti.o
                0x0000000008002888                _init
 .init          0x000000000800288c        0x8 /usr/lib/gcc/arm-none-eabi/10.3.1/thumb/v7-m/nofp/crtn.o
 *(.fini)
 .fini          0x0000000008002894        0x4 /usr/lib/gcc/arm-none-eabi/10.3.1/thumb/v7-m/nofp/crti.o
                0x0000000008002894                _fini
 .fini          0x0000000008002898        0x8 /usr/lib/gcc/arm-none-eabi/10.3.1/thumb/v7-m/nofp/crtn.o
                0x00000000080028a0                . = ALIGN (0x4)
                0x00000000080028a0                _etext = .

.vfp11_veneer   0x00000000080028a0        0x0
 .vfp11_veneer  0x00000000080028a0        0x0 linker stubs

.v4_bx          0x00000000080028a0        0x0
 .v4_bx         0x00000000080028a0        0x0 linker stubs

.iplt           0x00000000080028a0        0x0
 .iplt          0x00000000080028a0        0x0 /usr/lib/gcc/arm-none-eabi/10.3.1/thumb/v7-m/nofp/crtbegin.o

.rodata         0x00000000080028a0      0x384
                0x00000000080028a0                . = ALIGN (0x4)
 *(.rodata)
 .rodata        0x00000000080028a0       0x40 build/main.o
 *(.rodata*)
 .rodata.fhss_freqs
                0x00000000080028e0      0x320 build/main.o
                0x00000000080028e0                fhss_freqs
 .rodata.aPLLMULFactorTable.1
                0x0000000008002c00       0x10 build/stm32f1xx_hal_rcc.o
 .rodata.aPredivFactorTable.0
                0x0000000008002c10        0x2 build/stm32f1xx_hal_rcc.o
 *fill*         0x0000000008002c12        0x2 
 .rodata.AHBPrescTable
                0x0000000008002c14       0x10 build/system_stm32f1xx.o
                0x0000000008002c14                AHBPrescTable
                0x0000000008002c24                . = ALIGN (0x4)

.ARM.extab
 *(.ARM.extab* .gnu.linkonce.armextab.*)

.ARM            0x0000000008002c24        0x8
                0x0000000008002c24                __exidx_start = .
 *(.ARM.exidx*)
 .ARM.exidx     0x0000000008002c24        0x8 /usr/lib/gcc/arm-none-eabi/10.3.1/thumb/v7-m/nofp/libgcc.a(_udivmoddi4.o)
                0x0000000008002c2c                __exidx_end = .

.rel.dyn        0x0000000008002c2c        0x0
 .rel.iplt      0x0000000008002c2c        0x0 /usr/lib/gcc/arm-none-eabi/10.3.1/thumb/v7-m/nofp/crtbegin.o

.preinit_array  0x0000000008002c2c        0x0
                0x0000000008002c2c                PROVIDE (__preinit_array_start = .)
 *(.preinit_array*)
                0x0000000008002c2c                PROVIDE (__preinit_array_end = .)

.init_array     0x0000000008002c2c        0x4
                0x0000000008002c2c                PROVIDE (__init_array_start = .)
 *(SORT_BY_NAME(.init_array.*))
 *(.init_array*)
 .init_array    0x0000000008002c2c        0x4 /usr/lib/gcc/arm-none-eabi/10.3.1/thumb/v7-m/nofp/crtbegin.o
                0x0000000008002c30                PROVIDE (__init_array_end = .)

.fini_array     0x0000000008002c30        0x4
                0x0000000008002c30                PROVIDE (__fini_array_start = .)
 *(SORT_BY_NAME(.fini_array.*))
 *(.fini_array*)
 .fini_array    0x0000000008002c30        0x4 /usr/lib/gcc/arm-none-eabi/10.3.1/thumb/v7-m/nofp/crtbegin.o
                0x0000000008002c34                PROVIDE (__fini_array_end = .)
                0x0000000008002c34                _sidata = LOADADDR (.data)

.data           0x0000000020000000        0xc load address 0x0000000008002c34
                0x0000000020000000                . = ALIGN (0x4)
                0x0000000020000000                _sdata = .
 *(.data)
 *(.data*)
 .data.uwTickFreq
                0x0000000020000000        0x1 build/stm32f1xx_hal.o
                0x0000000020000000                uwTickFreq
 *fill*         0x0000000020000001        0x3 
 .data.uwTickPrio
                0x0000000020000004        0x4 build/stm32f1xx_hal.o
                0x0000000020000004                uwTickPrio
 .data.SystemCoreClock
                0x0000000020000008        0x4 build/system_stm32f1xx.o
                0x0000000020000008                SystemCoreClock
                0x000000002000000c                . = ALIGN (0x4)
                0x000000002000000c                _edata = .

.tm_clone_table
                0x000000002000000c        0x0 load address 0x0000000008002c40
 .tm_clone_table
                0x000000002000000c        0x0 /usr/lib/gcc/arm-none-eabi/10.3.1/thumb/v7-m/nofp/crtbegin.o
 .tm_clone_table
                0x000000002000000c        0x0 /usr/lib/gcc/arm-none-eabi/10.3.1/thumb/v7-m/nofp/crtend.o

.igot.plt       0x000000002000000c        0x0 load address 0x0000000008002c40
 .igot.plt      0x000000002000000c        0x0 /usr/lib/gcc/arm-none-eabi/10.3.1/thumb/v7-m/nofp/crtbegin.o
                0x000000002000000c                . = ALIGN (0x4)

.bss            0x0000000020000010      0x204 load address 0x0000000008002c40
                0x0000000020000010                _sbss = .
                0x0000000020000010                __bss_start__ = _sbss
 *(.bss)
 .bss           0x0000000020000010       0x1c /usr/lib/gcc/arm-none-eabi/10.3.1/thumb/v7-m/nofp/crtbegin.o
 *(.bss*)
 .bss.i.0       0x000000002000002c        0x1 build/main.o
 *fill*         0x000000002000002d        0x3 
 .bss.pll_config
                0x0000000020000030       0x3c build/main.o
                0x0000000020000030                pll_config
 .bss.hspi1     0x000000002000006c       0x58 build/spi.o
                0x000000002000006c                hspi1
 .bss.hspi2     0x00000000200000c4       0x58 build/spi.o
                0x00000000200000c4                hspi2
 .bss.adf4350_st
                0x000000002000011c       0x58 build/adf4351.o
 *fill*         0x0000000020000174        0x4 
 .bss.platdata  0x0000000020000178       0x28 build/adf4351.o
                0x0000000020000178                platdata
 .bss.htim2     0x00000000200001a0       0x48 build/tim.o
                0x00000000200001a0                htim2
 .bss.uwTick    0x00000000200001e8        0x4 build/stm32f1xx_hal.o
                0x00000000200001e8                uwTick
 .bss.hcan      0x00000000200001ec       0x28 build/can.o
                0x00000000200001ec                hcan
 *(COMMON)
                0x0000000020000214                . = ALIGN (0x4)
                0x0000000020000214                _ebss = .
                0x0000000020000214                __bss_end__ = _ebss

._user_heap_stack
                0x0000000020000214      0x604 load address 0x0000000008002c40
                0x0000000020000218                . = ALIGN (0x8)
 *fill*         0x0000000020000214        0x4 
                [!provide]                        PROVIDE (end = .)
                0x0000000020000218                PROVIDE (_end = .)
                0x0000000020000418                . = (. + _Min_Heap_Size)
 *fill*         0x0000000020000218      0x200 
                0x0000000020000818                . = (. + _Min_Stack_Size)
 *fill*         0x0000000020000418      0x400 
                0x0000000020000818                . = ALIGN (0x8)

/DISCARD/
 libc.a(*)
 libm.a(*)
 libgcc.a(*)

.ARM.attributes
                0x0000000000000000       0x29
 *(.ARM.attributes)
 .ARM.attributes
                0x0000000000000000       0x1d /usr/lib/gcc/arm-none-eabi/10.3.1/thumb/v7-m/nofp/crti.o
 .ARM.attributes
                0x000000000000001d       0x2d /usr/lib/gcc/arm-none-eabi/10.3.1/thumb/v7-m/nofp/crtbegin.o
 .ARM.attributes
                0x000000000000004a       0x2d build/main.o
 .ARM.attributes
                0x0000000000000077       0x2d build/gpio.o
 .ARM.attributes
                0x00000000000000a4       0x2d build/spi.o
 .ARM.attributes
                0x00000000000000d1       0x2d build/stm32f1xx_it.o
 .ARM.attributes
                0x00000000000000fe       0x2d build/stm32f1xx_hal_msp.o
 .ARM.attributes
                0x000000000000012b       0x2d build/adf4351.o
 .ARM.attributes
                0x0000000000000158       0x2d build/tim.o
 .ARM.attributes
                0x0000000000000185       0x2d build/stm32f1xx_hal_spi.o
 .ARM.attributes
                0x00000000000001b2       0x2d build/stm32f1xx_hal.o
 .ARM.attributes
                0x00000000000001df       0x2d build/stm32f1xx_hal_rcc.o
 .ARM.attributes
                0x000000000000020c       0x2d build/stm32f1xx_hal_gpio.o
 .ARM.attributes
                0x0000000000000239       0x2d build/stm32f1xx_hal_cortex.o
 .ARM.attributes
                0x0000000000000266       0x2d build/stm32f1xx_hal_tim.o
 .ARM.attributes
                0x0000000000000293       0x2d build/stm32f1xx_hal_tim_ex.o
 .ARM.attributes
                0x00000000000002c0       0x2d build/system_stm32f1xx.o
 .ARM.attributes
                0x00000000000002ed       0x2d build/can.o
 .ARM.attributes
                0x000000000000031a       0x2d build/stm32f1xx_hal_can.o
 .ARM.attributes
                0x0000000000000347       0x21 build/startup_stm32f103xb.o
 .ARM.attributes
                0x0000000000000368       0x2d /usr/lib/gcc/arm-none-eabi/10.3.1/../../../arm-none-eabi/lib/thumb/v7-m/nofp/libc_nano.a(lib_a-init.o)
 .ARM.attributes
                0x0000000000000395       0x2d /usr/lib/gcc/arm-none-eabi/10.3.1/../../../arm-none-eabi/lib/thumb/v7-m/nofp/libc_nano.a(lib_a-memset.o)
 .ARM.attributes
                0x00000000000003c2       0x1d /usr/lib/gcc/arm-none-eabi/10.3.1/thumb/v7-m/nofp/libgcc.a(_aeabi_uldivmod.o)
 .ARM.attributes
                0x00000000000003df       0x2d /usr/lib/gcc/arm-none-eabi/10.3.1/thumb/v7-m/nofp/libgcc.a(_udivmoddi4.o)
 .ARM.attributes
                0x000000000000040c       0x1d /usr/lib/gcc/arm-none-eabi/10.3.1/thumb/v7-m/nofp/libgcc.a(_dvmd_tls.o)
 .ARM.attributes
                0x0000000000000429       0x2d /usr/lib/gcc/arm-none-eabi/10.3.1/thumb/v7-m/nofp/crtend.o
 .ARM.attributes
                0x0000000000000456       0x1d /usr/lib/gcc/arm-none-eabi/10.3.1/thumb/v7-m/nofp/crtn.o
OUTPUT(build/ptn.elf elf32-littlearm)
LOAD linker stubs
LOAD /usr/lib/gcc/arm-none-eabi/10.3.1/../../../arm-none-eabi/lib/thumb/v7-m/nofp/libc.a
LOAD /usr/lib/gcc/arm-none-eabi/10.3.1/../../../arm-none-eabi/lib/thumb/v7-m/nofp/libm.a
LOAD /usr/lib/gcc/arm-none-eabi/10.3.1/thumb/v7-m/nofp/libgcc.a

.comment        0x0000000000000000       0x33
 .comment       0x0000000000000000       0x33 /usr/lib/gcc/arm-none-eabi/10.3.1/thumb/v7-m/nofp/crtbegin.o
                                         0x34 (size before relaxing)
 .comment       0x0000000000000033       0x34 build/main.o
 .comment       0x0000000000000033       0x34 build/gpio.o
 .comment       0x0000000000000033       0x34 build/spi.o
 .comment       0x0000000000000033       0x34 build/stm32f1xx_it.o
 .comment       0x0000000000000033       0x34 build/stm32f1xx_hal_msp.o
 .comment       0x0000000000000033       0x34 build/adf4351.o
 .comment       0x0000000000000033       0x34 build/tim.o
 .comment       0x0000000000000033       0x34 build/stm32f1xx_hal_spi.o
 .comment       0x0000000000000033       0x34 build/stm32f1xx_hal.o
 .comment       0x0000000000000033       0x34 build/stm32f1xx_hal_rcc.o
 .comment       0x0000000000000033       0x34 build/stm32f1xx_hal_gpio.o
 .comment       0x0000000000000033       0x34 build/stm32f1xx_hal_cortex.o
 .comment       0x0000000000000033       0x34 build/stm32f1xx_hal_tim.o
 .comment       0x0000000000000033       0x34 build/stm32f1xx_hal_tim_ex.o
 .comment       0x0000000000000033       0x34 build/system_stm32f1xx.o
 .comment       0x0000000000000033       0x34 build/can.o
 .comment       0x0000000000000033       0x34 build/stm32f1xx_hal_can.o
 .comment       0x0000000000000033       0x34 /usr/lib/gcc/arm-none-eabi/10.3.1/../../../arm-none-eabi/lib/thumb/v7-m/nofp/libc_nano.a(lib_a-init.o)
 .comment       0x0000000000000033       0x34 /usr/lib/gcc/arm-none-eabi/10.3.1/../../../arm-none-eabi/lib/thumb/v7-m/nofp/libc_nano.a(lib_a-memset.o)
 .comment       0x0000000000000033       0x34 /usr/lib/gcc/arm-none-eabi/10.3.1/thumb/v7-m/nofp/libgcc.a(_udivmoddi4.o)
 .comment       0x0000000000000033       0x34 /usr/lib/gcc/arm-none-eabi/10.3.1/thumb/v7-m/nofp/crtend.o

.debug_info     0x0000000000000000    0x111b8
 .debug_info    0x0000000000000000     0x14e7 build/main.o
 .debug_info    0x00000000000014e7      0x350 build/gpio.o
 .debug_info    0x0000000000001837      0x9db build/spi.o
 .debug_info    0x0000000000002212      0x7a2 build/stm32f1xx_it.o
 .debug_info    0x00000000000029b4      0x22c build/stm32f1xx_hal_msp.o
 .debug_info    0x0000000000002be0      0xf7b build/adf4351.o
 .debug_info    0x0000000000003b5b      0xb0e build/tim.o
 .debug_info    0x0000000000004669     0x1ec0 build/stm32f1xx_hal_spi.o
 .debug_info    0x0000000000006529      0x849 build/stm32f1xx_hal.o
 .debug_info    0x0000000000006d72      0xacc build/stm32f1xx_hal_rcc.o
 .debug_info    0x000000000000783e      0x6bf build/stm32f1xx_hal_gpio.o
 .debug_info    0x0000000000007efd      0xe09 build/stm32f1xx_hal_cortex.o
 .debug_info    0x0000000000008d06     0x4032 build/stm32f1xx_hal_tim.o
 .debug_info    0x000000000000cd38     0x1c21 build/stm32f1xx_hal_tim_ex.o
 .debug_info    0x000000000000e959      0x256 build/system_stm32f1xx.o
 .debug_info    0x000000000000ebaf      0x8a2 build/can.o
 .debug_info    0x000000000000f451     0x1391 build/stm32f1xx_hal_can.o
 .debug_info    0x00000000000107e2       0x22 build/startup_stm32f103xb.o
 .debug_info    0x0000000000010804      0x11a /usr/lib/gcc/arm-none-eabi/10.3.1/../../../arm-none-eabi/lib/thumb/v7-m/nofp/libc_nano.a(lib_a-init.o)
 .debug_info    0x000000000001091e      0x137 /usr/lib/gcc/arm-none-eabi/10.3.1/../../../arm-none-eabi/lib/thumb/v7-m/nofp/libc_nano.a(lib_a-memset.o)
 .debug_info    0x0000000000010a55       0x26 /usr/lib/gcc/arm-none-eabi/10.3.1/thumb/v7-m/nofp/libgcc.a(_aeabi_uldivmod.o)
 .debug_info    0x0000000000010a7b      0x717 /usr/lib/gcc/arm-none-eabi/10.3.1/thumb/v7-m/nofp/libgcc.a(_udivmoddi4.o)
 .debug_info    0x0000000000011192       0x26 /usr/lib/gcc/arm-none-eabi/10.3.1/thumb/v7-m/nofp/libgcc.a(_dvmd_tls.o)

.debug_abbrev   0x0000000000000000     0x277d
 .debug_abbrev  0x0000000000000000      0x291 build/main.o
 .debug_abbrev  0x0000000000000291      0x13f build/gpio.o
 .debug_abbrev  0x00000000000003d0      0x1c5 build/spi.o
 .debug_abbrev  0x0000000000000595      0x17c build/stm32f1xx_it.o
 .debug_abbrev  0x0000000000000711       0xe7 build/stm32f1xx_hal_msp.o
 .debug_abbrev  0x00000000000007f8      0x2f3 build/adf4351.o
 .debug_abbrev  0x0000000000000aeb      0x1e2 build/tim.o
 .debug_abbrev  0x0000000000000ccd      0x292 build/stm32f1xx_hal_spi.o
 .debug_abbrev  0x0000000000000f5f      0x1f7 build/stm32f1xx_hal.o
 .debug_abbrev  0x0000000000001156      0x2b8 build/stm32f1xx_hal_rcc.o
 .debug_abbrev  0x000000000000140e      0x222 build/stm32f1xx_hal_gpio.o
 .debug_abbrev  0x0000000000001630      0x359 build/stm32f1xx_hal_cortex.o
 .debug_abbrev  0x0000000000001989      0x29d build/stm32f1xx_hal_tim.o
 .debug_abbrev  0x0000000000001c26      0x29f build/stm32f1xx_hal_tim_ex.o
 .debug_abbrev  0x0000000000001ec5      0x140 build/system_stm32f1xx.o
 .debug_abbrev  0x0000000000002005      0x1e3 build/can.o
 .debug_abbrev  0x00000000000021e8      0x278 build/stm32f1xx_hal_can.o
 .debug_abbrev  0x0000000000002460       0x12 build/startup_stm32f103xb.o
 .debug_abbrev  0x0000000000002472       0xcc /usr/lib/gcc/arm-none-eabi/10.3.1/../../../arm-none-eabi/lib/thumb/v7-m/nofp/libc_nano.a(lib_a-init.o)
 .debug_abbrev  0x000000000000253e       0xb4 /usr/lib/gcc/arm-none-eabi/10.3.1/../../../arm-none-eabi/lib/thumb/v7-m/nofp/libc_nano.a(lib_a-memset.o)
 .debug_abbrev  0x00000000000025f2       0x14 /usr/lib/gcc/arm-none-eabi/10.3.1/thumb/v7-m/nofp/libgcc.a(_aeabi_uldivmod.o)
 .debug_abbrev  0x0000000000002606      0x163 /usr/lib/gcc/arm-none-eabi/10.3.1/thumb/v7-m/nofp/libgcc.a(_udivmoddi4.o)
 .debug_abbrev  0x0000000000002769       0x14 /usr/lib/gcc/arm-none-eabi/10.3.1/thumb/v7-m/nofp/libgcc.a(_dvmd_tls.o)

.debug_loc      0x0000000000000000     0xe94a
 .debug_loc     0x0000000000000000      0x11c build/main.o
 .debug_loc     0x000000000000011c       0x38 build/gpio.o
 .debug_loc     0x0000000000000154      0x162 build/spi.o
 .debug_loc     0x00000000000002b6       0x40 build/stm32f1xx_it.o
 .debug_loc     0x00000000000002f6       0x41 build/stm32f1xx_hal_msp.o
 .debug_loc     0x0000000000000337      0x705 build/adf4351.o
 .debug_loc     0x0000000000000a3c      0x103 build/tim.o
 .debug_loc     0x0000000000000b3f     0x255b build/stm32f1xx_hal_spi.o
 .debug_loc     0x000000000000309a      0x1e1 build/stm32f1xx_hal.o
 .debug_loc     0x000000000000327b      0x793 build/stm32f1xx_hal_rcc.o
 .debug_loc     0x0000000000003a0e      0x551 build/stm32f1xx_hal_gpio.o
 .debug_loc     0x0000000000003f5f      0x77f build/stm32f1xx_hal_cortex.o
 .debug_loc     0x00000000000046de     0x5c5e build/stm32f1xx_hal_tim.o
 .debug_loc     0x000000000000a33c     0x20f3 build/stm32f1xx_hal_tim_ex.o
 .debug_loc     0x000000000000c42f       0xff build/system_stm32f1xx.o
 .debug_loc     0x000000000000c52e      0x13d build/can.o
 .debug_loc     0x000000000000c66b      0xee4 build/stm32f1xx_hal_can.o
 .debug_loc     0x000000000000d54f       0xba /usr/lib/gcc/arm-none-eabi/10.3.1/../../../arm-none-eabi/lib/thumb/v7-m/nofp/libc_nano.a(lib_a-init.o)
 .debug_loc     0x000000000000d609      0x22c /usr/lib/gcc/arm-none-eabi/10.3.1/../../../arm-none-eabi/lib/thumb/v7-m/nofp/libc_nano.a(lib_a-memset.o)
 .debug_loc     0x000000000000d835     0x1115 /usr/lib/gcc/arm-none-eabi/10.3.1/thumb/v7-m/nofp/libgcc.a(_udivmoddi4.o)

.debug_aranges  0x0000000000000000      0xd88
 .debug_aranges
                0x0000000000000000       0x40 build/main.o
 .debug_aranges
                0x0000000000000040       0x20 build/gpio.o
 .debug_aranges
                0x0000000000000060       0x38 build/spi.o
 .debug_aranges
                0x0000000000000098       0x68 build/stm32f1xx_it.o
 .debug_aranges
                0x0000000000000100       0x20 build/stm32f1xx_hal_msp.o
 .debug_aranges
                0x0000000000000120       0x80 build/adf4351.o
 .debug_aranges
                0x00000000000001a0       0x30 build/tim.o
 .debug_aranges
                0x00000000000001d0      0x1d0 build/stm32f1xx_hal_spi.o
 .debug_aranges
                0x00000000000003a0       0xe0 build/stm32f1xx_hal.o
 .debug_aranges
                0x0000000000000480       0x90 build/stm32f1xx_hal_rcc.o
 .debug_aranges
                0x0000000000000510       0x58 build/stm32f1xx_hal_gpio.o
 .debug_aranges
                0x0000000000000568       0x90 build/stm32f1xx_hal_cortex.o
 .debug_aranges
                0x00000000000005f8      0x3d0 build/stm32f1xx_hal_tim.o
 .debug_aranges
                0x00000000000009c8      0x168 build/stm32f1xx_hal_tim_ex.o
 .debug_aranges
                0x0000000000000b30       0x28 build/system_stm32f1xx.o
 .debug_aranges
                0x0000000000000b58       0x30 build/can.o
 .debug_aranges
                0x0000000000000b88      0x138 build/stm32f1xx_hal_can.o
 .debug_aranges
                0x0000000000000cc0       0x28 build/startup_stm32f103xb.o
 .debug_aranges
                0x0000000000000ce8       0x20 /usr/lib/gcc/arm-none-eabi/10.3.1/../../../arm-none-eabi/lib/thumb/v7-m/nofp/libc_nano.a(lib_a-init.o)
 .debug_aranges
                0x0000000000000d08       0x20 /usr/lib/gcc/arm-none-eabi/10.3.1/../../../arm-none-eabi/lib/thumb/v7-m/nofp/libc_nano.a(lib_a-memset.o)
 .debug_aranges
                0x0000000000000d28       0x20 /usr/lib/gcc/arm-none-eabi/10.3.1/thumb/v7-m/nofp/libgcc.a(_aeabi_uldivmod.o)
 .debug_aranges
                0x0000000000000d48       0x20 /usr/lib/gcc/arm-none-eabi/10.3.1/thumb/v7-m/nofp/libgcc.a(_udivmoddi4.o)
 .debug_aranges
                0x0000000000000d68       0x20 /usr/lib/gcc/arm-none-eabi/10.3.1/thumb/v7-m/nofp/libgcc.a(_dvmd_tls.o)

.debug_ranges   0x0000000000000000      0xd50
 .debug_ranges  0x0000000000000000       0x30 build/main.o
 .debug_ranges  0x0000000000000030       0x10 build/gpio.o
 .debug_ranges  0x0000000000000040       0x28 build/spi.o
 .debug_ranges  0x0000000000000068       0x58 build/stm32f1xx_it.o
 .debug_ranges  0x00000000000000c0       0x10 build/stm32f1xx_hal_msp.o
 .debug_ranges  0x00000000000000d0       0x70 build/adf4351.o
 .debug_ranges  0x0000000000000140       0x20 build/tim.o
 .debug_ranges  0x0000000000000160      0x1c0 build/stm32f1xx_hal_spi.o
 .debug_ranges  0x0000000000000320       0xd0 build/stm32f1xx_hal.o
 .debug_ranges  0x00000000000003f0       0xa0 build/stm32f1xx_hal_rcc.o
 .debug_ranges  0x0000000000000490       0x48 build/stm32f1xx_hal_gpio.o
 .debug_ranges  0x00000000000004d8       0xe0 build/stm32f1xx_hal_cortex.o
 .debug_ranges  0x00000000000005b8      0x3c0 build/stm32f1xx_hal_tim.o
 .debug_ranges  0x0000000000000978      0x158 build/stm32f1xx_hal_tim_ex.o
 .debug_ranges  0x0000000000000ad0       0x18 build/system_stm32f1xx.o
 .debug_ranges  0x0000000000000ae8       0x20 build/can.o
 .debug_ranges  0x0000000000000b08      0x128 build/stm32f1xx_hal_can.o
 .debug_ranges  0x0000000000000c30       0x20 build/startup_stm32f103xb.o
 .debug_ranges  0x0000000000000c50      0x100 /usr/lib/gcc/arm-none-eabi/10.3.1/thumb/v7-m/nofp/libgcc.a(_udivmoddi4.o)

.debug_line     0x0000000000000000     0xd781
 .debug_line    0x0000000000000000      0x495 build/main.o
 .debug_line    0x0000000000000495      0x14f build/gpio.o
 .debug_line    0x00000000000005e4      0x339 build/spi.o
 .debug_line    0x000000000000091d      0x248 build/stm32f1xx_it.o
 .debug_line    0x0000000000000b65       0xd7 build/stm32f1xx_hal_msp.o
 .debug_line    0x0000000000000c3c      0x7b7 build/adf4351.o
 .debug_line    0x00000000000013f3      0x24f build/tim.o
 .debug_line    0x0000000000001642     0x2423 build/stm32f1xx_hal_spi.o
 .debug_line    0x0000000000003a65      0x489 build/stm32f1xx_hal.o
 .debug_line    0x0000000000003eee      0xb7d build/stm32f1xx_hal_rcc.o
 .debug_line    0x0000000000004a6b      0x53c build/stm32f1xx_hal_gpio.o
 .debug_line    0x0000000000004fa7      0x594 build/stm32f1xx_hal_cortex.o
 .debug_line    0x000000000000553b     0x48d4 build/stm32f1xx_hal_tim.o
 .debug_line    0x0000000000009e0f     0x1b49 build/stm32f1xx_hal_tim_ex.o
 .debug_line    0x000000000000b958      0x1a1 build/system_stm32f1xx.o
 .debug_line    0x000000000000baf9      0x25d build/can.o
 .debug_line    0x000000000000bd56     0x1056 build/stm32f1xx_hal_can.o
 .debug_line    0x000000000000cdac       0x74 build/startup_stm32f103xb.o
 .debug_line    0x000000000000ce20      0x13f /usr/lib/gcc/arm-none-eabi/10.3.1/../../../arm-none-eabi/lib/thumb/v7-m/nofp/libc_nano.a(lib_a-init.o)
 .debug_line    0x000000000000cf5f      0x1bf /usr/lib/gcc/arm-none-eabi/10.3.1/../../../arm-none-eabi/lib/thumb/v7-m/nofp/libc_nano.a(lib_a-memset.o)
 .debug_line    0x000000000000d11e       0x60 /usr/lib/gcc/arm-none-eabi/10.3.1/thumb/v7-m/nofp/libgcc.a(_aeabi_uldivmod.o)
 .debug_line    0x000000000000d17e      0x5a3 /usr/lib/gcc/arm-none-eabi/10.3.1/thumb/v7-m/nofp/libgcc.a(_udivmoddi4.o)
 .debug_line    0x000000000000d721       0x60 /usr/lib/gcc/arm-none-eabi/10.3.1/thumb/v7-m/nofp/libgcc.a(_dvmd_tls.o)

.debug_str      0x0000000000000000     0x4791
 .debug_str     0x0000000000000000      0xea5 build/main.o
                                        0xf89 (size before relaxing)
 .debug_str     0x0000000000000ea5       0xa7 build/gpio.o
                                        0x23c (size before relaxing)
 .debug_str     0x0000000000000f4c      0x21c build/spi.o
                                        0x653 (size before relaxing)
 .debug_str     0x0000000000001168       0xdd build/stm32f1xx_it.o
                                        0x6dd (size before relaxing)
 .debug_str     0x0000000000001245       0x4d build/stm32f1xx_hal_msp.o
                                        0x1e9 (size before relaxing)
 .debug_str     0x0000000000001292      0x229 build/adf4351.o
                                        0xa08 (size before relaxing)
 .debug_str     0x00000000000014bb      0x44a build/tim.o
                                        0xae3 (size before relaxing)
 .debug_str     0x0000000000001905      0x56b build/stm32f1xx_hal_spi.o
                                        0xb1c (size before relaxing)
 .debug_str     0x0000000000001e70      0x2d9 build/stm32f1xx_hal.o
                                        0x7ee (size before relaxing)
 .debug_str     0x0000000000002149      0x1e8 build/stm32f1xx_hal_rcc.o
                                        0x5e0 (size before relaxing)
 .debug_str     0x0000000000002331      0x117 build/stm32f1xx_hal_gpio.o
                                        0x3bf (size before relaxing)
 .debug_str     0x0000000000002448      0x369 build/stm32f1xx_hal_cortex.o
                                        0x889 (size before relaxing)
 .debug_str     0x00000000000027b1      0xe26 build/stm32f1xx_hal_tim.o
                                       0x15fe (size before relaxing)
 .debug_str     0x00000000000035d7      0x521 build/stm32f1xx_hal_tim_ex.o
                                        0xdff (size before relaxing)
 .debug_str     0x0000000000003af8       0x4f build/system_stm32f1xx.o
                                        0x214 (size before relaxing)
 .debug_str     0x0000000000003b47       0x48 build/can.o
                                        0x547 (size before relaxing)
 .debug_str     0x0000000000003b8f      0x3c6 build/stm32f1xx_hal_can.o
                                        0x9fe (size before relaxing)
 .debug_str     0x0000000000003f55       0x22 build/startup_stm32f103xb.o
                                         0x46 (size before relaxing)
 .debug_str     0x0000000000003f77      0x162 /usr/lib/gcc/arm-none-eabi/10.3.1/../../../arm-none-eabi/lib/thumb/v7-m/nofp/libc_nano.a(lib_a-init.o)
                                        0x203 (size before relaxing)
 .debug_str     0x00000000000040d9       0xa6 /usr/lib/gcc/arm-none-eabi/10.3.1/../../../arm-none-eabi/lib/thumb/v7-m/nofp/libc_nano.a(lib_a-memset.o)
                                        0x1b8 (size before relaxing)
 .debug_str     0x000000000000417f       0xa2 /usr/lib/gcc/arm-none-eabi/10.3.1/thumb/v7-m/nofp/libgcc.a(_aeabi_uldivmod.o)
 .debug_str     0x0000000000004221      0x540 /usr/lib/gcc/arm-none-eabi/10.3.1/thumb/v7-m/nofp/libgcc.a(_udivmoddi4.o)
                                        0x63f (size before relaxing)
 .debug_str     0x0000000000004761       0x30 /usr/lib/gcc/arm-none-eabi/10.3.1/thumb/v7-m/nofp/libgcc.a(_dvmd_tls.o)
                                         0xa6 (size before relaxing)

.debug_frame    0x0000000000000000     0x2240
 .debug_frame   0x0000000000000000       0x98 build/main.o
 .debug_frame   0x0000000000000098       0x38 build/gpio.o
 .debug_frame   0x00000000000000d0       0x78 build/spi.o
 .debug_frame   0x0000000000000148       0xc0 build/stm32f1xx_it.o
 .debug_frame   0x0000000000000208       0x28 build/stm32f1xx_hal_msp.o
 .debug_frame   0x0000000000000230      0x174 build/adf4351.o
 .debug_frame   0x00000000000003a4       0x64 build/tim.o
 .debug_frame   0x0000000000000408      0x5ac build/stm32f1xx_hal_spi.o
 .debug_frame   0x00000000000009b4      0x1cc build/stm32f1xx_hal.o
 .debug_frame   0x0000000000000b80      0x184 build/stm32f1xx_hal_rcc.o
 .debug_frame   0x0000000000000d04       0xe4 build/stm32f1xx_hal_gpio.o
 .debug_frame   0x0000000000000de8      0x118 build/stm32f1xx_hal_cortex.o
 .debug_frame   0x0000000000000f00      0xb18 build/stm32f1xx_hal_tim.o
 .debug_frame   0x0000000000001a18      0x40c build/stm32f1xx_hal_tim_ex.o
 .debug_frame   0x0000000000001e24       0x30 build/system_stm32f1xx.o
 .debug_frame   0x0000000000001e54       0x60 build/can.o
 .debug_frame   0x0000000000001eb4      0x2d4 build/stm32f1xx_hal_can.o
 .debug_frame   0x0000000000002188       0x2c /usr/lib/gcc/arm-none-eabi/10.3.1/../../../arm-none-eabi/lib/thumb/v7-m/nofp/libc_nano.a(lib_a-init.o)
 .debug_frame   0x00000000000021b4       0x2c /usr/lib/gcc/arm-none-eabi/10.3.1/../../../arm-none-eabi/lib/thumb/v7-m/nofp/libc_nano.a(lib_a-memset.o)
 .debug_frame   0x00000000000021e0       0x2c /usr/lib/gcc/arm-none-eabi/10.3.1/thumb/v7-m/nofp/libgcc.a(_aeabi_uldivmod.o)
 .debug_frame   0x000000000000220c       0x34 /usr/lib/gcc/arm-none-eabi/10.3.1/thumb/v7-m/nofp/libgcc.a(_udivmoddi4.o)

Cross Reference Table

Symbol                                            File
ADC1_2_IRQHandler                                 build/startup_stm32f103xb.o
AHBPrescTable                                     build/system_stm32f1xx.o
                                                  build/stm32f1xx_hal_rcc.o
APBPrescTable                                     build/system_stm32f1xx.o
                                                  build/stm32f1xx_hal_rcc.o
BusFault_Handler                                  build/stm32f1xx_it.o
CAN1_RX1_IRQHandler                               build/startup_stm32f103xb.o
CAN1_SCE_IRQHandler                               build/startup_stm32f103xb.o
DMA1_Channel1_IRQHandler                          build/startup_stm32f103xb.o
DMA1_Channel2_IRQHandler                          build/startup_stm32f103xb.o
DMA1_Channel3_IRQHandler                          build/startup_stm32f103xb.o
DMA1_Channel4_IRQHandler                          build/startup_stm32f103xb.o
DMA1_Channel5_IRQHandler                          build/startup_stm32f103xb.o
DMA1_Channel6_IRQHandler                          build/startup_stm32f103xb.o
DMA1_Channel7_IRQHandler                          build/startup_stm32f103xb.o
DebugMon_Handler                                  build/stm32f1xx_it.o
Default_Handler                                   build/startup_stm32f103xb.o
EXTI0_IRQHandler                                  build/startup_stm32f103xb.o
EXTI15_10_IRQHandler                              build/startup_stm32f103xb.o
EXTI1_IRQHandler                                  build/startup_stm32f103xb.o
EXTI2_IRQHandler                                  build/startup_stm32f103xb.o
EXTI3_IRQHandler                                  build/startup_stm32f103xb.o
EXTI4_IRQHandler                                  build/startup_stm32f103xb.o
EXTI9_5_IRQHandler                                build/startup_stm32f103xb.o
Error_Handler                                     build/main.o
                                                  build/can.o
                                                  build/tim.o
                                                  build/spi.o
FLASH_IRQHandler                                  build/startup_stm32f103xb.o
FLASH_PageErase                                   build/stm32f1xx_hal_flash_ex.o
                                                  build/stm32f1xx_hal_flash.o
FLASH_WaitForLastOperation                        build/stm32f1xx_hal_flash.o
                                                  build/stm32f1xx_hal_flash_ex.o
HAL_CAN_AbortTxRequest                            build/stm32f1xx_hal_can.o
HAL_CAN_ActivateNotification                      build/stm32f1xx_hal_can.o
HAL_CAN_AddTxMessage                              build/stm32f1xx_hal_can.o
                                                  build/main.o
HAL_CAN_ConfigFilter                              build/stm32f1xx_hal_can.o
                                                  build/main.o
HAL_CAN_DeInit                                    build/stm32f1xx_hal_can.o
HAL_CAN_DeactivateNotification                    build/stm32f1xx_hal_can.o
HAL_CAN_ErrorCallback                             build/stm32f1xx_hal_can.o
HAL_CAN_GetError                                  build/stm32f1xx_hal_can.o
HAL_CAN_GetRxFifoFillLevel                        build/stm32f1xx_hal_can.o
                                                  build/main.o
HAL_CAN_GetRxMessage                              build/stm32f1xx_hal_can.o
                                                  build/main.o
HAL_CAN_GetState                                  build/stm32f1xx_hal_can.o
HAL_CAN_GetTxMailboxesFreeLevel                   build/stm32f1xx_hal_can.o
                                                  build/main.o
HAL_CAN_GetTxTimestamp                            build/stm32f1xx_hal_can.o
HAL_CAN_IRQHandler                                build/stm32f1xx_hal_can.o
HAL_CAN_Init                                      build/stm32f1xx_hal_can.o
                                                  build/can.o
HAL_CAN_IsSleepActive                             build/stm32f1xx_hal_can.o
HAL_CAN_IsTxMessagePending                        build/stm32f1xx_hal_can.o
HAL_CAN_MspDeInit                                 build/can.o
HAL_CAN_MspInit                                   build/can.o
HAL_CAN_RequestSleep                              build/stm32f1xx_hal_can.o
HAL_CAN_ResetError                                build/stm32f1xx_hal_can.o
HAL_CAN_RxFifo0FullCallback                       build/stm32f1xx_hal_can.o
HAL_CAN_RxFifo0MsgPendingCallback                 build/stm32f1xx_hal_can.o
HAL_CAN_RxFifo1FullCallback                       build/stm32f1xx_hal_can.o
HAL_CAN_RxFifo1MsgPendingCallback                 build/stm32f1xx_hal_can.o
HAL_CAN_SleepCallback                             build/stm32f1xx_hal_can.o
HAL_CAN_Start                                     build/stm32f1xx_hal_can.o
                                                  build/main.o
HAL_CAN_Stop                                      build/stm32f1xx_hal_can.o
HAL_CAN_TxMailbox0AbortCallback                   build/stm32f1xx_hal_can.o
HAL_CAN_TxMailbox0CompleteCallback                build/stm32f1xx_hal_can.o
HAL_CAN_TxMailbox1AbortCallback                   build/stm32f1xx_hal_can.o
HAL_CAN_TxMailbox1CompleteCallback                build/stm32f1xx_hal_can.o
HAL_CAN_TxMailbox2AbortCallback                   build/stm32f1xx_hal_can.o
HAL_CAN_TxMailbox2CompleteCallback                build/stm32f1xx_hal_can.o
HAL_CAN_WakeUp                                    build/stm32f1xx_hal_can.o
HAL_CAN_WakeUpFromRxMsgCallback                   build/stm32f1xx_hal_can.o
HAL_DBGMCU_DisableDBGSleepMode                    build/stm32f1xx_hal.o
HAL_DBGMCU_DisableDBGStandbyMode                  build/stm32f1xx_hal.o
HAL_DBGMCU_DisableDBGStopMode                     build/stm32f1xx_hal.o
HAL_DBGMCU_EnableDBGSleepMode                     build/stm32f1xx_hal.o
HAL_DBGMCU_EnableDBGStandbyMode                   build/stm32f1xx_hal.o
HAL_DBGMCU_EnableDBGStopMode                      build/stm32f1xx_hal.o
HAL_DMA_Abort                                     build/stm32f1xx_hal_dma.o
                                                  build/stm32f1xx_hal_spi.o
HAL_DMA_Abort_IT                                  build/stm32f1xx_hal_dma.o
                                                  build/stm32f1xx_hal_tim_ex.o
                                                  build/stm32f1xx_hal_tim.o
                                                  build/stm32f1xx_hal_spi.o
HAL_DMA_DeInit                                    build/stm32f1xx_hal_dma.o
HAL_DMA_GetError                                  build/stm32f1xx_hal_dma.o
HAL_DMA_GetState                                  build/stm32f1xx_hal_dma.o
HAL_DMA_IRQHandler                                build/stm32f1xx_hal_dma.o
HAL_DMA_Init                                      build/stm32f1xx_hal_dma.o
HAL_DMA_PollForTransfer                           build/stm32f1xx_hal_dma.o
HAL_DMA_RegisterCallback                          build/stm32f1xx_hal_dma.o
HAL_DMA_Start                                     build/stm32f1xx_hal_dma.o
HAL_DMA_Start_IT                                  build/stm32f1xx_hal_dma.o
                                                  build/stm32f1xx_hal_tim_ex.o
                                                  build/stm32f1xx_hal_tim.o
                                                  build/stm32f1xx_hal_spi.o
HAL_DMA_UnRegisterCallback                        build/stm32f1xx_hal_dma.o
HAL_DeInit                                        build/stm32f1xx_hal.o
HAL_Delay                                         build/stm32f1xx_hal.o
                                                  build/main.o
HAL_EXTI_ClearConfigLine                          build/stm32f1xx_hal_exti.o
HAL_EXTI_ClearPending                             build/stm32f1xx_hal_exti.o
HAL_EXTI_GenerateSWI                              build/stm32f1xx_hal_exti.o
HAL_EXTI_GetConfigLine                            build/stm32f1xx_hal_exti.o
HAL_EXTI_GetHandle                                build/stm32f1xx_hal_exti.o
HAL_EXTI_GetPending                               build/stm32f1xx_hal_exti.o
HAL_EXTI_IRQHandler                               build/stm32f1xx_hal_exti.o
HAL_EXTI_RegisterCallback                         build/stm32f1xx_hal_exti.o
HAL_EXTI_SetConfigLine                            build/stm32f1xx_hal_exti.o
HAL_FLASHEx_Erase                                 build/stm32f1xx_hal_flash_ex.o
HAL_FLASHEx_Erase_IT                              build/stm32f1xx_hal_flash_ex.o
HAL_FLASHEx_OBErase                               build/stm32f1xx_hal_flash_ex.o
HAL_FLASHEx_OBGetConfig                           build/stm32f1xx_hal_flash_ex.o
HAL_FLASHEx_OBGetUserData                         build/stm32f1xx_hal_flash_ex.o
HAL_FLASHEx_OBProgram                             build/stm32f1xx_hal_flash_ex.o
HAL_FLASH_EndOfOperationCallback                  build/stm32f1xx_hal_flash.o
HAL_FLASH_GetError                                build/stm32f1xx_hal_flash.o
HAL_FLASH_IRQHandler                              build/stm32f1xx_hal_flash.o
HAL_FLASH_Lock                                    build/stm32f1xx_hal_flash.o
HAL_FLASH_OB_Launch                               build/stm32f1xx_hal_flash.o
HAL_FLASH_OB_Lock                                 build/stm32f1xx_hal_flash.o
HAL_FLASH_OB_Unlock                               build/stm32f1xx_hal_flash.o
HAL_FLASH_OperationErrorCallback                  build/stm32f1xx_hal_flash.o
HAL_FLASH_Program                                 build/stm32f1xx_hal_flash.o
HAL_FLASH_Program_IT                              build/stm32f1xx_hal_flash.o
HAL_FLASH_Unlock                                  build/stm32f1xx_hal_flash.o
HAL_GPIOEx_ConfigEventout                         build/stm32f1xx_hal_gpio_ex.o
HAL_GPIOEx_DisableEventout                        build/stm32f1xx_hal_gpio_ex.o
HAL_GPIOEx_EnableEventout                         build/stm32f1xx_hal_gpio_ex.o
HAL_GPIO_DeInit                                   build/stm32f1xx_hal_gpio.o
                                                  build/can.o
                                                  build/spi.o
HAL_GPIO_EXTI_Callback                            build/stm32f1xx_hal_gpio.o
HAL_GPIO_EXTI_IRQHandler                          build/stm32f1xx_hal_gpio.o
HAL_GPIO_Init                                     build/stm32f1xx_hal_gpio.o
                                                  build/can.o
                                                  build/stm32f1xx_hal_rcc.o
                                                  build/spi.o
                                                  build/gpio.o
HAL_GPIO_LockPin                                  build/stm32f1xx_hal_gpio.o
HAL_GPIO_ReadPin                                  build/stm32f1xx_hal_gpio.o
HAL_GPIO_TogglePin                                build/stm32f1xx_hal_gpio.o
HAL_GPIO_WritePin                                 build/stm32f1xx_hal_gpio.o
                                                  build/nrf24l01p.o
                                                  build/adf4351.o
                                                  build/gpio.o
                                                  build/main.o
HAL_GetDEVID                                      build/stm32f1xx_hal.o
HAL_GetHalVersion                                 build/stm32f1xx_hal.o
HAL_GetREVID                                      build/stm32f1xx_hal.o
HAL_GetTick                                       build/stm32f1xx_hal.o
                                                  build/stm32f1xx_hal_can.o
                                                  build/stm32f1xx_hal_flash.o
                                                  build/stm32f1xx_hal_dma.o
                                                  build/stm32f1xx_hal_rcc_ex.o
                                                  build/stm32f1xx_hal_rcc.o
                                                  build/stm32f1xx_hal_spi.o
HAL_GetTickFreq                                   build/stm32f1xx_hal.o
HAL_GetTickPrio                                   build/stm32f1xx_hal.o
HAL_GetUIDw0                                      build/stm32f1xx_hal.o
HAL_GetUIDw1                                      build/stm32f1xx_hal.o
HAL_GetUIDw2                                      build/stm32f1xx_hal.o
HAL_IncTick                                       build/stm32f1xx_hal.o
                                                  build/stm32f1xx_it.o
HAL_Init                                          build/stm32f1xx_hal.o
                                                  build/main.o
HAL_InitTick                                      build/stm32f1xx_hal.o
                                                  build/stm32f1xx_hal_rcc.o
HAL_MspDeInit                                     build/stm32f1xx_hal.o
HAL_MspInit                                       build/stm32f1xx_hal_msp.o
HAL_NVIC_ClearPendingIRQ                          build/stm32f1xx_hal_cortex.o
HAL_NVIC_DisableIRQ                               build/stm32f1xx_hal_cortex.o
                                                  build/tim.o
HAL_NVIC_EnableIRQ                                build/stm32f1xx_hal_cortex.o
                                                  build/tim.o
HAL_NVIC_GetActive                                build/stm32f1xx_hal_cortex.o
HAL_NVIC_GetPendingIRQ                            build/stm32f1xx_hal_cortex.o
HAL_NVIC_GetPriority                              build/stm32f1xx_hal_cortex.o
HAL_NVIC_GetPriorityGrouping                      build/stm32f1xx_hal_cortex.o
HAL_NVIC_SetPendingIRQ                            build/stm32f1xx_hal_cortex.o
HAL_NVIC_SetPriority                              build/stm32f1xx_hal_cortex.o
                                                  build/stm32f1xx_hal.o
                                                  build/tim.o
HAL_NVIC_SetPriorityGrouping                      build/stm32f1xx_hal_cortex.o
                                                  build/stm32f1xx_hal.o
HAL_NVIC_SystemReset                              build/stm32f1xx_hal_cortex.o
                                                  build/stm32f1xx_hal_flash.o
HAL_PWR_ConfigPVD                                 build/stm32f1xx_hal_pwr.o
HAL_PWR_DeInit                                    build/stm32f1xx_hal_pwr.o
HAL_PWR_DisableBkUpAccess                         build/stm32f1xx_hal_pwr.o
HAL_PWR_DisablePVD                                build/stm32f1xx_hal_pwr.o
HAL_PWR_DisableSEVOnPend                          build/stm32f1xx_hal_pwr.o
HAL_PWR_DisableSleepOnExit                        build/stm32f1xx_hal_pwr.o
HAL_PWR_DisableWakeUpPin                          build/stm32f1xx_hal_pwr.o
HAL_PWR_EnableBkUpAccess                          build/stm32f1xx_hal_pwr.o
HAL_PWR_EnablePVD                                 build/stm32f1xx_hal_pwr.o
HAL_PWR_EnableSEVOnPend                           build/stm32f1xx_hal_pwr.o
HAL_PWR_EnableSleepOnExit                         build/stm32f1xx_hal_pwr.o
HAL_PWR_EnableWakeUpPin                           build/stm32f1xx_hal_pwr.o
HAL_PWR_EnterSLEEPMode                            build/stm32f1xx_hal_pwr.o
HAL_PWR_EnterSTANDBYMode                          build/stm32f1xx_hal_pwr.o
HAL_PWR_EnterSTOPMode                             build/stm32f1xx_hal_pwr.o
HAL_PWR_PVDCallback                               build/stm32f1xx_hal_pwr.o
HAL_PWR_PVD_IRQHandler                            build/stm32f1xx_hal_pwr.o
HAL_RCCEx_GetPeriphCLKConfig                      build/stm32f1xx_hal_rcc_ex.o
HAL_RCCEx_GetPeriphCLKFreq                        build/stm32f1xx_hal_rcc_ex.o
HAL_RCCEx_PeriphCLKConfig                         build/stm32f1xx_hal_rcc_ex.o
HAL_RCC_CSSCallback                               build/stm32f1xx_hal_rcc.o
HAL_RCC_ClockConfig                               build/stm32f1xx_hal_rcc.o
                                                  build/main.o
HAL_RCC_DeInit                                    build/stm32f1xx_hal_rcc.o
HAL_RCC_DisableCSS                                build/stm32f1xx_hal_rcc.o
HAL_RCC_EnableCSS                                 build/stm32f1xx_hal_rcc.o
HAL_RCC_GetClockConfig                            build/stm32f1xx_hal_rcc.o
HAL_RCC_GetHCLKFreq                               build/stm32f1xx_hal_rcc.o
HAL_RCC_GetOscConfig                              build/stm32f1xx_hal_rcc.o
HAL_RCC_GetPCLK1Freq                              build/stm32f1xx_hal_rcc.o
HAL_RCC_GetPCLK2Freq                              build/stm32f1xx_hal_rcc.o
                                                  build/stm32f1xx_hal_rcc_ex.o
HAL_RCC_GetSysClockFreq                           build/stm32f1xx_hal_rcc.o
HAL_RCC_MCOConfig                                 build/stm32f1xx_hal_rcc.o
HAL_RCC_NMI_IRQHandler                            build/stm32f1xx_hal_rcc.o
HAL_RCC_OscConfig                                 build/stm32f1xx_hal_rcc.o
                                                  build/main.o
HAL_ResumeTick                                    build/stm32f1xx_hal.o
HAL_SPI_Abort                                     build/stm32f1xx_hal_spi.o
HAL_SPI_AbortCpltCallback                         build/stm32f1xx_hal_spi.o
HAL_SPI_Abort_IT                                  build/stm32f1xx_hal_spi.o
HAL_SPI_DMAPause                                  build/stm32f1xx_hal_spi.o
HAL_SPI_DMAResume                                 build/stm32f1xx_hal_spi.o
HAL_SPI_DMAStop                                   build/stm32f1xx_hal_spi.o
HAL_SPI_DeInit                                    build/stm32f1xx_hal_spi.o
HAL_SPI_ErrorCallback                             build/stm32f1xx_hal_spi.o
HAL_SPI_GetError                                  build/stm32f1xx_hal_spi.o
HAL_SPI_GetState                                  build/stm32f1xx_hal_spi.o
HAL_SPI_IRQHandler                                build/stm32f1xx_hal_spi.o
HAL_SPI_Init                                      build/stm32f1xx_hal_spi.o
                                                  build/spi.o
HAL_SPI_MspDeInit                                 build/spi.o
HAL_SPI_MspInit                                   build/spi.o
HAL_SPI_Receive                                   build/stm32f1xx_hal_spi.o
                                                  build/nrf24l01p.o
HAL_SPI_Receive_DMA                               build/stm32f1xx_hal_spi.o
HAL_SPI_Receive_IT                                build/stm32f1xx_hal_spi.o
HAL_SPI_RxCpltCallback                            build/stm32f1xx_hal_spi.o
HAL_SPI_RxHalfCpltCallback                        build/stm32f1xx_hal_spi.o
HAL_SPI_Transmit                                  build/stm32f1xx_hal_spi.o
                                                  build/nrf24l01p.o
                                                  build/adf4351.o
HAL_SPI_TransmitReceive                           build/stm32f1xx_hal_spi.o
HAL_SPI_TransmitReceive_DMA                       build/stm32f1xx_hal_spi.o
HAL_SPI_TransmitReceive_IT                        build/stm32f1xx_hal_spi.o
HAL_SPI_Transmit_DMA                              build/stm32f1xx_hal_spi.o
HAL_SPI_Transmit_IT                               build/stm32f1xx_hal_spi.o
HAL_SPI_TxCpltCallback                            build/stm32f1xx_hal_spi.o
HAL_SPI_TxHalfCpltCallback                        build/stm32f1xx_hal_spi.o
HAL_SPI_TxRxCpltCallback                          build/stm32f1xx_hal_spi.o
HAL_SPI_TxRxHalfCpltCallback                      build/stm32f1xx_hal_spi.o
HAL_SYSTICK_CLKSourceConfig                       build/stm32f1xx_hal_cortex.o
HAL_SYSTICK_Callback                              build/stm32f1xx_hal_cortex.o
HAL_SYSTICK_Config                                build/stm32f1xx_hal_cortex.o
                                                  build/stm32f1xx_hal.o
HAL_SYSTICK_IRQHandler                            build/stm32f1xx_hal_cortex.o
HAL_SetTickFreq                                   build/stm32f1xx_hal.o
HAL_SuspendTick                                   build/stm32f1xx_hal.o
HAL_TIMEx_BreakCallback                           build/stm32f1xx_hal_tim_ex.o
                                                  build/stm32f1xx_hal_tim.o
HAL_TIMEx_CommutCallback                          build/stm32f1xx_hal_tim_ex.o
                                                  build/stm32f1xx_hal_tim.o
HAL_TIMEx_CommutHalfCpltCallback                  build/stm32f1xx_hal_tim_ex.o
HAL_TIMEx_ConfigBreakDeadTime                     build/stm32f1xx_hal_tim_ex.o
HAL_TIMEx_ConfigCommutEvent                       build/stm32f1xx_hal_tim_ex.o
HAL_TIMEx_ConfigCommutEvent_DMA                   build/stm32f1xx_hal_tim_ex.o
HAL_TIMEx_ConfigCommutEvent_IT                    build/stm32f1xx_hal_tim_ex.o
HAL_TIMEx_GetChannelNState                        build/stm32f1xx_hal_tim_ex.o
HAL_TIMEx_HallSensor_DeInit                       build/stm32f1xx_hal_tim_ex.o
HAL_TIMEx_HallSensor_GetState                     build/stm32f1xx_hal_tim_ex.o
HAL_TIMEx_HallSensor_Init                         build/stm32f1xx_hal_tim_ex.o
HAL_TIMEx_HallSensor_MspDeInit                    build/stm32f1xx_hal_tim_ex.o
HAL_TIMEx_HallSensor_MspInit                      build/stm32f1xx_hal_tim_ex.o
HAL_TIMEx_HallSensor_Start                        build/stm32f1xx_hal_tim_ex.o
HAL_TIMEx_HallSensor_Start_DMA                    build/stm32f1xx_hal_tim_ex.o
HAL_TIMEx_HallSensor_Start_IT                     build/stm32f1xx_hal_tim_ex.o
HAL_TIMEx_HallSensor_Stop                         build/stm32f1xx_hal_tim_ex.o
HAL_TIMEx_HallSensor_Stop_DMA                     build/stm32f1xx_hal_tim_ex.o
HAL_TIMEx_HallSensor_Stop_IT                      build/stm32f1xx_hal_tim_ex.o
HAL_TIMEx_MasterConfigSynchronization             build/stm32f1xx_hal_tim_ex.o
                                                  build/tim.o
HAL_TIMEx_OCN_Start                               build/stm32f1xx_hal_tim_ex.o
HAL_TIMEx_OCN_Start_DMA                           build/stm32f1xx_hal_tim_ex.o
HAL_TIMEx_OCN_Start_IT                            build/stm32f1xx_hal_tim_ex.o
HAL_TIMEx_OCN_Stop                                build/stm32f1xx_hal_tim_ex.o
HAL_TIMEx_OCN_Stop_DMA                            build/stm32f1xx_hal_tim_ex.o
HAL_TIMEx_OCN_Stop_IT                             build/stm32f1xx_hal_tim_ex.o
HAL_TIMEx_OnePulseN_Start                         build/stm32f1xx_hal_tim_ex.o
HAL_TIMEx_OnePulseN_Start_IT                      build/stm32f1xx_hal_tim_ex.o
HAL_TIMEx_OnePulseN_Stop                          build/stm32f1xx_hal_tim_ex.o
HAL_TIMEx_OnePulseN_Stop_IT                       build/stm32f1xx_hal_tim_ex.o
HAL_TIMEx_PWMN_Start                              build/stm32f1xx_hal_tim_ex.o
HAL_TIMEx_PWMN_Start_DMA                          build/stm32f1xx_hal_tim_ex.o
HAL_TIMEx_PWMN_Start_IT                           build/stm32f1xx_hal_tim_ex.o
HAL_TIMEx_PWMN_Stop                               build/stm32f1xx_hal_tim_ex.o
HAL_TIMEx_PWMN_Stop_DMA                           build/stm32f1xx_hal_tim_ex.o
HAL_TIMEx_PWMN_Stop_IT                            build/stm32f1xx_hal_tim_ex.o
HAL_TIMEx_RemapConfig                             build/stm32f1xx_hal_tim_ex.o
HAL_TIM_Base_DeInit                               build/stm32f1xx_hal_tim.o
HAL_TIM_Base_GetState                             build/stm32f1xx_hal_tim.o
HAL_TIM_Base_Init                                 build/stm32f1xx_hal_tim.o
                                                  build/tim.o
HAL_TIM_Base_MspDeInit                            build/tim.o
HAL_TIM_Base_MspInit                              build/tim.o
HAL_TIM_Base_Start                                build/stm32f1xx_hal_tim.o
HAL_TIM_Base_Start_DMA                            build/stm32f1xx_hal_tim.o
HAL_TIM_Base_Start_IT                             build/stm32f1xx_hal_tim.o
HAL_TIM_Base_Stop                                 build/stm32f1xx_hal_tim.o
HAL_TIM_Base_Stop_DMA                             build/stm32f1xx_hal_tim.o
HAL_TIM_Base_Stop_IT                              build/stm32f1xx_hal_tim.o
HAL_TIM_ConfigClockSource                         build/stm32f1xx_hal_tim.o
                                                  build/tim.o
HAL_TIM_ConfigOCrefClear                          build/stm32f1xx_hal_tim.o
HAL_TIM_ConfigTI1Input                            build/stm32f1xx_hal_tim.o
HAL_TIM_DMABurstState                             build/stm32f1xx_hal_tim.o
HAL_TIM_DMABurst_MultiReadStart                   build/stm32f1xx_hal_tim.o
HAL_TIM_DMABurst_MultiWriteStart                  build/stm32f1xx_hal_tim.o
HAL_TIM_DMABurst_ReadStart                        build/stm32f1xx_hal_tim.o
HAL_TIM_DMABurst_ReadStop                         build/stm32f1xx_hal_tim.o
HAL_TIM_DMABurst_WriteStart                       build/stm32f1xx_hal_tim.o
HAL_TIM_DMABurst_WriteStop                        build/stm32f1xx_hal_tim.o
HAL_TIM_Encoder_DeInit                            build/stm32f1xx_hal_tim.o
HAL_TIM_Encoder_GetState                          build/stm32f1xx_hal_tim.o
HAL_TIM_Encoder_Init                              build/stm32f1xx_hal_tim.o
HAL_TIM_Encoder_MspDeInit                         build/stm32f1xx_hal_tim.o
HAL_TIM_Encoder_MspInit                           build/stm32f1xx_hal_tim.o
HAL_TIM_Encoder_Start                             build/stm32f1xx_hal_tim.o
HAL_TIM_Encoder_Start_DMA                         build/stm32f1xx_hal_tim.o
HAL_TIM_Encoder_Start_IT                          build/stm32f1xx_hal_tim.o
HAL_TIM_Encoder_Stop                              build/stm32f1xx_hal_tim.o
HAL_TIM_Encoder_Stop_DMA                          build/stm32f1xx_hal_tim.o
HAL_TIM_Encoder_Stop_IT                           build/stm32f1xx_hal_tim.o
HAL_TIM_ErrorCallback                             build/stm32f1xx_hal_tim.o
                                                  build/stm32f1xx_hal_tim_ex.o
HAL_TIM_GenerateEvent                             build/stm32f1xx_hal_tim.o
HAL_TIM_GetActiveChannel                          build/stm32f1xx_hal_tim.o
HAL_TIM_GetChannelState                           build/stm32f1xx_hal_tim.o
HAL_TIM_IC_CaptureCallback                        build/stm32f1xx_hal_tim.o
HAL_TIM_IC_CaptureHalfCpltCallback                build/stm32f1xx_hal_tim.o
HAL_TIM_IC_ConfigChannel                          build/stm32f1xx_hal_tim.o
HAL_TIM_IC_DeInit                                 build/stm32f1xx_hal_tim.o
HAL_TIM_IC_GetState                               build/stm32f1xx_hal_tim.o
HAL_TIM_IC_Init                                   build/stm32f1xx_hal_tim.o
HAL_TIM_IC_MspDeInit                              build/stm32f1xx_hal_tim.o
HAL_TIM_IC_MspInit                                build/stm32f1xx_hal_tim.o
HAL_TIM_IC_Start                                  build/stm32f1xx_hal_tim.o
HAL_TIM_IC_Start_DMA                              build/stm32f1xx_hal_tim.o
HAL_TIM_IC_Start_IT                               build/stm32f1xx_hal_tim.o
HAL_TIM_IC_Stop                                   build/stm32f1xx_hal_tim.o
HAL_TIM_IC_Stop_DMA                               build/stm32f1xx_hal_tim.o
HAL_TIM_IC_Stop_IT                                build/stm32f1xx_hal_tim.o
HAL_TIM_IRQHandler                                build/stm32f1xx_hal_tim.o
                                                  build/stm32f1xx_it.o
HAL_TIM_OC_ConfigChannel                          build/stm32f1xx_hal_tim.o
HAL_TIM_OC_DeInit                                 build/stm32f1xx_hal_tim.o
HAL_TIM_OC_DelayElapsedCallback                   build/stm32f1xx_hal_tim.o
HAL_TIM_OC_GetState                               build/stm32f1xx_hal_tim.o
HAL_TIM_OC_Init                                   build/stm32f1xx_hal_tim.o
HAL_TIM_OC_MspDeInit                              build/stm32f1xx_hal_tim.o
HAL_TIM_OC_MspInit                                build/stm32f1xx_hal_tim.o
HAL_TIM_OC_Start                                  build/stm32f1xx_hal_tim.o
HAL_TIM_OC_Start_DMA                              build/stm32f1xx_hal_tim.o
HAL_TIM_OC_Start_IT                               build/stm32f1xx_hal_tim.o
HAL_TIM_OC_Stop                                   build/stm32f1xx_hal_tim.o
HAL_TIM_OC_Stop_DMA                               build/stm32f1xx_hal_tim.o
HAL_TIM_OC_Stop_IT                                build/stm32f1xx_hal_tim.o
HAL_TIM_OnePulse_ConfigChannel                    build/stm32f1xx_hal_tim.o
HAL_TIM_OnePulse_DeInit                           build/stm32f1xx_hal_tim.o
HAL_TIM_OnePulse_GetState                         build/stm32f1xx_hal_tim.o
HAL_TIM_OnePulse_Init                             build/stm32f1xx_hal_tim.o
HAL_TIM_OnePulse_MspDeInit                        build/stm32f1xx_hal_tim.o
HAL_TIM_OnePulse_MspInit                          build/stm32f1xx_hal_tim.o
HAL_TIM_OnePulse_Start                            build/stm32f1xx_hal_tim.o
HAL_TIM_OnePulse_Start_IT                         build/stm32f1xx_hal_tim.o
HAL_TIM_OnePulse_Stop                             build/stm32f1xx_hal_tim.o
HAL_TIM_OnePulse_Stop_IT                          build/stm32f1xx_hal_tim.o
HAL_TIM_PWM_ConfigChannel                         build/stm32f1xx_hal_tim.o
HAL_TIM_PWM_DeInit                                build/stm32f1xx_hal_tim.o
HAL_TIM_PWM_GetState                              build/stm32f1xx_hal_tim.o
HAL_TIM_PWM_Init                                  build/stm32f1xx_hal_tim.o
HAL_TIM_PWM_MspDeInit                             build/stm32f1xx_hal_tim.o
HAL_TIM_PWM_MspInit                               build/stm32f1xx_hal_tim.o
HAL_TIM_PWM_PulseFinishedCallback                 build/stm32f1xx_hal_tim.o
                                                  build/stm32f1xx_hal_tim_ex.o
HAL_TIM_PWM_PulseFinishedHalfCpltCallback         build/stm32f1xx_hal_tim.o
HAL_TIM_PWM_Start                                 build/stm32f1xx_hal_tim.o
HAL_TIM_PWM_Start_DMA                             build/stm32f1xx_hal_tim.o
HAL_TIM_PWM_Start_IT                              build/stm32f1xx_hal_tim.o
HAL_TIM_PWM_Stop                                  build/stm32f1xx_hal_tim.o
HAL_TIM_PWM_Stop_DMA                              build/stm32f1xx_hal_tim.o
HAL_TIM_PWM_Stop_IT                               build/stm32f1xx_hal_tim.o
HAL_TIM_PeriodElapsedCallback                     build/main.o
HAL_TIM_PeriodElapsedHalfCpltCallback             build/stm32f1xx_hal_tim.o
HAL_TIM_ReadCapturedValue                         build/stm32f1xx_hal_tim.o
HAL_TIM_SlaveConfigSynchro                        build/stm32f1xx_hal_tim.o
HAL_TIM_SlaveConfigSynchro_IT                     build/stm32f1xx_hal_tim.o
HAL_TIM_TriggerCallback                           build/stm32f1xx_hal_tim.o
HAL_TIM_TriggerHalfCpltCallback                   build/stm32f1xx_hal_tim.o
HardFault_Handler                                 build/stm32f1xx_it.o
I2C1_ER_IRQHandler                                build/startup_stm32f103xb.o
I2C1_EV_IRQHandler                                build/startup_stm32f103xb.o
I2C2_ER_IRQHandler                                build/startup_stm32f103xb.o
I2C2_EV_IRQHandler                                build/startup_stm32f103xb.o
MX_CAN_Init                                       build/can.o
                                                  build/main.o
MX_GPIO_Init                                      build/gpio.o
                                                  build/main.o
MX_SPI1_Init                                      build/spi.o
                                                  build/main.o
MX_SPI2_Init                                      build/spi.o
                                                  build/main.o
MX_TIM2_Init                                      build/tim.o
                                                  build/main.o
MemManage_Handler                                 build/stm32f1xx_it.o
NMI_Handler                                       build/stm32f1xx_it.o
PVD_IRQHandler                                    build/startup_stm32f103xb.o
PendSV_Handler                                    build/stm32f1xx_it.o
RCC_IRQHandler                                    build/startup_stm32f103xb.o
RTC_Alarm_IRQHandler                              build/startup_stm32f103xb.o
RTC_IRQHandler                                    build/startup_stm32f103xb.o
Reset_Handler                                     build/startup_stm32f103xb.o
SPI1_IRQHandler                                   build/startup_stm32f103xb.o
SPI2_IRQHandler                                   build/startup_stm32f103xb.o
SPI_Write                                         build/adf4351.o
SPI_assert_CS_LD                                  build/adf4351.o
SPI_deassert_CS_LD                                build/adf4351.o
SVC_Handler                                       build/stm32f1xx_it.o
SysTick_Handler                                   build/stm32f1xx_it.o
SystemClock_Config                                build/main.o
SystemCoreClock                                   build/system_stm32f1xx.o
                                                  build/stm32f1xx_hal_rcc.o
                                                  build/stm32f1xx_hal.o
                                                  build/stm32f1xx_hal_spi.o
SystemCoreClockUpdate                             build/system_stm32f1xx.o
SystemInit                                        build/system_stm32f1xx.o
                                                  build/startup_stm32f103xb.o
TAMPER_IRQHandler                                 build/startup_stm32f103xb.o
TIM1_BRK_IRQHandler                               build/startup_stm32f103xb.o
TIM1_CC_IRQHandler                                build/startup_stm32f103xb.o
TIM1_TRG_COM_IRQHandler                           build/startup_stm32f103xb.o
TIM1_UP_IRQHandler                                build/startup_stm32f103xb.o
TIM2_IRQHandler                                   build/stm32f1xx_it.o
TIM3_IRQHandler                                   build/startup_stm32f103xb.o
TIM4_IRQHandler                                   build/startup_stm32f103xb.o
TIMEx_DMACommutationCplt                          build/stm32f1xx_hal_tim_ex.o
                                                  build/stm32f1xx_hal_tim.o
TIMEx_DMACommutationHalfCplt                      build/stm32f1xx_hal_tim_ex.o
                                                  build/stm32f1xx_hal_tim.o
TIM_Base_SetConfig                                build/stm32f1xx_hal_tim.o
                                                  build/stm32f1xx_hal_tim_ex.o
TIM_CCxChannelCmd                                 build/stm32f1xx_hal_tim.o
                                                  build/stm32f1xx_hal_tim_ex.o
TIM_DMACaptureCplt                                build/stm32f1xx_hal_tim.o
                                                  build/stm32f1xx_hal_tim_ex.o
TIM_DMACaptureHalfCplt                            build/stm32f1xx_hal_tim.o
                                                  build/stm32f1xx_hal_tim_ex.o
TIM_DMADelayPulseHalfCplt                         build/stm32f1xx_hal_tim.o
                                                  build/stm32f1xx_hal_tim_ex.o
TIM_DMAError                                      build/stm32f1xx_hal_tim.o
                                                  build/stm32f1xx_hal_tim_ex.o
TIM_ETR_SetConfig                                 build/stm32f1xx_hal_tim.o
TIM_OC2_SetConfig                                 build/stm32f1xx_hal_tim.o
                                                  build/stm32f1xx_hal_tim_ex.o
TIM_TI1_SetConfig                                 build/stm32f1xx_hal_tim.o
                                                  build/stm32f1xx_hal_tim_ex.o
USART1_IRQHandler                                 build/startup_stm32f103xb.o
USART2_IRQHandler                                 build/startup_stm32f103xb.o
USART3_IRQHandler                                 build/startup_stm32f103xb.o
USBWakeUp_IRQHandler                              build/startup_stm32f103xb.o
USB_HP_CAN1_TX_IRQHandler                         build/startup_stm32f103xb.o
USB_LP_CAN1_RX0_IRQHandler                        build/startup_stm32f103xb.o
UsageFault_Handler                                build/stm32f1xx_it.o
WWDG_IRQHandler                                   build/startup_stm32f103xb.o
_ITM_deregisterTMCloneTable                       /usr/lib/gcc/arm-none-eabi/10.3.1/thumb/v7-m/nofp/crtbegin.o
_ITM_registerTMCloneTable                         /usr/lib/gcc/arm-none-eabi/10.3.1/thumb/v7-m/nofp/crtbegin.o
_Min_Stack_Size                                   build/sysmem.o
__TMC_END__                                       /usr/lib/gcc/arm-none-eabi/10.3.1/thumb/v7-m/nofp/crtend.o
                                                  /usr/lib/gcc/arm-none-eabi/10.3.1/thumb/v7-m/nofp/crtbegin.o
__aeabi_idiv0                                     /usr/lib/gcc/arm-none-eabi/10.3.1/thumb/v7-m/nofp/libgcc.a(_dvmd_tls.o)
__aeabi_ldiv0                                     /usr/lib/gcc/arm-none-eabi/10.3.1/thumb/v7-m/nofp/libgcc.a(_dvmd_tls.o)
                                                  /usr/lib/gcc/arm-none-eabi/10.3.1/thumb/v7-m/nofp/libgcc.a(_aeabi_uldivmod.o)
__aeabi_uldivmod                                  /usr/lib/gcc/arm-none-eabi/10.3.1/thumb/v7-m/nofp/libgcc.a(_aeabi_uldivmod.o)
                                                  build/adf4351.o
__atexit_dummy                                    /usr/lib/gcc/arm-none-eabi/10.3.1/../../../arm-none-eabi/lib/thumb/v7-m/nofp/libc_nano.a(lib_a-__atexit.o)
__bss_end__                                       /usr/lib/gcc/arm-none-eabi/10.3.1/../../../arm-none-eabi/lib/thumb/v7-m/nofp/crt0.o
__bss_start__                                     /usr/lib/gcc/arm-none-eabi/10.3.1/../../../arm-none-eabi/lib/thumb/v7-m/nofp/crt0.o
__call_exitprocs                                  /usr/lib/gcc/arm-none-eabi/10.3.1/../../../arm-none-eabi/lib/thumb/v7-m/nofp/libc_nano.a(lib_a-__call_atexit.o)
                                                  /usr/lib/gcc/arm-none-eabi/10.3.1/../../../arm-none-eabi/lib/thumb/v7-m/nofp/libc_nano.a(lib_a-__atexit.o)
                                                  /usr/lib/gcc/arm-none-eabi/10.3.1/../../../arm-none-eabi/lib/thumb/v7-m/nofp/libc_nano.a(lib_a-exit.o)
__deregister_frame_info                           /usr/lib/gcc/arm-none-eabi/10.3.1/thumb/v7-m/nofp/crtbegin.o
__dso_handle                                      /usr/lib/gcc/arm-none-eabi/10.3.1/thumb/v7-m/nofp/crtbegin.o
__env                                             build/syscalls.o
__errno                                           /usr/lib/gcc/arm-none-eabi/10.3.1/../../../arm-none-eabi/lib/thumb/v7-m/nofp/libc_nano.a(lib_a-errno.o)
                                                  build/syscalls.o
                                                  build/sysmem.o
__fini_array_end                                  /usr/lib/gcc/arm-none-eabi/10.3.1/../../../arm-none-eabi/lib/thumb/v7-m/nofp/libc_nano.a(lib_a-fini.o)
__fini_array_start                                /usr/lib/gcc/arm-none-eabi/10.3.1/../../../arm-none-eabi/lib/thumb/v7-m/nofp/libc_nano.a(lib_a-fini.o)
__init_array_end                                  /usr/lib/gcc/arm-none-eabi/10.3.1/../../../arm-none-eabi/lib/thumb/v7-m/nofp/libc_nano.a(lib_a-init.o)
__init_array_start                                /usr/lib/gcc/arm-none-eabi/10.3.1/../../../arm-none-eabi/lib/thumb/v7-m/nofp/libc_nano.a(lib_a-init.o)
__io_getchar                                      build/syscalls.o
__io_putchar                                      build/syscalls.o
__libc_fini_array                                 /usr/lib/gcc/arm-none-eabi/10.3.1/../../../arm-none-eabi/lib/thumb/v7-m/nofp/libc_nano.a(lib_a-fini.o)
                                                  /usr/lib/gcc/arm-none-eabi/10.3.1/../../../arm-none-eabi/lib/thumb/v7-m/nofp/crt0.o
__libc_init_array                                 /usr/lib/gcc/arm-none-eabi/10.3.1/../../../arm-none-eabi/lib/thumb/v7-m/nofp/libc_nano.a(lib_a-init.o)
                                                  build/startup_stm32f103xb.o
                                                  /usr/lib/gcc/arm-none-eabi/10.3.1/../../../arm-none-eabi/lib/thumb/v7-m/nofp/crt0.o
__on_exit_args                                    /usr/lib/gcc/arm-none-eabi/10.3.1/../../../arm-none-eabi/lib/thumb/v7-m/nofp/libc_nano.a(lib_a-__atexit.o)
__preinit_array_end                               /usr/lib/gcc/arm-none-eabi/10.3.1/../../../arm-none-eabi/lib/thumb/v7-m/nofp/libc_nano.a(lib_a-init.o)
__preinit_array_start                             /usr/lib/gcc/arm-none-eabi/10.3.1/../../../arm-none-eabi/lib/thumb/v7-m/nofp/libc_nano.a(lib_a-init.o)
__register_exitproc                               /usr/lib/gcc/arm-none-eabi/10.3.1/../../../arm-none-eabi/lib/thumb/v7-m/nofp/libc_nano.a(lib_a-__atexit.o)
                                                  /usr/lib/gcc/arm-none-eabi/10.3.1/../../../arm-none-eabi/lib/thumb/v7-m/nofp/libc_nano.a(lib_a-atexit.o)
__register_frame_info                             /usr/lib/gcc/arm-none-eabi/10.3.1/thumb/v7-m/nofp/crtbegin.o
__sf_fake_stderr                                  /usr/lib/gcc/arm-none-eabi/10.3.1/../../../arm-none-eabi/lib/thumb/v7-m/nofp/libc_nano.a(lib_a-impure.o)
__sf_fake_stdin                                   /usr/lib/gcc/arm-none-eabi/10.3.1/../../../arm-none-eabi/lib/thumb/v7-m/nofp/libc_nano.a(lib_a-impure.o)
__sf_fake_stdout                                  /usr/lib/gcc/arm-none-eabi/10.3.1/../../../arm-none-eabi/lib/thumb/v7-m/nofp/libc_nano.a(lib_a-impure.o)
__stack                                           /usr/lib/gcc/arm-none-eabi/10.3.1/../../../arm-none-eabi/lib/thumb/v7-m/nofp/crt0.o
__udivmoddi4                                      /usr/lib/gcc/arm-none-eabi/10.3.1/thumb/v7-m/nofp/libgcc.a(_udivmoddi4.o)
                                                  /usr/lib/gcc/arm-none-eabi/10.3.1/thumb/v7-m/nofp/libgcc.a(_aeabi_uldivmod.o)
_close                                            build/syscalls.o
_ebss                                             build/startup_stm32f103xb.o
_edata                                            build/startup_stm32f103xb.o
_end                                              build/sysmem.o
_estack                                           build/startup_stm32f103xb.o
                                                  build/sysmem.o
_execve                                           build/syscalls.o
_exit                                             build/syscalls.o
                                                  /usr/lib/gcc/arm-none-eabi/10.3.1/../../../arm-none-eabi/lib/thumb/v7-m/nofp/libc_nano.a(lib_a-exit.o)
_fini                                             /usr/lib/gcc/arm-none-eabi/10.3.1/thumb/v7-m/nofp/crti.o
                                                  /usr/lib/gcc/arm-none-eabi/10.3.1/../../../arm-none-eabi/lib/thumb/v7-m/nofp/libc_nano.a(lib_a-fini.o)
_fork                                             build/syscalls.o
_fstat                                            build/syscalls.o
_getpid                                           build/syscalls.o
_global_atexit                                    /usr/lib/gcc/arm-none-eabi/10.3.1/../../../arm-none-eabi/lib/thumb/v7-m/nofp/libc_nano.a(lib_a-__call_atexit.o)
                                                  /usr/lib/gcc/arm-none-eabi/10.3.1/../../../arm-none-eabi/lib/thumb/v7-m/nofp/libc_nano.a(lib_a-__atexit.o)
_global_impure_ptr                                /usr/lib/gcc/arm-none-eabi/10.3.1/../../../arm-none-eabi/lib/thumb/v7-m/nofp/libc_nano.a(lib_a-impure.o)
                                                  /usr/lib/gcc/arm-none-eabi/10.3.1/../../../arm-none-eabi/lib/thumb/v7-m/nofp/libc_nano.a(lib_a-exit.o)
_impure_ptr                                       /usr/lib/gcc/arm-none-eabi/10.3.1/../../../arm-none-eabi/lib/thumb/v7-m/nofp/libc_nano.a(lib_a-impure.o)
                                                  /usr/lib/gcc/arm-none-eabi/10.3.1/../../../arm-none-eabi/lib/thumb/v7-m/nofp/libc_nano.a(lib_a-errno.o)
_init                                             /usr/lib/gcc/arm-none-eabi/10.3.1/thumb/v7-m/nofp/crti.o
                                                  /usr/lib/gcc/arm-none-eabi/10.3.1/../../../arm-none-eabi/lib/thumb/v7-m/nofp/libc_nano.a(lib_a-init.o)
_isatty                                           build/syscalls.o
_kill                                             build/syscalls.o
_link                                             build/syscalls.o
_lseek                                            build/syscalls.o
_mainCRTStartup                                   /usr/lib/gcc/arm-none-eabi/10.3.1/../../../arm-none-eabi/lib/thumb/v7-m/nofp/crt0.o
_open                                             build/syscalls.o
_read                                             build/syscalls.o
_sbrk                                             build/sysmem.o
_sbss                                             build/startup_stm32f103xb.o
_sdata                                            build/startup_stm32f103xb.o
_sidata                                           build/startup_stm32f103xb.o
_stack_init                                       /usr/lib/gcc/arm-none-eabi/10.3.1/../../../arm-none-eabi/lib/thumb/v7-m/nofp/crt0.o
_start                                            /usr/lib/gcc/arm-none-eabi/10.3.1/../../../arm-none-eabi/lib/thumb/v7-m/nofp/crt0.o
_stat                                             build/syscalls.o
_times                                            build/syscalls.o
_unlink                                           build/syscalls.o
_wait                                             build/syscalls.o
_write                                            build/syscalls.o
adf4350_out_altvoltage0_frequency                 build/adf4351.o
                                                  build/main.o
adf4350_out_altvoltage0_frequency_resolution      build/adf4351.o
adf4350_out_altvoltage0_powerdown                 build/adf4351.o
                                                  build/main.o
adf4350_out_altvoltage0_refin_frequency           build/adf4351.o
adf4350_set_freq                                  build/adf4351.o